
There are no discarded input sections

Memory Configuration

Name             Origin             Length             Attributes
flash            0x08000000         0x00020000         xr
sram             0x20000000         0x00005000         xrw
*default*        0x00000000         0xffffffff

Linker script and memory map


.text           0x08000000      0x134
 *(.vectors*)
 .vectors       0x08000000       0x1c startup.o
                0x08000000                vectors
 *(.text*)
 .text          0x0800001c       0x88 main.o
                0x0800001c                H_Fault_Handler
                0x08000028                main
 .text          0x080000a4       0x90 startup.o
                0x080000a4                MM_Fault_Handler
                0x080000a4                Bus_Handler
                0x080000a4                Default_Handler
                0x080000a4                Usage_Fault_Handler
                0x080000a4                NMI_Handler
                0x080000b0                Reset_Handler
 *(.rodata)
                0x08000134                        E_text = .

.glue_7         0x08000134        0x0
 .glue_7        0x08000134        0x0 linker stubs

.glue_7t        0x08000134        0x0
 .glue_7t       0x08000134        0x0 linker stubs

.vfp11_veneer   0x08000134        0x0
 .vfp11_veneer  0x08000134        0x0 linker stubs

.v4_bx          0x08000134        0x0
 .v4_bx         0x08000134        0x0 linker stubs

.iplt           0x08000134        0x0
 .iplt          0x08000134        0x0 main.o

.rel.dyn        0x08000134        0x0
 .rel.iplt      0x08000134        0x0 main.o

.data           0x20000000        0x4 load address 0x08000134
                0x20000000                        _S_Data = .
 *(.data)
 .data          0x20000000        0x4 main.o
                0x20000000                ODR_R
 .data          0x20000004        0x0 startup.o
                0x20000004                        _E_Data = .

.igot.plt       0x20000004        0x0 load address 0x08000138
 .igot.plt      0x20000004        0x0 main.o

.bss            0x20000004     0x1004 load address 0x08000138
                0x20000004                        _S_bss = .
 *(.bss)
 .bss           0x20000004        0x3 main.o
                0x20000004                bss_var
 .bss           0x20000007        0x0 startup.o
                0x20000008                        . = ALIGN (0x4)
 *fill*         0x20000007        0x1 
                0x20000008                        _E_bss = .
                0x20000008                        . = ALIGN (0x4)
                0x20001008                        . = (. + 0x1000)
 *fill*         0x20000008     0x1000 
                0x20001008                        _stack_top = .
LOAD main.o
LOAD startup.o
OUTPUT(Learn-in-depth_cortex-m3.elf elf32-littlearm)
LOAD linker stubs

.debug_info     0x00000000      0x336
 .debug_info    0x00000000      0x182 main.o
 .debug_info    0x00000182      0x1b4 startup.o

.debug_abbrev   0x00000000      0x218
 .debug_abbrev  0x00000000      0x11c main.o
 .debug_abbrev  0x0000011c       0xfc startup.o

.debug_loc      0x00000000       0xf8
 .debug_loc     0x00000000       0x7c main.o
 .debug_loc     0x0000007c       0x7c startup.o

.debug_aranges  0x00000000       0x40
 .debug_aranges
                0x00000000       0x20 main.o
 .debug_aranges
                0x00000020       0x20 startup.o

.debug_line     0x00000000      0x1ab
 .debug_line    0x00000000       0x85 main.o
 .debug_line    0x00000085      0x126 startup.o

.debug_str      0x00000000      0x1d4
 .debug_str     0x00000000      0x1d4 main.o
                                0x17e (size before relaxing)
 .debug_str     0x000001d4      0x1be startup.o

.comment        0x00000000       0x44
 .comment       0x00000000       0x44 main.o
                                 0x45 (size before relaxing)
 .comment       0x00000044       0x45 startup.o

.ARM.attributes
                0x00000000       0x2d
 .ARM.attributes
                0x00000000       0x2d main.o
 .ARM.attributes
                0x0000002d       0x2d startup.o

.debug_frame    0x00000000       0x9c
 .debug_frame   0x00000000       0x4c main.o
 .debug_frame   0x0000004c       0x50 startup.o
