stm32_f103c6_EXTI_driver.c:40:6:Enable_NVIC	16	static
stm32_f103c6_EXTI_driver.c:84:6:Disable_NVIC	16	static
stm32_f103c6_EXTI_driver.c:129:6:Update_EXTI	24	static
stm32_f103c6_EXTI_driver.c:199:6:MCAL_EXTI_GPIO_DeInit	4	static
stm32_f103c6_EXTI_driver.c:229:6:MCAL_EXTI_GPIO_Init	16	static
stm32_f103c6_EXTI_driver.c:243:6:MCAL_EXTI_GPIO_Update	16	static
stm32_f103c6_EXTI_driver.c:253:6:EXTI0_IRQHandler	8	static
stm32_f103c6_EXTI_driver.c:261:6:EXTI1_IRQHandler	8	static
stm32_f103c6_EXTI_driver.c:269:6:EXTI2_IRQHandler	8	static
stm32_f103c6_EXTI_driver.c:277:6:EXTI3_IRQHandler	8	static
stm32_f103c6_EXTI_driver.c:285:6:EXTI4_IRQHandler	8	static
stm32_f103c6_EXTI_driver.c:294:6:EXTI9_5_IRQHandler	8	static
stm32_f103c6_EXTI_driver.c:304:6:EXTI15_10_IRQHandler	8	static
