08:06:11 **** Incremental Build of configuration Debug for project lab1unit6lesson4 ****
make -j8 all 
arm-none-eabi-gcc -gdwarf-2 -mcpu=cortex-m3 -g3 -c -x assembler-with-cpp -MMD -MP -MF"Startup/startup_stm32f103c6tx.d" -MT"Startup/startup_stm32f103c6tx.o" --specs=nano.specs -mfloat-abi=soft -mthumb -o "Startup/startup_stm32f103c6tx.o" "../Startup/startup_stm32f103c6tx.s"
arm-none-eabi-gcc "../Src/main.c" -mcpu=cortex-m3 -std=gnu11 -g3 -DSTM32 -DSTM32F1 -DSTM32F103C6Tx -DDEBUG -c -I../Inc -O0 -ffunction-sections -fdata-sections -Wall -fstack-usage -MMD -MP -MF"Src/main.d" -MT"Src/main.o" --specs=nano.specs -mfloat-abi=soft -mthumb -o "Src/main.o"
arm-none-eabi-gcc "../Src/syscalls.c" -mcpu=cortex-m3 -std=gnu11 -g3 -DSTM32 -DSTM32F1 -DSTM32F103C6Tx -DDEBUG -c -I../Inc -O0 -ffunction-sections -fdata-sections -Wall -fstack-usage -MMD -MP -MF"Src/syscalls.d" -MT"Src/syscalls.o" --specs=nano.specs -mfloat-abi=soft -mthumb -o "Src/syscalls.o"
arm-none-eabi-gcc "../Src/sysmem.c" -mcpu=cortex-m3 -std=gnu11 -g3 -DSTM32 -DSTM32F1 -DSTM32F103C6Tx -DDEBUG -c -I../Inc -O0 -ffunction-sections -fdata-sections -Wall -fstack-usage -MMD -MP -MF"Src/sysmem.d" -MT"Src/sysmem.o" --specs=nano.specs -mfloat-abi=soft -mthumb -o "Src/sysmem.o"
arm-none-eabi-gcc -gdwarf-2 -o "lab1unit6lesson4.elf" @"objects.list"   -mcpu=cortex-m3 -T"D:\full_diploma\ES_Online_Diploma_KS\second-term\unit6\MCU_FUNDAMENTALS\lesson4\lab1\stmlab\lab1unit6lesson4\STM32F103C6TX_FLASH.ld" --specs=nosys.specs -Wl,-Map="lab1unit6lesson4.map" -Wl,--gc-sections -static --specs=nano.specs -mfloat-abi=soft -mthumb -Wl,--start-group -lc -lm -Wl,--end-group
Finished building target: lab1unit6lesson4.elf
 
arm-none-eabi-size   lab1unit6lesson4.elf 
arm-none-eabi-objdump -h -S  lab1unit6lesson4.elf  > "lab1unit6lesson4.list"
arm-none-eabi-objcopy  -O binary  lab1unit6lesson4.elf  "lab1unit6lesson4.bin"
   text	   data	    bss	    dec	    hex	filename
    760	      8	   1568	   2336	    920	lab1unit6lesson4.elf
Finished building: default.size.stdout
 
Finished building: lab1unit6lesson4.bin
Finished building: lab1unit6lesson4.list
 
 
