Archive member included to satisfy reference by file (symbol)

d:/c/programs/st/stm32cubeide_1.4.0/stm32cubeide/plugins/com.st.stm32cube.ide.mcu.externaltools.gnu-tools-for-stm32.7-2018-q2-update.win32_1.4.0.202007081208/tools/bin/../lib/gcc/arm-none-eabi/7.3.1/../../../../arm-none-eabi/lib/thumb/v7-m\libc_nano.a(lib_a-exit.o)
                              d:/c/programs/st/stm32cubeide_1.4.0/stm32cubeide/plugins/com.st.stm32cube.ide.mcu.externaltools.gnu-tools-for-stm32.7-2018-q2-update.win32_1.4.0.202007081208/tools/bin/../lib/gcc/arm-none-eabi/7.3.1/../../../../arm-none-eabi/lib/thumb/v7-m/crt0.o (exit)
d:/c/programs/st/stm32cubeide_1.4.0/stm32cubeide/plugins/com.st.stm32cube.ide.mcu.externaltools.gnu-tools-for-stm32.7-2018-q2-update.win32_1.4.0.202007081208/tools/bin/../lib/gcc/arm-none-eabi/7.3.1/../../../../arm-none-eabi/lib/thumb/v7-m\libc_nano.a(lib_a-impure.o)
                              d:/c/programs/st/stm32cubeide_1.4.0/stm32cubeide/plugins/com.st.stm32cube.ide.mcu.externaltools.gnu-tools-for-stm32.7-2018-q2-update.win32_1.4.0.202007081208/tools/bin/../lib/gcc/arm-none-eabi/7.3.1/../../../../arm-none-eabi/lib/thumb/v7-m\libc_nano.a(lib_a-exit.o) (_global_impure_ptr)
d:/c/programs/st/stm32cubeide_1.4.0/stm32cubeide/plugins/com.st.stm32cube.ide.mcu.externaltools.gnu-tools-for-stm32.7-2018-q2-update.win32_1.4.0.202007081208/tools/bin/../lib/gcc/arm-none-eabi/7.3.1/../../../../arm-none-eabi/lib/thumb/v7-m\libc_nano.a(lib_a-init.o)
                              d:/c/programs/st/stm32cubeide_1.4.0/stm32cubeide/plugins/com.st.stm32cube.ide.mcu.externaltools.gnu-tools-for-stm32.7-2018-q2-update.win32_1.4.0.202007081208/tools/bin/../lib/gcc/arm-none-eabi/7.3.1/../../../../arm-none-eabi/lib/thumb/v7-m/crt0.o (__libc_init_array)
d:/c/programs/st/stm32cubeide_1.4.0/stm32cubeide/plugins/com.st.stm32cube.ide.mcu.externaltools.gnu-tools-for-stm32.7-2018-q2-update.win32_1.4.0.202007081208/tools/bin/../lib/gcc/arm-none-eabi/7.3.1/../../../../arm-none-eabi/lib/thumb/v7-m\libc_nano.a(lib_a-memset.o)
                              d:/c/programs/st/stm32cubeide_1.4.0/stm32cubeide/plugins/com.st.stm32cube.ide.mcu.externaltools.gnu-tools-for-stm32.7-2018-q2-update.win32_1.4.0.202007081208/tools/bin/../lib/gcc/arm-none-eabi/7.3.1/../../../../arm-none-eabi/lib/thumb/v7-m/crt0.o (memset)
d:/c/programs/st/stm32cubeide_1.4.0/stm32cubeide/plugins/com.st.stm32cube.ide.mcu.externaltools.gnu-tools-for-stm32.7-2018-q2-update.win32_1.4.0.202007081208/tools/bin/../lib/gcc/arm-none-eabi/7.3.1/../../../../arm-none-eabi/lib/thumb/v7-m\libnosys.a(_exit.o)
                              d:/c/programs/st/stm32cubeide_1.4.0/stm32cubeide/plugins/com.st.stm32cube.ide.mcu.externaltools.gnu-tools-for-stm32.7-2018-q2-update.win32_1.4.0.202007081208/tools/bin/../lib/gcc/arm-none-eabi/7.3.1/../../../../arm-none-eabi/lib/thumb/v7-m\libc_nano.a(lib_a-exit.o) (_exit)

Allocating common symbols
Common symbol       size              file

AC_state_id         0x1               Src/main.o
AM_state_id         0x1               Src/main.o
ps_state            0x4               Src/PS_driver.o
AC_state            0x4               Src/AC_driver.o
AM_state            0x4               Src/alarm_monitor.o
mainALG_state_id    0x1               Src/main.o
PS_state_id         0x1               Src/main.o
mainALG_state       0x4               Src/main_algorithm.o

Discarded input sections

 .text          0x0000000000000000        0x0 d:/c/programs/st/stm32cubeide_1.4.0/stm32cubeide/plugins/com.st.stm32cube.ide.mcu.externaltools.gnu-tools-for-stm32.7-2018-q2-update.win32_1.4.0.202007081208/tools/bin/../lib/gcc/arm-none-eabi/7.3.1/thumb/v7-m/crti.o
 .data          0x0000000000000000        0x0 d:/c/programs/st/stm32cubeide_1.4.0/stm32cubeide/plugins/com.st.stm32cube.ide.mcu.externaltools.gnu-tools-for-stm32.7-2018-q2-update.win32_1.4.0.202007081208/tools/bin/../lib/gcc/arm-none-eabi/7.3.1/thumb/v7-m/crti.o
 .bss           0x0000000000000000        0x0 d:/c/programs/st/stm32cubeide_1.4.0/stm32cubeide/plugins/com.st.stm32cube.ide.mcu.externaltools.gnu-tools-for-stm32.7-2018-q2-update.win32_1.4.0.202007081208/tools/bin/../lib/gcc/arm-none-eabi/7.3.1/thumb/v7-m/crti.o
 .data          0x0000000000000000        0x4 d:/c/programs/st/stm32cubeide_1.4.0/stm32cubeide/plugins/com.st.stm32cube.ide.mcu.externaltools.gnu-tools-for-stm32.7-2018-q2-update.win32_1.4.0.202007081208/tools/bin/../lib/gcc/arm-none-eabi/7.3.1/thumb/v7-m/crtbegin.o
 .text          0x0000000000000000       0x74 d:/c/programs/st/stm32cubeide_1.4.0/stm32cubeide/plugins/com.st.stm32cube.ide.mcu.externaltools.gnu-tools-for-stm32.7-2018-q2-update.win32_1.4.0.202007081208/tools/bin/../lib/gcc/arm-none-eabi/7.3.1/../../../../arm-none-eabi/lib/thumb/v7-m/crt0.o
 .data          0x0000000000000000        0x0 d:/c/programs/st/stm32cubeide_1.4.0/stm32cubeide/plugins/com.st.stm32cube.ide.mcu.externaltools.gnu-tools-for-stm32.7-2018-q2-update.win32_1.4.0.202007081208/tools/bin/../lib/gcc/arm-none-eabi/7.3.1/../../../../arm-none-eabi/lib/thumb/v7-m/crt0.o
 .bss           0x0000000000000000        0x0 d:/c/programs/st/stm32cubeide_1.4.0/stm32cubeide/plugins/com.st.stm32cube.ide.mcu.externaltools.gnu-tools-for-stm32.7-2018-q2-update.win32_1.4.0.202007081208/tools/bin/../lib/gcc/arm-none-eabi/7.3.1/../../../../arm-none-eabi/lib/thumb/v7-m/crt0.o
 .ARM.extab     0x0000000000000000        0x0 d:/c/programs/st/stm32cubeide_1.4.0/stm32cubeide/plugins/com.st.stm32cube.ide.mcu.externaltools.gnu-tools-for-stm32.7-2018-q2-update.win32_1.4.0.202007081208/tools/bin/../lib/gcc/arm-none-eabi/7.3.1/../../../../arm-none-eabi/lib/thumb/v7-m/crt0.o
 .ARM.exidx     0x0000000000000000        0x8 d:/c/programs/st/stm32cubeide_1.4.0/stm32cubeide/plugins/com.st.stm32cube.ide.mcu.externaltools.gnu-tools-for-stm32.7-2018-q2-update.win32_1.4.0.202007081208/tools/bin/../lib/gcc/arm-none-eabi/7.3.1/../../../../arm-none-eabi/lib/thumb/v7-m/crt0.o
 .ARM.attributes
                0x0000000000000000       0x1b d:/c/programs/st/stm32cubeide_1.4.0/stm32cubeide/plugins/com.st.stm32cube.ide.mcu.externaltools.gnu-tools-for-stm32.7-2018-q2-update.win32_1.4.0.202007081208/tools/bin/../lib/gcc/arm-none-eabi/7.3.1/../../../../arm-none-eabi/lib/thumb/v7-m/crt0.o
 .group         0x0000000000000000        0xc Src/AC_driver.o
 .group         0x0000000000000000        0xc Src/AC_driver.o
 .group         0x0000000000000000        0xc Src/AC_driver.o
 .group         0x0000000000000000        0xc Src/AC_driver.o
 .group         0x0000000000000000        0xc Src/AC_driver.o
 .group         0x0000000000000000        0xc Src/AC_driver.o
 .group         0x0000000000000000        0xc Src/AC_driver.o
 .group         0x0000000000000000        0xc Src/AC_driver.o
 .group         0x0000000000000000        0xc Src/AC_driver.o
 .group         0x0000000000000000        0xc Src/AC_driver.o
 .group         0x0000000000000000        0xc Src/AC_driver.o
 .group         0x0000000000000000        0xc Src/AC_driver.o
 .group         0x0000000000000000        0xc Src/AC_driver.o
 .group         0x0000000000000000        0xc Src/AC_driver.o
 .group         0x0000000000000000        0xc Src/AC_driver.o
 .group         0x0000000000000000        0xc Src/AC_driver.o
 .group         0x0000000000000000        0xc Src/AC_driver.o
 .group         0x0000000000000000        0xc Src/AC_driver.o
 .group         0x0000000000000000        0xc Src/AC_driver.o
 .group         0x0000000000000000        0xc Src/AC_driver.o
 .group         0x0000000000000000        0xc Src/AC_driver.o
 .group         0x0000000000000000        0xc Src/AC_driver.o
 .group         0x0000000000000000        0xc Src/AC_driver.o
 .group         0x0000000000000000        0xc Src/AC_driver.o
 .group         0x0000000000000000        0xc Src/AC_driver.o
 .group         0x0000000000000000        0xc Src/AC_driver.o
 .group         0x0000000000000000        0xc Src/AC_driver.o
 .group         0x0000000000000000        0xc Src/AC_driver.o
 .group         0x0000000000000000        0xc Src/AC_driver.o
 .group         0x0000000000000000        0xc Src/AC_driver.o
 .group         0x0000000000000000        0xc Src/AC_driver.o
 .group         0x0000000000000000        0xc Src/AC_driver.o
 .group         0x0000000000000000        0xc Src/AC_driver.o
 .group         0x0000000000000000        0xc Src/AC_driver.o
 .group         0x0000000000000000        0xc Src/AC_driver.o
 .group         0x0000000000000000        0xc Src/AC_driver.o
 .group         0x0000000000000000        0xc Src/AC_driver.o
 .group         0x0000000000000000        0xc Src/AC_driver.o
 .text          0x0000000000000000        0x0 Src/AC_driver.o
 .data          0x0000000000000000        0x0 Src/AC_driver.o
 .bss           0x0000000000000000        0x0 Src/AC_driver.o
 .group         0x0000000000000000        0xc Src/PS_driver.o
 .group         0x0000000000000000        0xc Src/PS_driver.o
 .group         0x0000000000000000        0xc Src/PS_driver.o
 .group         0x0000000000000000        0xc Src/PS_driver.o
 .group         0x0000000000000000        0xc Src/PS_driver.o
 .group         0x0000000000000000        0xc Src/PS_driver.o
 .group         0x0000000000000000        0xc Src/PS_driver.o
 .group         0x0000000000000000        0xc Src/PS_driver.o
 .group         0x0000000000000000        0xc Src/PS_driver.o
 .group         0x0000000000000000        0xc Src/PS_driver.o
 .group         0x0000000000000000        0xc Src/PS_driver.o
 .group         0x0000000000000000        0xc Src/PS_driver.o
 .group         0x0000000000000000        0xc Src/PS_driver.o
 .group         0x0000000000000000        0xc Src/PS_driver.o
 .group         0x0000000000000000        0xc Src/PS_driver.o
 .group         0x0000000000000000        0xc Src/PS_driver.o
 .group         0x0000000000000000        0xc Src/PS_driver.o
 .group         0x0000000000000000        0xc Src/PS_driver.o
 .group         0x0000000000000000        0xc Src/PS_driver.o
 .group         0x0000000000000000        0xc Src/PS_driver.o
 .group         0x0000000000000000        0xc Src/PS_driver.o
 .group         0x0000000000000000        0xc Src/PS_driver.o
 .group         0x0000000000000000        0xc Src/PS_driver.o
 .group         0x0000000000000000        0xc Src/PS_driver.o
 .group         0x0000000000000000        0xc Src/PS_driver.o
 .group         0x0000000000000000        0xc Src/PS_driver.o
 .group         0x0000000000000000        0xc Src/PS_driver.o
 .group         0x0000000000000000        0xc Src/PS_driver.o
 .group         0x0000000000000000        0xc Src/PS_driver.o
 .group         0x0000000000000000        0xc Src/PS_driver.o
 .group         0x0000000000000000        0xc Src/PS_driver.o
 .group         0x0000000000000000        0xc Src/PS_driver.o
 .group         0x0000000000000000        0xc Src/PS_driver.o
 .group         0x0000000000000000        0xc Src/PS_driver.o
 .group         0x0000000000000000        0xc Src/PS_driver.o
 .group         0x0000000000000000        0xc Src/PS_driver.o
 .group         0x0000000000000000        0xc Src/PS_driver.o
 .group         0x0000000000000000        0xc Src/PS_driver.o
 .text          0x0000000000000000        0x0 Src/PS_driver.o
 .data          0x0000000000000000        0x0 Src/PS_driver.o
 .bss           0x0000000000000000        0x0 Src/PS_driver.o
 .debug_macro   0x0000000000000000      0xa60 Src/PS_driver.o
 .debug_macro   0x0000000000000000       0x22 Src/PS_driver.o
 .debug_macro   0x0000000000000000       0x40 Src/PS_driver.o
 .debug_macro   0x0000000000000000       0x18 Src/PS_driver.o
 .debug_macro   0x0000000000000000       0x94 Src/PS_driver.o
 .debug_macro   0x0000000000000000       0x3c Src/PS_driver.o
 .debug_macro   0x0000000000000000       0x34 Src/PS_driver.o
 .debug_macro   0x0000000000000000       0x16 Src/PS_driver.o
 .debug_macro   0x0000000000000000       0x57 Src/PS_driver.o
 .debug_macro   0x0000000000000000       0x97 Src/PS_driver.o
 .debug_macro   0x0000000000000000      0x330 Src/PS_driver.o
 .debug_macro   0x0000000000000000       0xfd Src/PS_driver.o
 .debug_macro   0x0000000000000000       0x10 Src/PS_driver.o
 .debug_macro   0x0000000000000000       0x52 Src/PS_driver.o
 .debug_macro   0x0000000000000000       0x1f Src/PS_driver.o
 .debug_macro   0x0000000000000000       0x43 Src/PS_driver.o
 .debug_macro   0x0000000000000000       0x20 Src/PS_driver.o
 .debug_macro   0x0000000000000000      0x1a3 Src/PS_driver.o
 .debug_macro   0x0000000000000000       0x10 Src/PS_driver.o
 .debug_macro   0x0000000000000000       0x6a Src/PS_driver.o
 .debug_macro   0x0000000000000000       0x1c Src/PS_driver.o
 .debug_macro   0x0000000000000000       0x52 Src/PS_driver.o
 .debug_macro   0x0000000000000000       0x40 Src/PS_driver.o
 .debug_macro   0x0000000000000000       0x10 Src/PS_driver.o
 .debug_macro   0x0000000000000000       0x40 Src/PS_driver.o
 .debug_macro   0x0000000000000000       0xd7 Src/PS_driver.o
 .debug_macro   0x0000000000000000       0x1c Src/PS_driver.o
 .debug_macro   0x0000000000000000       0x3d Src/PS_driver.o
 .debug_macro   0x0000000000000000       0x16 Src/PS_driver.o
 .debug_macro   0x0000000000000000      0x145 Src/PS_driver.o
 .debug_macro   0x0000000000000000       0x16 Src/PS_driver.o
 .debug_macro   0x0000000000000000       0x35 Src/PS_driver.o
 .debug_macro   0x0000000000000000       0x16 Src/PS_driver.o
 .debug_macro   0x0000000000000000       0x29 Src/PS_driver.o
 .debug_macro   0x0000000000000000       0xef Src/PS_driver.o
 .debug_macro   0x0000000000000000      0x1df Src/PS_driver.o
 .debug_macro   0x0000000000000000       0x1c Src/PS_driver.o
 .debug_macro   0x0000000000000000       0x46 Src/PS_driver.o
 .group         0x0000000000000000        0xc Src/alarm_monitor.o
 .group         0x0000000000000000        0xc Src/alarm_monitor.o
 .group         0x0000000000000000        0xc Src/alarm_monitor.o
 .group         0x0000000000000000        0xc Src/alarm_monitor.o
 .group         0x0000000000000000        0xc Src/alarm_monitor.o
 .group         0x0000000000000000        0xc Src/alarm_monitor.o
 .group         0x0000000000000000        0xc Src/alarm_monitor.o
 .group         0x0000000000000000        0xc Src/alarm_monitor.o
 .group         0x0000000000000000        0xc Src/alarm_monitor.o
 .group         0x0000000000000000        0xc Src/alarm_monitor.o
 .group         0x0000000000000000        0xc Src/alarm_monitor.o
 .group         0x0000000000000000        0xc Src/alarm_monitor.o
 .group         0x0000000000000000        0xc Src/alarm_monitor.o
 .group         0x0000000000000000        0xc Src/alarm_monitor.o
 .group         0x0000000000000000        0xc Src/alarm_monitor.o
 .group         0x0000000000000000        0xc Src/alarm_monitor.o
 .group         0x0000000000000000        0xc Src/alarm_monitor.o
 .group         0x0000000000000000        0xc Src/alarm_monitor.o
 .group         0x0000000000000000        0xc Src/alarm_monitor.o
 .group         0x0000000000000000        0xc Src/alarm_monitor.o
 .group         0x0000000000000000        0xc Src/alarm_monitor.o
 .group         0x0000000000000000        0xc Src/alarm_monitor.o
 .group         0x0000000000000000        0xc Src/alarm_monitor.o
 .group         0x0000000000000000        0xc Src/alarm_monitor.o
 .group         0x0000000000000000        0xc Src/alarm_monitor.o
 .group         0x0000000000000000        0xc Src/alarm_monitor.o
 .group         0x0000000000000000        0xc Src/alarm_monitor.o
 .group         0x0000000000000000        0xc Src/alarm_monitor.o
 .group         0x0000000000000000        0xc Src/alarm_monitor.o
 .group         0x0000000000000000        0xc Src/alarm_monitor.o
 .group         0x0000000000000000        0xc Src/alarm_monitor.o
 .group         0x0000000000000000        0xc Src/alarm_monitor.o
 .group         0x0000000000000000        0xc Src/alarm_monitor.o
 .group         0x0000000000000000        0xc Src/alarm_monitor.o
 .group         0x0000000000000000        0xc Src/alarm_monitor.o
 .group         0x0000000000000000        0xc Src/alarm_monitor.o
 .group         0x0000000000000000        0xc Src/alarm_monitor.o
 .group         0x0000000000000000        0xc Src/alarm_monitor.o
 .text          0x0000000000000000        0x0 Src/alarm_monitor.o
 .data          0x0000000000000000        0x0 Src/alarm_monitor.o
 .bss           0x0000000000000000        0x0 Src/alarm_monitor.o
 .debug_macro   0x0000000000000000      0xa60 Src/alarm_monitor.o
 .debug_macro   0x0000000000000000       0x22 Src/alarm_monitor.o
 .debug_macro   0x0000000000000000       0x40 Src/alarm_monitor.o
 .debug_macro   0x0000000000000000       0x18 Src/alarm_monitor.o
 .debug_macro   0x0000000000000000       0x94 Src/alarm_monitor.o
 .debug_macro   0x0000000000000000       0x3c Src/alarm_monitor.o
 .debug_macro   0x0000000000000000       0x34 Src/alarm_monitor.o
 .debug_macro   0x0000000000000000       0x16 Src/alarm_monitor.o
 .debug_macro   0x0000000000000000       0x57 Src/alarm_monitor.o
 .debug_macro   0x0000000000000000       0x97 Src/alarm_monitor.o
 .debug_macro   0x0000000000000000      0x330 Src/alarm_monitor.o
 .debug_macro   0x0000000000000000       0xfd Src/alarm_monitor.o
 .debug_macro   0x0000000000000000       0x10 Src/alarm_monitor.o
 .debug_macro   0x0000000000000000       0x52 Src/alarm_monitor.o
 .debug_macro   0x0000000000000000       0x1f Src/alarm_monitor.o
 .debug_macro   0x0000000000000000       0x43 Src/alarm_monitor.o
 .debug_macro   0x0000000000000000       0x20 Src/alarm_monitor.o
 .debug_macro   0x0000000000000000      0x1a3 Src/alarm_monitor.o
 .debug_macro   0x0000000000000000       0x10 Src/alarm_monitor.o
 .debug_macro   0x0000000000000000       0x6a Src/alarm_monitor.o
 .debug_macro   0x0000000000000000       0x1c Src/alarm_monitor.o
 .debug_macro   0x0000000000000000       0x52 Src/alarm_monitor.o
 .debug_macro   0x0000000000000000       0x40 Src/alarm_monitor.o
 .debug_macro   0x0000000000000000       0x10 Src/alarm_monitor.o
 .debug_macro   0x0000000000000000       0x40 Src/alarm_monitor.o
 .debug_macro   0x0000000000000000       0xd7 Src/alarm_monitor.o
 .debug_macro   0x0000000000000000       0x1c Src/alarm_monitor.o
 .debug_macro   0x0000000000000000       0x3d Src/alarm_monitor.o
 .debug_macro   0x0000000000000000       0x16 Src/alarm_monitor.o
 .debug_macro   0x0000000000000000      0x145 Src/alarm_monitor.o
 .debug_macro   0x0000000000000000       0x16 Src/alarm_monitor.o
 .debug_macro   0x0000000000000000       0x35 Src/alarm_monitor.o
 .debug_macro   0x0000000000000000       0x16 Src/alarm_monitor.o
 .debug_macro   0x0000000000000000       0x29 Src/alarm_monitor.o
 .debug_macro   0x0000000000000000       0xef Src/alarm_monitor.o
 .debug_macro   0x0000000000000000      0x1df Src/alarm_monitor.o
 .debug_macro   0x0000000000000000       0x1c Src/alarm_monitor.o
 .debug_macro   0x0000000000000000       0x46 Src/alarm_monitor.o
 .group         0x0000000000000000        0xc Src/driver.o
 .group         0x0000000000000000        0xc Src/driver.o
 .group         0x0000000000000000        0xc Src/driver.o
 .group         0x0000000000000000        0xc Src/driver.o
 .group         0x0000000000000000        0xc Src/driver.o
 .group         0x0000000000000000        0xc Src/driver.o
 .group         0x0000000000000000        0xc Src/driver.o
 .group         0x0000000000000000        0xc Src/driver.o
 .group         0x0000000000000000        0xc Src/driver.o
 .group         0x0000000000000000        0xc Src/driver.o
 .group         0x0000000000000000        0xc Src/driver.o
 .group         0x0000000000000000        0xc Src/driver.o
 .group         0x0000000000000000        0xc Src/driver.o
 .group         0x0000000000000000        0xc Src/driver.o
 .group         0x0000000000000000        0xc Src/driver.o
 .group         0x0000000000000000        0xc Src/driver.o
 .group         0x0000000000000000        0xc Src/driver.o
 .group         0x0000000000000000        0xc Src/driver.o
 .group         0x0000000000000000        0xc Src/driver.o
 .group         0x0000000000000000        0xc Src/driver.o
 .group         0x0000000000000000        0xc Src/driver.o
 .group         0x0000000000000000        0xc Src/driver.o
 .group         0x0000000000000000        0xc Src/driver.o
 .group         0x0000000000000000        0xc Src/driver.o
 .group         0x0000000000000000        0xc Src/driver.o
 .group         0x0000000000000000        0xc Src/driver.o
 .group         0x0000000000000000        0xc Src/driver.o
 .group         0x0000000000000000        0xc Src/driver.o
 .group         0x0000000000000000        0xc Src/driver.o
 .group         0x0000000000000000        0xc Src/driver.o
 .group         0x0000000000000000        0xc Src/driver.o
 .group         0x0000000000000000        0xc Src/driver.o
 .group         0x0000000000000000        0xc Src/driver.o
 .text          0x0000000000000000        0x0 Src/driver.o
 .data          0x0000000000000000        0x0 Src/driver.o
 .bss           0x0000000000000000        0x0 Src/driver.o
 .debug_macro   0x0000000000000000      0xa60 Src/driver.o
 .debug_macro   0x0000000000000000       0x22 Src/driver.o
 .debug_macro   0x0000000000000000       0xef Src/driver.o
 .debug_macro   0x0000000000000000       0x6a Src/driver.o
 .debug_macro   0x0000000000000000      0x1df Src/driver.o
 .debug_macro   0x0000000000000000       0x18 Src/driver.o
 .debug_macro   0x0000000000000000       0x3c Src/driver.o
 .debug_macro   0x0000000000000000       0x34 Src/driver.o
 .debug_macro   0x0000000000000000       0x16 Src/driver.o
 .debug_macro   0x0000000000000000       0x97 Src/driver.o
 .debug_macro   0x0000000000000000      0x330 Src/driver.o
 .debug_macro   0x0000000000000000       0xfd Src/driver.o
 .debug_macro   0x0000000000000000       0x10 Src/driver.o
 .debug_macro   0x0000000000000000       0x52 Src/driver.o
 .debug_macro   0x0000000000000000       0x1f Src/driver.o
 .debug_macro   0x0000000000000000       0x43 Src/driver.o
 .debug_macro   0x0000000000000000       0x20 Src/driver.o
 .debug_macro   0x0000000000000000      0x1a3 Src/driver.o
 .debug_macro   0x0000000000000000       0x10 Src/driver.o
 .debug_macro   0x0000000000000000       0x1c Src/driver.o
 .debug_macro   0x0000000000000000       0x52 Src/driver.o
 .debug_macro   0x0000000000000000       0x40 Src/driver.o
 .debug_macro   0x0000000000000000       0x10 Src/driver.o
 .debug_macro   0x0000000000000000       0x40 Src/driver.o
 .debug_macro   0x0000000000000000       0xd7 Src/driver.o
 .debug_macro   0x0000000000000000       0x1c Src/driver.o
 .debug_macro   0x0000000000000000       0x3d Src/driver.o
 .debug_macro   0x0000000000000000       0x16 Src/driver.o
 .debug_macro   0x0000000000000000      0x145 Src/driver.o
 .debug_macro   0x0000000000000000       0x46 Src/driver.o
 .group         0x0000000000000000        0xc Src/main.o
 .group         0x0000000000000000        0xc Src/main.o
 .group         0x0000000000000000        0xc Src/main.o
 .group         0x0000000000000000        0xc Src/main.o
 .group         0x0000000000000000        0xc Src/main.o
 .group         0x0000000000000000        0xc Src/main.o
 .group         0x0000000000000000        0xc Src/main.o
 .group         0x0000000000000000        0xc Src/main.o
 .group         0x0000000000000000        0xc Src/main.o
 .group         0x0000000000000000        0xc Src/main.o
 .group         0x0000000000000000        0xc Src/main.o
 .group         0x0000000000000000        0xc Src/main.o
 .group         0x0000000000000000        0xc Src/main.o
 .group         0x0000000000000000        0xc Src/main.o
 .group         0x0000000000000000        0xc Src/main.o
 .group         0x0000000000000000        0xc Src/main.o
 .group         0x0000000000000000        0xc Src/main.o
 .group         0x0000000000000000        0xc Src/main.o
 .group         0x0000000000000000        0xc Src/main.o
 .group         0x0000000000000000        0xc Src/main.o
 .group         0x0000000000000000        0xc Src/main.o
 .group         0x0000000000000000        0xc Src/main.o
 .group         0x0000000000000000        0xc Src/main.o
 .group         0x0000000000000000        0xc Src/main.o
 .group         0x0000000000000000        0xc Src/main.o
 .group         0x0000000000000000        0xc Src/main.o
 .group         0x0000000000000000        0xc Src/main.o
 .group         0x0000000000000000        0xc Src/main.o
 .group         0x0000000000000000        0xc Src/main.o
 .group         0x0000000000000000        0xc Src/main.o
 .group         0x0000000000000000        0xc Src/main.o
 .group         0x0000000000000000        0xc Src/main.o
 .group         0x0000000000000000        0xc Src/main.o
 .group         0x0000000000000000        0xc Src/main.o
 .group         0x0000000000000000        0xc Src/main.o
 .group         0x0000000000000000        0xc Src/main.o
 .group         0x0000000000000000        0xc Src/main.o
 .group         0x0000000000000000        0xc Src/main.o
 .text          0x0000000000000000        0x0 Src/main.o
 .data          0x0000000000000000        0x0 Src/main.o
 .bss           0x0000000000000000        0x0 Src/main.o
 .debug_macro   0x0000000000000000      0xa60 Src/main.o
 .debug_macro   0x0000000000000000       0x22 Src/main.o
 .debug_macro   0x0000000000000000       0x40 Src/main.o
 .debug_macro   0x0000000000000000       0x18 Src/main.o
 .debug_macro   0x0000000000000000       0x94 Src/main.o
 .debug_macro   0x0000000000000000       0x3c Src/main.o
 .debug_macro   0x0000000000000000       0x34 Src/main.o
 .debug_macro   0x0000000000000000       0x16 Src/main.o
 .debug_macro   0x0000000000000000       0x57 Src/main.o
 .debug_macro   0x0000000000000000       0x97 Src/main.o
 .debug_macro   0x0000000000000000      0x330 Src/main.o
 .debug_macro   0x0000000000000000       0xfd Src/main.o
 .debug_macro   0x0000000000000000       0x10 Src/main.o
 .debug_macro   0x0000000000000000       0x52 Src/main.o
 .debug_macro   0x0000000000000000       0x1f Src/main.o
 .debug_macro   0x0000000000000000       0x43 Src/main.o
 .debug_macro   0x0000000000000000       0x20 Src/main.o
 .debug_macro   0x0000000000000000      0x1a3 Src/main.o
 .debug_macro   0x0000000000000000       0x10 Src/main.o
 .debug_macro   0x0000000000000000       0x6a Src/main.o
 .debug_macro   0x0000000000000000       0x1c Src/main.o
 .debug_macro   0x0000000000000000       0x52 Src/main.o
 .debug_macro   0x0000000000000000       0x40 Src/main.o
 .debug_macro   0x0000000000000000       0x10 Src/main.o
 .debug_macro   0x0000000000000000       0x40 Src/main.o
 .debug_macro   0x0000000000000000       0xd7 Src/main.o
 .debug_macro   0x0000000000000000       0x1c Src/main.o
 .debug_macro   0x0000000000000000       0x3d Src/main.o
 .debug_macro   0x0000000000000000       0x16 Src/main.o
 .debug_macro   0x0000000000000000      0x145 Src/main.o
 .debug_macro   0x0000000000000000       0x16 Src/main.o
 .debug_macro   0x0000000000000000       0x35 Src/main.o
 .debug_macro   0x0000000000000000       0x16 Src/main.o
 .debug_macro   0x0000000000000000       0x29 Src/main.o
 .debug_macro   0x0000000000000000       0xef Src/main.o
 .debug_macro   0x0000000000000000      0x1df Src/main.o
 .debug_macro   0x0000000000000000       0x1c Src/main.o
 .debug_macro   0x0000000000000000       0x46 Src/main.o
 .group         0x0000000000000000        0xc Src/main_algorithm.o
 .group         0x0000000000000000        0xc Src/main_algorithm.o
 .group         0x0000000000000000        0xc Src/main_algorithm.o
 .group         0x0000000000000000        0xc Src/main_algorithm.o
 .group         0x0000000000000000        0xc Src/main_algorithm.o
 .group         0x0000000000000000        0xc Src/main_algorithm.o
 .group         0x0000000000000000        0xc Src/main_algorithm.o
 .group         0x0000000000000000        0xc Src/main_algorithm.o
 .group         0x0000000000000000        0xc Src/main_algorithm.o
 .group         0x0000000000000000        0xc Src/main_algorithm.o
 .group         0x0000000000000000        0xc Src/main_algorithm.o
 .group         0x0000000000000000        0xc Src/main_algorithm.o
 .group         0x0000000000000000        0xc Src/main_algorithm.o
 .group         0x0000000000000000        0xc Src/main_algorithm.o
 .group         0x0000000000000000        0xc Src/main_algorithm.o
 .group         0x0000000000000000        0xc Src/main_algorithm.o
 .group         0x0000000000000000        0xc Src/main_algorithm.o
 .group         0x0000000000000000        0xc Src/main_algorithm.o
 .group         0x0000000000000000        0xc Src/main_algorithm.o
 .group         0x0000000000000000        0xc Src/main_algorithm.o
 .group         0x0000000000000000        0xc Src/main_algorithm.o
 .group         0x0000000000000000        0xc Src/main_algorithm.o
 .group         0x0000000000000000        0xc Src/main_algorithm.o
 .group         0x0000000000000000        0xc Src/main_algorithm.o
 .group         0x0000000000000000        0xc Src/main_algorithm.o
 .group         0x0000000000000000        0xc Src/main_algorithm.o
 .group         0x0000000000000000        0xc Src/main_algorithm.o
 .group         0x0000000000000000        0xc Src/main_algorithm.o
 .group         0x0000000000000000        0xc Src/main_algorithm.o
 .group         0x0000000000000000        0xc Src/main_algorithm.o
 .group         0x0000000000000000        0xc Src/main_algorithm.o
 .group         0x0000000000000000        0xc Src/main_algorithm.o
 .group         0x0000000000000000        0xc Src/main_algorithm.o
 .group         0x0000000000000000        0xc Src/main_algorithm.o
 .group         0x0000000000000000        0xc Src/main_algorithm.o
 .group         0x0000000000000000        0xc Src/main_algorithm.o
 .group         0x0000000000000000        0xc Src/main_algorithm.o
 .group         0x0000000000000000        0xc Src/main_algorithm.o
 .text          0x0000000000000000        0x0 Src/main_algorithm.o
 .data          0x0000000000000000        0x0 Src/main_algorithm.o
 .bss           0x0000000000000000        0x0 Src/main_algorithm.o
 .debug_macro   0x0000000000000000      0xa60 Src/main_algorithm.o
 .debug_macro   0x0000000000000000       0x22 Src/main_algorithm.o
 .debug_macro   0x0000000000000000       0x40 Src/main_algorithm.o
 .debug_macro   0x0000000000000000       0x18 Src/main_algorithm.o
 .debug_macro   0x0000000000000000       0x94 Src/main_algorithm.o
 .debug_macro   0x0000000000000000       0x3c Src/main_algorithm.o
 .debug_macro   0x0000000000000000       0x34 Src/main_algorithm.o
 .debug_macro   0x0000000000000000       0x16 Src/main_algorithm.o
 .debug_macro   0x0000000000000000       0x57 Src/main_algorithm.o
 .debug_macro   0x0000000000000000       0x97 Src/main_algorithm.o
 .debug_macro   0x0000000000000000      0x330 Src/main_algorithm.o
 .debug_macro   0x0000000000000000       0xfd Src/main_algorithm.o
 .debug_macro   0x0000000000000000       0x10 Src/main_algorithm.o
 .debug_macro   0x0000000000000000       0x52 Src/main_algorithm.o
 .debug_macro   0x0000000000000000       0x1f Src/main_algorithm.o
 .debug_macro   0x0000000000000000       0x43 Src/main_algorithm.o
 .debug_macro   0x0000000000000000       0x20 Src/main_algorithm.o
 .debug_macro   0x0000000000000000      0x1a3 Src/main_algorithm.o
 .debug_macro   0x0000000000000000       0x10 Src/main_algorithm.o
 .debug_macro   0x0000000000000000       0x6a Src/main_algorithm.o
 .debug_macro   0x0000000000000000       0x1c Src/main_algorithm.o
 .debug_macro   0x0000000000000000       0x52 Src/main_algorithm.o
 .debug_macro   0x0000000000000000       0x40 Src/main_algorithm.o
 .debug_macro   0x0000000000000000       0x10 Src/main_algorithm.o
 .debug_macro   0x0000000000000000       0x40 Src/main_algorithm.o
 .debug_macro   0x0000000000000000       0xd7 Src/main_algorithm.o
 .debug_macro   0x0000000000000000       0x1c Src/main_algorithm.o
 .debug_macro   0x0000000000000000       0x3d Src/main_algorithm.o
 .debug_macro   0x0000000000000000       0x16 Src/main_algorithm.o
 .debug_macro   0x0000000000000000      0x145 Src/main_algorithm.o
 .debug_macro   0x0000000000000000       0x16 Src/main_algorithm.o
 .debug_macro   0x0000000000000000       0x35 Src/main_algorithm.o
 .debug_macro   0x0000000000000000       0x16 Src/main_algorithm.o
 .debug_macro   0x0000000000000000       0x29 Src/main_algorithm.o
 .debug_macro   0x0000000000000000       0xef Src/main_algorithm.o
 .debug_macro   0x0000000000000000      0x1df Src/main_algorithm.o
 .debug_macro   0x0000000000000000       0x1c Src/main_algorithm.o
 .debug_macro   0x0000000000000000       0x46 Src/main_algorithm.o
 .text          0x0000000000000000       0x14 Startup/startup_stm32f103c6tx.o
 .data          0x0000000000000000        0x0 Startup/startup_stm32f103c6tx.o
 .bss           0x0000000000000000        0x0 Startup/startup_stm32f103c6tx.o
 .text          0x0000000000000000        0x0 d:/c/programs/st/stm32cubeide_1.4.0/stm32cubeide/plugins/com.st.stm32cube.ide.mcu.externaltools.gnu-tools-for-stm32.7-2018-q2-update.win32_1.4.0.202007081208/tools/bin/../lib/gcc/arm-none-eabi/7.3.1/../../../../arm-none-eabi/lib/thumb/v7-m\libc_nano.a(lib_a-exit.o)
 .data          0x0000000000000000        0x0 d:/c/programs/st/stm32cubeide_1.4.0/stm32cubeide/plugins/com.st.stm32cube.ide.mcu.externaltools.gnu-tools-for-stm32.7-2018-q2-update.win32_1.4.0.202007081208/tools/bin/../lib/gcc/arm-none-eabi/7.3.1/../../../../arm-none-eabi/lib/thumb/v7-m\libc_nano.a(lib_a-exit.o)
 .bss           0x0000000000000000        0x0 d:/c/programs/st/stm32cubeide_1.4.0/stm32cubeide/plugins/com.st.stm32cube.ide.mcu.externaltools.gnu-tools-for-stm32.7-2018-q2-update.win32_1.4.0.202007081208/tools/bin/../lib/gcc/arm-none-eabi/7.3.1/../../../../arm-none-eabi/lib/thumb/v7-m\libc_nano.a(lib_a-exit.o)
 .text.exit     0x0000000000000000       0x28 d:/c/programs/st/stm32cubeide_1.4.0/stm32cubeide/plugins/com.st.stm32cube.ide.mcu.externaltools.gnu-tools-for-stm32.7-2018-q2-update.win32_1.4.0.202007081208/tools/bin/../lib/gcc/arm-none-eabi/7.3.1/../../../../arm-none-eabi/lib/thumb/v7-m\libc_nano.a(lib_a-exit.o)
 .debug_frame   0x0000000000000000       0x28 d:/c/programs/st/stm32cubeide_1.4.0/stm32cubeide/plugins/com.st.stm32cube.ide.mcu.externaltools.gnu-tools-for-stm32.7-2018-q2-update.win32_1.4.0.202007081208/tools/bin/../lib/gcc/arm-none-eabi/7.3.1/../../../../arm-none-eabi/lib/thumb/v7-m\libc_nano.a(lib_a-exit.o)
 .ARM.attributes
                0x0000000000000000       0x2d d:/c/programs/st/stm32cubeide_1.4.0/stm32cubeide/plugins/com.st.stm32cube.ide.mcu.externaltools.gnu-tools-for-stm32.7-2018-q2-update.win32_1.4.0.202007081208/tools/bin/../lib/gcc/arm-none-eabi/7.3.1/../../../../arm-none-eabi/lib/thumb/v7-m\libc_nano.a(lib_a-exit.o)
 .text          0x0000000000000000        0x0 d:/c/programs/st/stm32cubeide_1.4.0/stm32cubeide/plugins/com.st.stm32cube.ide.mcu.externaltools.gnu-tools-for-stm32.7-2018-q2-update.win32_1.4.0.202007081208/tools/bin/../lib/gcc/arm-none-eabi/7.3.1/../../../../arm-none-eabi/lib/thumb/v7-m\libc_nano.a(lib_a-impure.o)
 .data          0x0000000000000000        0x0 d:/c/programs/st/stm32cubeide_1.4.0/stm32cubeide/plugins/com.st.stm32cube.ide.mcu.externaltools.gnu-tools-for-stm32.7-2018-q2-update.win32_1.4.0.202007081208/tools/bin/../lib/gcc/arm-none-eabi/7.3.1/../../../../arm-none-eabi/lib/thumb/v7-m\libc_nano.a(lib_a-impure.o)
 .bss           0x0000000000000000        0x0 d:/c/programs/st/stm32cubeide_1.4.0/stm32cubeide/plugins/com.st.stm32cube.ide.mcu.externaltools.gnu-tools-for-stm32.7-2018-q2-update.win32_1.4.0.202007081208/tools/bin/../lib/gcc/arm-none-eabi/7.3.1/../../../../arm-none-eabi/lib/thumb/v7-m\libc_nano.a(lib_a-impure.o)
 .data._impure_ptr
                0x0000000000000000        0x4 d:/c/programs/st/stm32cubeide_1.4.0/stm32cubeide/plugins/com.st.stm32cube.ide.mcu.externaltools.gnu-tools-for-stm32.7-2018-q2-update.win32_1.4.0.202007081208/tools/bin/../lib/gcc/arm-none-eabi/7.3.1/../../../../arm-none-eabi/lib/thumb/v7-m\libc_nano.a(lib_a-impure.o)
 .data.impure_data
                0x0000000000000000       0x60 d:/c/programs/st/stm32cubeide_1.4.0/stm32cubeide/plugins/com.st.stm32cube.ide.mcu.externaltools.gnu-tools-for-stm32.7-2018-q2-update.win32_1.4.0.202007081208/tools/bin/../lib/gcc/arm-none-eabi/7.3.1/../../../../arm-none-eabi/lib/thumb/v7-m\libc_nano.a(lib_a-impure.o)
 .rodata._global_impure_ptr
                0x0000000000000000        0x4 d:/c/programs/st/stm32cubeide_1.4.0/stm32cubeide/plugins/com.st.stm32cube.ide.mcu.externaltools.gnu-tools-for-stm32.7-2018-q2-update.win32_1.4.0.202007081208/tools/bin/../lib/gcc/arm-none-eabi/7.3.1/../../../../arm-none-eabi/lib/thumb/v7-m\libc_nano.a(lib_a-impure.o)
 .ARM.attributes
                0x0000000000000000       0x2d d:/c/programs/st/stm32cubeide_1.4.0/stm32cubeide/plugins/com.st.stm32cube.ide.mcu.externaltools.gnu-tools-for-stm32.7-2018-q2-update.win32_1.4.0.202007081208/tools/bin/../lib/gcc/arm-none-eabi/7.3.1/../../../../arm-none-eabi/lib/thumb/v7-m\libc_nano.a(lib_a-impure.o)
 .text          0x0000000000000000        0x0 d:/c/programs/st/stm32cubeide_1.4.0/stm32cubeide/plugins/com.st.stm32cube.ide.mcu.externaltools.gnu-tools-for-stm32.7-2018-q2-update.win32_1.4.0.202007081208/tools/bin/../lib/gcc/arm-none-eabi/7.3.1/../../../../arm-none-eabi/lib/thumb/v7-m\libc_nano.a(lib_a-init.o)
 .data          0x0000000000000000        0x0 d:/c/programs/st/stm32cubeide_1.4.0/stm32cubeide/plugins/com.st.stm32cube.ide.mcu.externaltools.gnu-tools-for-stm32.7-2018-q2-update.win32_1.4.0.202007081208/tools/bin/../lib/gcc/arm-none-eabi/7.3.1/../../../../arm-none-eabi/lib/thumb/v7-m\libc_nano.a(lib_a-init.o)
 .bss           0x0000000000000000        0x0 d:/c/programs/st/stm32cubeide_1.4.0/stm32cubeide/plugins/com.st.stm32cube.ide.mcu.externaltools.gnu-tools-for-stm32.7-2018-q2-update.win32_1.4.0.202007081208/tools/bin/../lib/gcc/arm-none-eabi/7.3.1/../../../../arm-none-eabi/lib/thumb/v7-m\libc_nano.a(lib_a-init.o)
 .text          0x0000000000000000        0x0 d:/c/programs/st/stm32cubeide_1.4.0/stm32cubeide/plugins/com.st.stm32cube.ide.mcu.externaltools.gnu-tools-for-stm32.7-2018-q2-update.win32_1.4.0.202007081208/tools/bin/../lib/gcc/arm-none-eabi/7.3.1/../../../../arm-none-eabi/lib/thumb/v7-m\libc_nano.a(lib_a-memset.o)
 .data          0x0000000000000000        0x0 d:/c/programs/st/stm32cubeide_1.4.0/stm32cubeide/plugins/com.st.stm32cube.ide.mcu.externaltools.gnu-tools-for-stm32.7-2018-q2-update.win32_1.4.0.202007081208/tools/bin/../lib/gcc/arm-none-eabi/7.3.1/../../../../arm-none-eabi/lib/thumb/v7-m\libc_nano.a(lib_a-memset.o)
 .bss           0x0000000000000000        0x0 d:/c/programs/st/stm32cubeide_1.4.0/stm32cubeide/plugins/com.st.stm32cube.ide.mcu.externaltools.gnu-tools-for-stm32.7-2018-q2-update.win32_1.4.0.202007081208/tools/bin/../lib/gcc/arm-none-eabi/7.3.1/../../../../arm-none-eabi/lib/thumb/v7-m\libc_nano.a(lib_a-memset.o)
 .text.memset   0x0000000000000000       0x10 d:/c/programs/st/stm32cubeide_1.4.0/stm32cubeide/plugins/com.st.stm32cube.ide.mcu.externaltools.gnu-tools-for-stm32.7-2018-q2-update.win32_1.4.0.202007081208/tools/bin/../lib/gcc/arm-none-eabi/7.3.1/../../../../arm-none-eabi/lib/thumb/v7-m\libc_nano.a(lib_a-memset.o)
 .debug_frame   0x0000000000000000       0x20 d:/c/programs/st/stm32cubeide_1.4.0/stm32cubeide/plugins/com.st.stm32cube.ide.mcu.externaltools.gnu-tools-for-stm32.7-2018-q2-update.win32_1.4.0.202007081208/tools/bin/../lib/gcc/arm-none-eabi/7.3.1/../../../../arm-none-eabi/lib/thumb/v7-m\libc_nano.a(lib_a-memset.o)
 .ARM.attributes
                0x0000000000000000       0x2d d:/c/programs/st/stm32cubeide_1.4.0/stm32cubeide/plugins/com.st.stm32cube.ide.mcu.externaltools.gnu-tools-for-stm32.7-2018-q2-update.win32_1.4.0.202007081208/tools/bin/../lib/gcc/arm-none-eabi/7.3.1/../../../../arm-none-eabi/lib/thumb/v7-m\libc_nano.a(lib_a-memset.o)
 .text          0x0000000000000000        0x0 d:/c/programs/st/stm32cubeide_1.4.0/stm32cubeide/plugins/com.st.stm32cube.ide.mcu.externaltools.gnu-tools-for-stm32.7-2018-q2-update.win32_1.4.0.202007081208/tools/bin/../lib/gcc/arm-none-eabi/7.3.1/../../../../arm-none-eabi/lib/thumb/v7-m\libnosys.a(_exit.o)
 .data          0x0000000000000000        0x0 d:/c/programs/st/stm32cubeide_1.4.0/stm32cubeide/plugins/com.st.stm32cube.ide.mcu.externaltools.gnu-tools-for-stm32.7-2018-q2-update.win32_1.4.0.202007081208/tools/bin/../lib/gcc/arm-none-eabi/7.3.1/../../../../arm-none-eabi/lib/thumb/v7-m\libnosys.a(_exit.o)
 .bss           0x0000000000000000        0x0 d:/c/programs/st/stm32cubeide_1.4.0/stm32cubeide/plugins/com.st.stm32cube.ide.mcu.externaltools.gnu-tools-for-stm32.7-2018-q2-update.win32_1.4.0.202007081208/tools/bin/../lib/gcc/arm-none-eabi/7.3.1/../../../../arm-none-eabi/lib/thumb/v7-m\libnosys.a(_exit.o)
 .text._exit    0x0000000000000000        0x2 d:/c/programs/st/stm32cubeide_1.4.0/stm32cubeide/plugins/com.st.stm32cube.ide.mcu.externaltools.gnu-tools-for-stm32.7-2018-q2-update.win32_1.4.0.202007081208/tools/bin/../lib/gcc/arm-none-eabi/7.3.1/../../../../arm-none-eabi/lib/thumb/v7-m\libnosys.a(_exit.o)
 .debug_frame   0x0000000000000000       0x20 d:/c/programs/st/stm32cubeide_1.4.0/stm32cubeide/plugins/com.st.stm32cube.ide.mcu.externaltools.gnu-tools-for-stm32.7-2018-q2-update.win32_1.4.0.202007081208/tools/bin/../lib/gcc/arm-none-eabi/7.3.1/../../../../arm-none-eabi/lib/thumb/v7-m\libnosys.a(_exit.o)
 .ARM.attributes
                0x0000000000000000       0x2d d:/c/programs/st/stm32cubeide_1.4.0/stm32cubeide/plugins/com.st.stm32cube.ide.mcu.externaltools.gnu-tools-for-stm32.7-2018-q2-update.win32_1.4.0.202007081208/tools/bin/../lib/gcc/arm-none-eabi/7.3.1/../../../../arm-none-eabi/lib/thumb/v7-m\libnosys.a(_exit.o)
 .text          0x0000000000000000        0x0 d:/c/programs/st/stm32cubeide_1.4.0/stm32cubeide/plugins/com.st.stm32cube.ide.mcu.externaltools.gnu-tools-for-stm32.7-2018-q2-update.win32_1.4.0.202007081208/tools/bin/../lib/gcc/arm-none-eabi/7.3.1/thumb/v7-m/crtend.o
 .data          0x0000000000000000        0x0 d:/c/programs/st/stm32cubeide_1.4.0/stm32cubeide/plugins/com.st.stm32cube.ide.mcu.externaltools.gnu-tools-for-stm32.7-2018-q2-update.win32_1.4.0.202007081208/tools/bin/../lib/gcc/arm-none-eabi/7.3.1/thumb/v7-m/crtend.o
 .bss           0x0000000000000000        0x0 d:/c/programs/st/stm32cubeide_1.4.0/stm32cubeide/plugins/com.st.stm32cube.ide.mcu.externaltools.gnu-tools-for-stm32.7-2018-q2-update.win32_1.4.0.202007081208/tools/bin/../lib/gcc/arm-none-eabi/7.3.1/thumb/v7-m/crtend.o
 .eh_frame      0x0000000000000000        0x4 d:/c/programs/st/stm32cubeide_1.4.0/stm32cubeide/plugins/com.st.stm32cube.ide.mcu.externaltools.gnu-tools-for-stm32.7-2018-q2-update.win32_1.4.0.202007081208/tools/bin/../lib/gcc/arm-none-eabi/7.3.1/thumb/v7-m/crtend.o
 .ARM.attributes
                0x0000000000000000       0x2d d:/c/programs/st/stm32cubeide_1.4.0/stm32cubeide/plugins/com.st.stm32cube.ide.mcu.externaltools.gnu-tools-for-stm32.7-2018-q2-update.win32_1.4.0.202007081208/tools/bin/../lib/gcc/arm-none-eabi/7.3.1/thumb/v7-m/crtend.o
 .text          0x0000000000000000        0x0 d:/c/programs/st/stm32cubeide_1.4.0/stm32cubeide/plugins/com.st.stm32cube.ide.mcu.externaltools.gnu-tools-for-stm32.7-2018-q2-update.win32_1.4.0.202007081208/tools/bin/../lib/gcc/arm-none-eabi/7.3.1/thumb/v7-m/crtn.o
 .data          0x0000000000000000        0x0 d:/c/programs/st/stm32cubeide_1.4.0/stm32cubeide/plugins/com.st.stm32cube.ide.mcu.externaltools.gnu-tools-for-stm32.7-2018-q2-update.win32_1.4.0.202007081208/tools/bin/../lib/gcc/arm-none-eabi/7.3.1/thumb/v7-m/crtn.o
 .bss           0x0000000000000000        0x0 d:/c/programs/st/stm32cubeide_1.4.0/stm32cubeide/plugins/com.st.stm32cube.ide.mcu.externaltools.gnu-tools-for-stm32.7-2018-q2-update.win32_1.4.0.202007081208/tools/bin/../lib/gcc/arm-none-eabi/7.3.1/thumb/v7-m/crtn.o

Memory Configuration

Name             Origin             Length             Attributes
RAM              0x0000000020000000 0x0000000000002800 xrw
ROM              0x0000000008000000 0x0000000000008000 xr
*default*        0x0000000000000000 0xffffffffffffffff

Linker script and memory map

LOAD d:/c/programs/st/stm32cubeide_1.4.0/stm32cubeide/plugins/com.st.stm32cube.ide.mcu.externaltools.gnu-tools-for-stm32.7-2018-q2-update.win32_1.4.0.202007081208/tools/bin/../lib/gcc/arm-none-eabi/7.3.1/thumb/v7-m/crti.o
LOAD d:/c/programs/st/stm32cubeide_1.4.0/stm32cubeide/plugins/com.st.stm32cube.ide.mcu.externaltools.gnu-tools-for-stm32.7-2018-q2-update.win32_1.4.0.202007081208/tools/bin/../lib/gcc/arm-none-eabi/7.3.1/thumb/v7-m/crtbegin.o
LOAD d:/c/programs/st/stm32cubeide_1.4.0/stm32cubeide/plugins/com.st.stm32cube.ide.mcu.externaltools.gnu-tools-for-stm32.7-2018-q2-update.win32_1.4.0.202007081208/tools/bin/../lib/gcc/arm-none-eabi/7.3.1/../../../../arm-none-eabi/lib/thumb/v7-m/crt0.o
LOAD Src/AC_driver.o
LOAD Src/PS_driver.o
LOAD Src/alarm_monitor.o
LOAD Src/driver.o
LOAD Src/main.o
LOAD Src/main_algorithm.o
LOAD Startup/startup_stm32f103c6tx.o
START GROUP
LOAD d:/c/programs/st/stm32cubeide_1.4.0/stm32cubeide/plugins/com.st.stm32cube.ide.mcu.externaltools.gnu-tools-for-stm32.7-2018-q2-update.win32_1.4.0.202007081208/tools/bin/../lib/gcc/arm-none-eabi/7.3.1/../../../../arm-none-eabi/lib/thumb/v7-m\libc_nano.a
LOAD d:/c/programs/st/stm32cubeide_1.4.0/stm32cubeide/plugins/com.st.stm32cube.ide.mcu.externaltools.gnu-tools-for-stm32.7-2018-q2-update.win32_1.4.0.202007081208/tools/bin/../lib/gcc/arm-none-eabi/7.3.1/../../../../arm-none-eabi/lib/thumb/v7-m\libm.a
END GROUP
START GROUP
LOAD d:/c/programs/st/stm32cubeide_1.4.0/stm32cubeide/plugins/com.st.stm32cube.ide.mcu.externaltools.gnu-tools-for-stm32.7-2018-q2-update.win32_1.4.0.202007081208/tools/bin/../lib/gcc/arm-none-eabi/7.3.1/thumb/v7-m\libgcc.a
LOAD d:/c/programs/st/stm32cubeide_1.4.0/stm32cubeide/plugins/com.st.stm32cube.ide.mcu.externaltools.gnu-tools-for-stm32.7-2018-q2-update.win32_1.4.0.202007081208/tools/bin/../lib/gcc/arm-none-eabi/7.3.1/../../../../arm-none-eabi/lib/thumb/v7-m\libc_nano.a
END GROUP
START GROUP
LOAD d:/c/programs/st/stm32cubeide_1.4.0/stm32cubeide/plugins/com.st.stm32cube.ide.mcu.externaltools.gnu-tools-for-stm32.7-2018-q2-update.win32_1.4.0.202007081208/tools/bin/../lib/gcc/arm-none-eabi/7.3.1/thumb/v7-m\libgcc.a
LOAD d:/c/programs/st/stm32cubeide_1.4.0/stm32cubeide/plugins/com.st.stm32cube.ide.mcu.externaltools.gnu-tools-for-stm32.7-2018-q2-update.win32_1.4.0.202007081208/tools/bin/../lib/gcc/arm-none-eabi/7.3.1/../../../../arm-none-eabi/lib/thumb/v7-m\libc_nano.a
LOAD d:/c/programs/st/stm32cubeide_1.4.0/stm32cubeide/plugins/com.st.stm32cube.ide.mcu.externaltools.gnu-tools-for-stm32.7-2018-q2-update.win32_1.4.0.202007081208/tools/bin/../lib/gcc/arm-none-eabi/7.3.1/../../../../arm-none-eabi/lib/thumb/v7-m\libnosys.a
END GROUP
START GROUP
LOAD d:/c/programs/st/stm32cubeide_1.4.0/stm32cubeide/plugins/com.st.stm32cube.ide.mcu.externaltools.gnu-tools-for-stm32.7-2018-q2-update.win32_1.4.0.202007081208/tools/bin/../lib/gcc/arm-none-eabi/7.3.1/thumb/v7-m\libgcc.a
LOAD d:/c/programs/st/stm32cubeide_1.4.0/stm32cubeide/plugins/com.st.stm32cube.ide.mcu.externaltools.gnu-tools-for-stm32.7-2018-q2-update.win32_1.4.0.202007081208/tools/bin/../lib/gcc/arm-none-eabi/7.3.1/../../../../arm-none-eabi/lib/thumb/v7-m\libc_nano.a
LOAD d:/c/programs/st/stm32cubeide_1.4.0/stm32cubeide/plugins/com.st.stm32cube.ide.mcu.externaltools.gnu-tools-for-stm32.7-2018-q2-update.win32_1.4.0.202007081208/tools/bin/../lib/gcc/arm-none-eabi/7.3.1/../../../../arm-none-eabi/lib/thumb/v7-m\libnosys.a
END GROUP
LOAD d:/c/programs/st/stm32cubeide_1.4.0/stm32cubeide/plugins/com.st.stm32cube.ide.mcu.externaltools.gnu-tools-for-stm32.7-2018-q2-update.win32_1.4.0.202007081208/tools/bin/../lib/gcc/arm-none-eabi/7.3.1/thumb/v7-m/crtend.o
LOAD d:/c/programs/st/stm32cubeide_1.4.0/stm32cubeide/plugins/com.st.stm32cube.ide.mcu.externaltools.gnu-tools-for-stm32.7-2018-q2-update.win32_1.4.0.202007081208/tools/bin/../lib/gcc/arm-none-eabi/7.3.1/thumb/v7-m/crtn.o
                0x0000000020002800                _estack = (ORIGIN (RAM) + LENGTH (RAM))
                0x0000000000000200                _Min_Heap_Size = 0x200
                0x0000000000000400                _Min_Stack_Size = 0x400

.isr_vector     0x0000000008000000      0x130
                0x0000000008000000                . = ALIGN (0x4)
 *(.isr_vector)
 .isr_vector    0x0000000008000000      0x130 Startup/startup_stm32f103c6tx.o
                0x0000000008000000                g_pfnVectors
                0x0000000008000130                . = ALIGN (0x4)

.text           0x0000000008000130      0x48c
                0x0000000008000130                . = ALIGN (0x4)
 *(.text)
 .text          0x0000000008000130       0x40 d:/c/programs/st/stm32cubeide_1.4.0/stm32cubeide/plugins/com.st.stm32cube.ide.mcu.externaltools.gnu-tools-for-stm32.7-2018-q2-update.win32_1.4.0.202007081208/tools/bin/../lib/gcc/arm-none-eabi/7.3.1/thumb/v7-m/crtbegin.o
 *(.text*)
 .text.init_AC  0x0000000008000170        0xc Src/AC_driver.o
                0x0000000008000170                init_AC
 .text.start_alarm
                0x000000000800017c        0xe Src/AC_driver.o
                0x000000000800017c                start_alarm
 .text.stop_alarm
                0x000000000800018a        0xe Src/AC_driver.o
                0x000000000800018a                stop_alarm
 .text.ST_AC_waiting
                0x0000000008000198       0x3c Src/AC_driver.o
                0x0000000008000198                ST_AC_waiting
 .text.ST_AC_alarm_off
                0x00000000080001d4       0x24 Src/AC_driver.o
                0x00000000080001d4                ST_AC_alarm_off
 .text.ST_AC_alarm_on
                0x00000000080001f8       0x24 Src/AC_driver.o
                0x00000000080001f8                ST_AC_alarm_on
 .text.PS_init  0x000000000800021c        0xc Src/PS_driver.o
                0x000000000800021c                PS_init
 .text.ST_PS_Reading
                0x0000000008000228       0x48 Src/PS_driver.o
                0x0000000008000228                ST_PS_Reading
 .text.ST_PS_Waiting
                0x0000000008000270       0x34 Src/PS_driver.o
                0x0000000008000270                ST_PS_Waiting
 .text.High_pressure_detected
                0x00000000080002a4       0x1c Src/alarm_monitor.o
                0x00000000080002a4                High_pressure_detected
 .text.ST_AM_alarm_off
                0x00000000080002c0       0x30 Src/alarm_monitor.o
                0x00000000080002c0                ST_AM_alarm_off
 .text.ST_AM_alarm_on
                0x00000000080002f0       0x40 Src/alarm_monitor.o
                0x00000000080002f0                ST_AM_alarm_on
 .text.ST_AM_waiting
                0x0000000008000330       0x40 Src/alarm_monitor.o
                0x0000000008000330                ST_AM_waiting
 .text.Delay    0x0000000008000370       0x20 Src/driver.o
                0x0000000008000370                Delay
 .text.getPressureVal
                0x0000000008000390       0x18 Src/driver.o
                0x0000000008000390                getPressureVal
 .text.Set_Alarm_actuator
                0x00000000080003a8       0x3c Src/driver.o
                0x00000000080003a8                Set_Alarm_actuator
 .text.GPIO_INITIALIZATION
                0x00000000080003e4       0x50 Src/driver.o
                0x00000000080003e4                GPIO_INITIALIZATION
 .text.setup    0x0000000008000434       0x4c Src/main.o
                0x0000000008000434                setup
 .text.main     0x0000000008000480       0x34 Src/main.o
                0x0000000008000480                main
 .text.setPressureVal
                0x00000000080004b4       0x1c Src/main_algorithm.o
                0x00000000080004b4                setPressureVal
 .text.ST_mainALG_HP_detected
                0x00000000080004d0       0x38 Src/main_algorithm.o
                0x00000000080004d0                ST_mainALG_HP_detected
 .text.Reset_Handler
                0x0000000008000508       0x50 Startup/startup_stm32f103c6tx.o
                0x0000000008000508                Reset_Handler
 .text.Default_Handler
                0x0000000008000558        0x2 Startup/startup_stm32f103c6tx.o
                0x0000000008000558                EXTI2_IRQHandler
                0x0000000008000558                TIM8_TRG_COM_IRQHandler
                0x0000000008000558                TIM8_CC_IRQHandler
                0x0000000008000558                DebugMon_Handler
                0x0000000008000558                TIM1_CC_IRQHandler
                0x0000000008000558                HardFault_Handler
                0x0000000008000558                TIM6_IRQHandler
                0x0000000008000558                SysTick_Handler
                0x0000000008000558                PVD_IRQHandler
                0x0000000008000558                SDIO_IRQHandler
                0x0000000008000558                PendSV_Handler
                0x0000000008000558                NMI_Handler
                0x0000000008000558                EXTI3_IRQHandler
                0x0000000008000558                USB_HP_CAN_TX_IRQHandler
                0x0000000008000558                EXTI0_IRQHandler
                0x0000000008000558                I2C2_EV_IRQHandler
                0x0000000008000558                UsageFault_Handler
                0x0000000008000558                ADC1_2_IRQHandler
                0x0000000008000558                SPI1_IRQHandler
                0x0000000008000558                CAN_SCE_IRQHandler
                0x0000000008000558                TAMPER_IRQHandler
                0x0000000008000558                TIM8_UP_IRQHandler
                0x0000000008000558                DMA2_Channel2_IRQHandler
                0x0000000008000558                DMA1_Channel4_IRQHandler
                0x0000000008000558                USART3_IRQHandler
                0x0000000008000558                RTC_IRQHandler
                0x0000000008000558                DMA1_Channel7_IRQHandler
                0x0000000008000558                UART5_IRQHandler
                0x0000000008000558                ADC3_IRQHandler
                0x0000000008000558                TIM4_IRQHandler
                0x0000000008000558                CAN_RX1_IRQHandler
                0x0000000008000558                DMA2_Channel1_IRQHandler
                0x0000000008000558                I2C1_EV_IRQHandler
                0x0000000008000558                DMA1_Channel6_IRQHandler
                0x0000000008000558                UART4_IRQHandler
                0x0000000008000558                TIM3_IRQHandler
                0x0000000008000558                RCC_IRQHandler
                0x0000000008000558                TIM1_TRG_COM_IRQHandler
                0x0000000008000558                DMA1_Channel1_IRQHandler
                0x0000000008000558                Default_Handler
                0x0000000008000558                EXTI15_10_IRQHandler
                0x0000000008000558                TIM7_IRQHandler
                0x0000000008000558                TIM5_IRQHandler
                0x0000000008000558                EXTI9_5_IRQHandler
                0x0000000008000558                SPI2_IRQHandler
                0x0000000008000558                USB_LP_CAN_RX0_IRQHandler
                0x0000000008000558                MemManage_Handler
                0x0000000008000558                SVC_Handler
                0x0000000008000558                DMA1_Channel5_IRQHandler
                0x0000000008000558                EXTI4_IRQHandler
                0x0000000008000558                DMA1_Channel3_IRQHandler
                0x0000000008000558                FSMC_IRQHandler
                0x0000000008000558                TIM1_UP_IRQHandler
                0x0000000008000558                WWDG_IRQHandler
                0x0000000008000558                TIM2_IRQHandler
                0x0000000008000558                TIM1_BRK_IRQHandler
                0x0000000008000558                EXTI1_IRQHandler
                0x0000000008000558                RTCAlarm_IRQHandler
                0x0000000008000558                DMA2_Channel4_5_IRQHandler
                0x0000000008000558                USART2_IRQHandler
                0x0000000008000558                I2C2_ER_IRQHandler
                0x0000000008000558                DMA1_Channel2_IRQHandler
                0x0000000008000558                TIM8_BRK_IRQHandler
                0x0000000008000558                FLASH_IRQHandler
                0x0000000008000558                BusFault_Handler
                0x0000000008000558                USART1_IRQHandler
                0x0000000008000558                SPI3_IRQHandler
                0x0000000008000558                I2C1_ER_IRQHandler
                0x0000000008000558                DMA2_Channel3_IRQHandler
 *fill*         0x000000000800055a        0x2 
 .text.__libc_init_array
                0x000000000800055c       0x48 d:/c/programs/st/stm32cubeide_1.4.0/stm32cubeide/plugins/com.st.stm32cube.ide.mcu.externaltools.gnu-tools-for-stm32.7-2018-q2-update.win32_1.4.0.202007081208/tools/bin/../lib/gcc/arm-none-eabi/7.3.1/../../../../arm-none-eabi/lib/thumb/v7-m\libc_nano.a(lib_a-init.o)
                0x000000000800055c                __libc_init_array
 *(.glue_7)
 .glue_7        0x00000000080005a4        0x0 linker stubs
 *(.glue_7t)
 .glue_7t       0x00000000080005a4        0x0 linker stubs
 *(.eh_frame)
 .eh_frame      0x00000000080005a4        0x0 d:/c/programs/st/stm32cubeide_1.4.0/stm32cubeide/plugins/com.st.stm32cube.ide.mcu.externaltools.gnu-tools-for-stm32.7-2018-q2-update.win32_1.4.0.202007081208/tools/bin/../lib/gcc/arm-none-eabi/7.3.1/thumb/v7-m/crtbegin.o
 *(.init)
 .init          0x00000000080005a4        0x4 d:/c/programs/st/stm32cubeide_1.4.0/stm32cubeide/plugins/com.st.stm32cube.ide.mcu.externaltools.gnu-tools-for-stm32.7-2018-q2-update.win32_1.4.0.202007081208/tools/bin/../lib/gcc/arm-none-eabi/7.3.1/thumb/v7-m/crti.o
                0x00000000080005a4                _init
 .init          0x00000000080005a8        0x8 d:/c/programs/st/stm32cubeide_1.4.0/stm32cubeide/plugins/com.st.stm32cube.ide.mcu.externaltools.gnu-tools-for-stm32.7-2018-q2-update.win32_1.4.0.202007081208/tools/bin/../lib/gcc/arm-none-eabi/7.3.1/thumb/v7-m/crtn.o
 *(.fini)
 .fini          0x00000000080005b0        0x4 d:/c/programs/st/stm32cubeide_1.4.0/stm32cubeide/plugins/com.st.stm32cube.ide.mcu.externaltools.gnu-tools-for-stm32.7-2018-q2-update.win32_1.4.0.202007081208/tools/bin/../lib/gcc/arm-none-eabi/7.3.1/thumb/v7-m/crti.o
                0x00000000080005b0                _fini
 .fini          0x00000000080005b4        0x8 d:/c/programs/st/stm32cubeide_1.4.0/stm32cubeide/plugins/com.st.stm32cube.ide.mcu.externaltools.gnu-tools-for-stm32.7-2018-q2-update.win32_1.4.0.202007081208/tools/bin/../lib/gcc/arm-none-eabi/7.3.1/thumb/v7-m/crtn.o
                0x00000000080005bc                . = ALIGN (0x4)
                0x00000000080005bc                _etext = .

.vfp11_veneer   0x00000000080005bc        0x0
 .vfp11_veneer  0x00000000080005bc        0x0 linker stubs

.v4_bx          0x00000000080005bc        0x0
 .v4_bx         0x00000000080005bc        0x0 linker stubs

.iplt           0x00000000080005bc        0x0
 .iplt          0x00000000080005bc        0x0 d:/c/programs/st/stm32cubeide_1.4.0/stm32cubeide/plugins/com.st.stm32cube.ide.mcu.externaltools.gnu-tools-for-stm32.7-2018-q2-update.win32_1.4.0.202007081208/tools/bin/../lib/gcc/arm-none-eabi/7.3.1/thumb/v7-m/crtbegin.o

.rel.dyn        0x00000000080005bc        0x0
 .rel.iplt      0x00000000080005bc        0x0 d:/c/programs/st/stm32cubeide_1.4.0/stm32cubeide/plugins/com.st.stm32cube.ide.mcu.externaltools.gnu-tools-for-stm32.7-2018-q2-update.win32_1.4.0.202007081208/tools/bin/../lib/gcc/arm-none-eabi/7.3.1/thumb/v7-m/crtbegin.o

.rodata         0x00000000080005bc        0x0
                0x00000000080005bc                . = ALIGN (0x4)
 *(.rodata)
 *(.rodata*)
                0x00000000080005bc                . = ALIGN (0x4)

.ARM.extab      0x00000000080005bc        0x0
                0x00000000080005bc                . = ALIGN (0x4)
 *(.ARM.extab* .gnu.linkonce.armextab.*)
                0x00000000080005bc                . = ALIGN (0x4)

.ARM            0x00000000080005bc        0x0
                0x00000000080005bc                . = ALIGN (0x4)
                0x00000000080005bc                __exidx_start = .
 *(.ARM.exidx*)
                0x00000000080005bc                __exidx_end = .
                0x00000000080005bc                . = ALIGN (0x4)

.preinit_array  0x00000000080005bc        0x0
                0x00000000080005bc                . = ALIGN (0x4)
                0x00000000080005bc                PROVIDE (__preinit_array_start = .)
 *(.preinit_array*)
                0x00000000080005bc                PROVIDE (__preinit_array_end = .)
                0x00000000080005bc                . = ALIGN (0x4)

.init_array     0x00000000080005bc        0x4
                0x00000000080005bc                . = ALIGN (0x4)
                0x00000000080005bc                PROVIDE (__init_array_start = .)
 *(SORT_BY_NAME(.init_array.*))
 *(.init_array*)
 .init_array    0x00000000080005bc        0x4 d:/c/programs/st/stm32cubeide_1.4.0/stm32cubeide/plugins/com.st.stm32cube.ide.mcu.externaltools.gnu-tools-for-stm32.7-2018-q2-update.win32_1.4.0.202007081208/tools/bin/../lib/gcc/arm-none-eabi/7.3.1/thumb/v7-m/crtbegin.o
                0x00000000080005c0                PROVIDE (__init_array_end = .)
                0x00000000080005c0                . = ALIGN (0x4)

.fini_array     0x00000000080005c0        0x4
                0x00000000080005c0                . = ALIGN (0x4)
                [!provide]                        PROVIDE (__fini_array_start = .)
 *(SORT_BY_NAME(.fini_array.*))
 *(.fini_array*)
 .fini_array    0x00000000080005c0        0x4 d:/c/programs/st/stm32cubeide_1.4.0/stm32cubeide/plugins/com.st.stm32cube.ide.mcu.externaltools.gnu-tools-for-stm32.7-2018-q2-update.win32_1.4.0.202007081208/tools/bin/../lib/gcc/arm-none-eabi/7.3.1/thumb/v7-m/crtbegin.o
                [!provide]                        PROVIDE (__fini_array_end = .)
                0x00000000080005c4                . = ALIGN (0x4)
                0x00000000080005c4                _sidata = LOADADDR (.data)

.data           0x0000000020000000        0x4 load address 0x00000000080005c4
                0x0000000020000000                . = ALIGN (0x4)
                0x0000000020000000                _sdata = .
 *(.data)
 *(.data*)
 .data.threshold
                0x0000000020000000        0x4 Src/main_algorithm.o
                0x0000000020000000                threshold
                0x0000000020000004                . = ALIGN (0x4)
                0x0000000020000004                _edata = .

.igot.plt       0x0000000020000004        0x0 load address 0x00000000080005c8
 .igot.plt      0x0000000020000004        0x0 d:/c/programs/st/stm32cubeide_1.4.0/stm32cubeide/plugins/com.st.stm32cube.ide.mcu.externaltools.gnu-tools-for-stm32.7-2018-q2-update.win32_1.4.0.202007081208/tools/bin/../lib/gcc/arm-none-eabi/7.3.1/thumb/v7-m/crtbegin.o
                0x0000000020000004                . = ALIGN (0x4)

.bss            0x0000000020000004       0x44 load address 0x00000000080005c8
                0x0000000020000004                _sbss = .
                0x0000000020000004                __bss_start__ = _sbss
 *(.bss)
 .bss           0x0000000020000004       0x1c d:/c/programs/st/stm32cubeide_1.4.0/stm32cubeide/plugins/com.st.stm32cube.ide.mcu.externaltools.gnu-tools-for-stm32.7-2018-q2-update.win32_1.4.0.202007081208/tools/bin/../lib/gcc/arm-none-eabi/7.3.1/thumb/v7-m/crtbegin.o
 *(.bss*)
 .bss.Pval      0x0000000020000020        0x4 Src/PS_driver.o
                0x0000000020000020                Pval
 .bss.pull_timer
                0x0000000020000024        0x4 Src/PS_driver.o
                0x0000000020000024                pull_timer
 .bss.alarm_timer
                0x0000000020000028        0x4 Src/alarm_monitor.o
                0x0000000020000028                alarm_timer
 .bss.alarm_flag
                0x000000002000002c        0x4 Src/alarm_monitor.o
                0x000000002000002c                alarm_flag
 .bss.get_Pval  0x0000000020000030        0x4 Src/main_algorithm.o
                0x0000000020000030                get_Pval
 *(COMMON)
 COMMON         0x0000000020000034        0x4 Src/AC_driver.o
                0x0000000020000034                AC_state
 COMMON         0x0000000020000038        0x4 Src/PS_driver.o
                0x0000000020000038                ps_state
 COMMON         0x000000002000003c        0x4 Src/alarm_monitor.o
                0x000000002000003c                AM_state
 COMMON         0x0000000020000040        0x4 Src/main.o
                0x0000000020000040                AC_state_id
                0x0000000020000041                AM_state_id
                0x0000000020000042                mainALG_state_id
                0x0000000020000043                PS_state_id
 COMMON         0x0000000020000044        0x4 Src/main_algorithm.o
                0x0000000020000044                mainALG_state
                0x0000000020000048                . = ALIGN (0x4)
                0x0000000020000048                _ebss = .
                0x0000000020000048                __bss_end__ = _ebss

._user_heap_stack
                0x0000000020000048      0x600 load address 0x00000000080005c8
                0x0000000020000048                . = ALIGN (0x8)
                [!provide]                        PROVIDE (end = .)
                [!provide]                        PROVIDE (_end = .)
                0x0000000020000248                . = (. + _Min_Heap_Size)
 *fill*         0x0000000020000048      0x200 
                0x0000000020000648                . = (. + _Min_Stack_Size)
 *fill*         0x0000000020000248      0x400 
                0x0000000020000648                . = ALIGN (0x8)

/DISCARD/
 libc.a(*)
 libm.a(*)
 libgcc.a(*)

.ARM.attributes
                0x0000000000000000       0x29
 *(.ARM.attributes)
 .ARM.attributes
                0x0000000000000000       0x1d d:/c/programs/st/stm32cubeide_1.4.0/stm32cubeide/plugins/com.st.stm32cube.ide.mcu.externaltools.gnu-tools-for-stm32.7-2018-q2-update.win32_1.4.0.202007081208/tools/bin/../lib/gcc/arm-none-eabi/7.3.1/thumb/v7-m/crti.o
 .ARM.attributes
                0x000000000000001d       0x2d d:/c/programs/st/stm32cubeide_1.4.0/stm32cubeide/plugins/com.st.stm32cube.ide.mcu.externaltools.gnu-tools-for-stm32.7-2018-q2-update.win32_1.4.0.202007081208/tools/bin/../lib/gcc/arm-none-eabi/7.3.1/thumb/v7-m/crtbegin.o
 .ARM.attributes
                0x000000000000004a       0x33 Src/AC_driver.o
 .ARM.attributes
                0x000000000000007d       0x33 Src/PS_driver.o
 .ARM.attributes
                0x00000000000000b0       0x33 Src/alarm_monitor.o
 .ARM.attributes
                0x00000000000000e3       0x33 Src/driver.o
 .ARM.attributes
                0x0000000000000116       0x33 Src/main.o
 .ARM.attributes
                0x0000000000000149       0x33 Src/main_algorithm.o
 .ARM.attributes
                0x000000000000017c       0x21 Startup/startup_stm32f103c6tx.o
 .ARM.attributes
                0x000000000000019d       0x2d d:/c/programs/st/stm32cubeide_1.4.0/stm32cubeide/plugins/com.st.stm32cube.ide.mcu.externaltools.gnu-tools-for-stm32.7-2018-q2-update.win32_1.4.0.202007081208/tools/bin/../lib/gcc/arm-none-eabi/7.3.1/../../../../arm-none-eabi/lib/thumb/v7-m\libc_nano.a(lib_a-init.o)
 .ARM.attributes
                0x00000000000001ca       0x1d d:/c/programs/st/stm32cubeide_1.4.0/stm32cubeide/plugins/com.st.stm32cube.ide.mcu.externaltools.gnu-tools-for-stm32.7-2018-q2-update.win32_1.4.0.202007081208/tools/bin/../lib/gcc/arm-none-eabi/7.3.1/thumb/v7-m/crtn.o
OUTPUT(pressue_controller.elf elf32-littlearm)

.debug_info     0x0000000000000000     0x38b4
 .debug_info    0x0000000000000000      0x960 Src/AC_driver.o
 .debug_info    0x0000000000000960      0x94e Src/PS_driver.o
 .debug_info    0x00000000000012ae      0x99a Src/alarm_monitor.o
 .debug_info    0x0000000000001c48      0x907 Src/driver.o
 .debug_info    0x000000000000254f      0x9fd Src/main.o
 .debug_info    0x0000000000002f4c      0x946 Src/main_algorithm.o
 .debug_info    0x0000000000003892       0x22 Startup/startup_stm32f103c6tx.o

.debug_abbrev   0x0000000000000000      0xace
 .debug_abbrev  0x0000000000000000      0x1bb Src/AC_driver.o
 .debug_abbrev  0x00000000000001bb      0x1bd Src/PS_driver.o
 .debug_abbrev  0x0000000000000378      0x1d3 Src/alarm_monitor.o
 .debug_abbrev  0x000000000000054b      0x1c9 Src/driver.o
 .debug_abbrev  0x0000000000000714      0x1c4 Src/main.o
 .debug_abbrev  0x00000000000008d8      0x1e4 Src/main_algorithm.o
 .debug_abbrev  0x0000000000000abc       0x12 Startup/startup_stm32f103c6tx.o

.debug_aranges  0x0000000000000000      0x160
 .debug_aranges
                0x0000000000000000       0x48 Src/AC_driver.o
 .debug_aranges
                0x0000000000000048       0x30 Src/PS_driver.o
 .debug_aranges
                0x0000000000000078       0x38 Src/alarm_monitor.o
 .debug_aranges
                0x00000000000000b0       0x38 Src/driver.o
 .debug_aranges
                0x00000000000000e8       0x28 Src/main.o
 .debug_aranges
                0x0000000000000110       0x28 Src/main_algorithm.o
 .debug_aranges
                0x0000000000000138       0x28 Startup/startup_stm32f103c6tx.o

.debug_ranges   0x0000000000000000       0xf8
 .debug_ranges  0x0000000000000000       0x38 Src/AC_driver.o
 .debug_ranges  0x0000000000000038       0x20 Src/PS_driver.o
 .debug_ranges  0x0000000000000058       0x28 Src/alarm_monitor.o
 .debug_ranges  0x0000000000000080       0x28 Src/driver.o
 .debug_ranges  0x00000000000000a8       0x18 Src/main.o
 .debug_ranges  0x00000000000000c0       0x18 Src/main_algorithm.o
 .debug_ranges  0x00000000000000d8       0x20 Startup/startup_stm32f103c6tx.o

.debug_macro    0x0000000000000000     0x28b1
 .debug_macro   0x0000000000000000      0x20e Src/AC_driver.o
 .debug_macro   0x000000000000020e      0xa60 Src/AC_driver.o
 .debug_macro   0x0000000000000c6e       0x22 Src/AC_driver.o
 .debug_macro   0x0000000000000c90       0x40 Src/AC_driver.o
 .debug_macro   0x0000000000000cd0       0x18 Src/AC_driver.o
 .debug_macro   0x0000000000000ce8       0x94 Src/AC_driver.o
 .debug_macro   0x0000000000000d7c       0x3c Src/AC_driver.o
 .debug_macro   0x0000000000000db8       0x34 Src/AC_driver.o
 .debug_macro   0x0000000000000dec       0x16 Src/AC_driver.o
 .debug_macro   0x0000000000000e02       0x57 Src/AC_driver.o
 .debug_macro   0x0000000000000e59       0x97 Src/AC_driver.o
 .debug_macro   0x0000000000000ef0      0x330 Src/AC_driver.o
 .debug_macro   0x0000000000001220       0xfd Src/AC_driver.o
 .debug_macro   0x000000000000131d       0x10 Src/AC_driver.o
 .debug_macro   0x000000000000132d       0x52 Src/AC_driver.o
 .debug_macro   0x000000000000137f       0x1f Src/AC_driver.o
 .debug_macro   0x000000000000139e       0x43 Src/AC_driver.o
 .debug_macro   0x00000000000013e1       0x20 Src/AC_driver.o
 .debug_macro   0x0000000000001401      0x1a3 Src/AC_driver.o
 .debug_macro   0x00000000000015a4       0x10 Src/AC_driver.o
 .debug_macro   0x00000000000015b4       0x6a Src/AC_driver.o
 .debug_macro   0x000000000000161e       0x1c Src/AC_driver.o
 .debug_macro   0x000000000000163a       0x52 Src/AC_driver.o
 .debug_macro   0x000000000000168c       0x40 Src/AC_driver.o
 .debug_macro   0x00000000000016cc       0x10 Src/AC_driver.o
 .debug_macro   0x00000000000016dc       0x40 Src/AC_driver.o
 .debug_macro   0x000000000000171c       0xd7 Src/AC_driver.o
 .debug_macro   0x00000000000017f3       0x1c Src/AC_driver.o
 .debug_macro   0x000000000000180f       0x3d Src/AC_driver.o
 .debug_macro   0x000000000000184c       0x16 Src/AC_driver.o
 .debug_macro   0x0000000000001862      0x145 Src/AC_driver.o
 .debug_macro   0x00000000000019a7       0x16 Src/AC_driver.o
 .debug_macro   0x00000000000019bd       0x35 Src/AC_driver.o
 .debug_macro   0x00000000000019f2       0x16 Src/AC_driver.o
 .debug_macro   0x0000000000001a08       0x29 Src/AC_driver.o
 .debug_macro   0x0000000000001a31       0xef Src/AC_driver.o
 .debug_macro   0x0000000000001b20      0x1df Src/AC_driver.o
 .debug_macro   0x0000000000001cff       0x1c Src/AC_driver.o
 .debug_macro   0x0000000000001d1b       0x46 Src/AC_driver.o
 .debug_macro   0x0000000000001d61      0x20e Src/PS_driver.o
 .debug_macro   0x0000000000001f6f      0x218 Src/alarm_monitor.o
 .debug_macro   0x0000000000002187      0x1c7 Src/driver.o
 .debug_macro   0x000000000000234e       0x8e Src/driver.o
 .debug_macro   0x00000000000023dc       0x51 Src/driver.o
 .debug_macro   0x000000000000242d       0x46 Src/driver.o
 .debug_macro   0x0000000000002473      0x230 Src/main.o
 .debug_macro   0x00000000000026a3      0x20e Src/main_algorithm.o

.debug_line     0x0000000000000000     0x2572
 .debug_line    0x0000000000000000      0x649 Src/AC_driver.o
 .debug_line    0x0000000000000649      0x616 Src/PS_driver.o
 .debug_line    0x0000000000000c5f      0x649 Src/alarm_monitor.o
 .debug_line    0x00000000000012a8      0x5ee Src/driver.o
 .debug_line    0x0000000000001896      0x64d Src/main.o
 .debug_line    0x0000000000001ee3      0x60b Src/main_algorithm.o
 .debug_line    0x00000000000024ee       0x84 Startup/startup_stm32f103c6tx.o

.debug_str      0x0000000000000000     0x83f7
 .debug_str     0x0000000000000000     0x8190 Src/AC_driver.o
                                       0x83fb (size before relaxing)
 .debug_str     0x0000000000008190       0x7c Src/PS_driver.o
                                       0x83d7 (size before relaxing)
 .debug_str     0x000000000000820c       0xf2 Src/alarm_monitor.o
                                       0x846e (size before relaxing)
 .debug_str     0x00000000000082fe       0x5e Src/driver.o
                                       0x8230 (size before relaxing)
 .debug_str     0x000000000000835c       0x19 Src/main.o
                                       0x84a9 (size before relaxing)
 .debug_str     0x0000000000008375       0x51 Src/main_algorithm.o
                                       0x83fd (size before relaxing)
 .debug_str     0x00000000000083c6       0x31 Startup/startup_stm32f103c6tx.o
                                         0x84 (size before relaxing)

.comment        0x0000000000000000       0x7b
 .comment       0x0000000000000000       0x7b Src/AC_driver.o
                                         0x7c (size before relaxing)
 .comment       0x000000000000007b       0x7c Src/PS_driver.o
 .comment       0x000000000000007b       0x7c Src/alarm_monitor.o
 .comment       0x000000000000007b       0x7c Src/driver.o
 .comment       0x000000000000007b       0x7c Src/main.o
 .comment       0x000000000000007b       0x7c Src/main_algorithm.o

.debug_frame    0x0000000000000000      0x310
 .debug_frame   0x0000000000000000       0xc0 Src/AC_driver.o
 .debug_frame   0x00000000000000c0       0x64 Src/PS_driver.o
 .debug_frame   0x0000000000000124       0x84 Src/alarm_monitor.o
 .debug_frame   0x00000000000001a8       0xa0 Src/driver.o
 .debug_frame   0x0000000000000248       0x48 Src/main.o
 .debug_frame   0x0000000000000290       0x54 Src/main_algorithm.o
 .debug_frame   0x00000000000002e4       0x2c d:/c/programs/st/stm32cubeide_1.4.0/stm32cubeide/plugins/com.st.stm32cube.ide.mcu.externaltools.gnu-tools-for-stm32.7-2018-q2-update.win32_1.4.0.202007081208/tools/bin/../lib/gcc/arm-none-eabi/7.3.1/../../../../arm-none-eabi/lib/thumb/v7-m\libc_nano.a(lib_a-init.o)
