
There are no discarded input sections

Memory Configuration

Name             Origin             Length             Attributes
flash            0x08000000         0x00020000         xr
sram             0x20000000         0x00005000         xrw
*default*        0x00000000         0xffffffff

Linker script and memory map


.text           0x08000000      0x41c
 *(.vectors*)
 .vectors       0x08000000       0x1c startup.o
                0x08000000                vectors
 *(.text*)
 .text          0x0800001c       0x94 AC_driver.o
                0x0800001c                init_AC
                0x08000028                start_alarm
                0x08000036                stop_alarm
                0x08000044                ST_AC_waiting
                0x08000068                ST_AC_alarm_off
                0x0800008c                ST_AC_alarm_on
 .text          0x080000b0       0xb0 alarm_monitor.o
                0x080000b0                High_pressure_detected
                0x080000cc                ST_AM_alarm_off
                0x080000f0                ST_AM_alarm_on
                0x08000128                ST_AM_waiting
 .text          0x08000160       0xc4 driver.o
                0x08000160                Delay
                0x08000182                getPressureVal
                0x08000198                Set_Alarm_actuator
                0x080001d4                GPIO_INITIALIZATION
 .text          0x08000224       0x8c main.o
                0x08000224                setup
                0x08000270                main
 .text          0x080002b0       0x64 main_algorithm.o
                0x080002b0                setPressureVal
                0x080002c8                ST_mainALG_HP_detected
 .text          0x08000314       0x78 PS_driver.o
                0x08000314                PS_init
                0x08000320                ST_PS_Reading
                0x08000358                ST_PS_Waiting
 .text          0x0800038c       0x90 startup.o
                0x0800038c                H_Fault_Handler
                0x0800038c                MM_Fault_Handler
                0x0800038c                Bus_Handler
                0x0800038c                Default_Handler
                0x0800038c                Usage_Fault_Handler
                0x0800038c                NMI_Handler
                0x08000398                Reset_Handler
 *(.rodata)
                0x0800041c                        E_text = .

.glue_7         0x0800041c        0x0
 .glue_7        0x0800041c        0x0 linker stubs

.glue_7t        0x0800041c        0x0
 .glue_7t       0x0800041c        0x0 linker stubs

.vfp11_veneer   0x0800041c        0x0
 .vfp11_veneer  0x0800041c        0x0 linker stubs

.v4_bx          0x0800041c        0x0
 .v4_bx         0x0800041c        0x0 linker stubs

.iplt           0x0800041c        0x0
 .iplt          0x0800041c        0x0 AC_driver.o

.rel.dyn        0x0800041c        0x0
 .rel.iplt      0x0800041c        0x0 AC_driver.o

.data           0x20000000        0x4 load address 0x0800041c
                0x20000000                        _S_Data = .
 *(.data)
 .data          0x20000000        0x0 AC_driver.o
 .data          0x20000000        0x0 alarm_monitor.o
 .data          0x20000000        0x0 driver.o
 .data          0x20000000        0x0 main.o
 .data          0x20000000        0x4 main_algorithm.o
                0x20000000                threshold
 .data          0x20000004        0x0 PS_driver.o
 .data          0x20000004        0x0 startup.o
                0x20000004                        _E_Data = .

.igot.plt       0x20000004        0x0 load address 0x08000420
 .igot.plt      0x20000004        0x0 AC_driver.o

.bss            0x20000004     0x102c load address 0x08000420
                0x20000004                        _S_bss = .
 *(.bss)
 .bss           0x20000004        0x4 AC_driver.o
                0x20000004                AC_state
 .bss           0x20000008        0xc alarm_monitor.o
                0x20000008                alarm_timer
                0x2000000c                alarm_flag
                0x20000010                AM_state
 .bss           0x20000014        0x0 driver.o
 .bss           0x20000014        0x8 main.o
                0x20000014                PS_state_id
                0x20000015                mainALG_state_id
                0x20000016                AM_state_id
                0x20000017                AC_state_id
                0x20000018                pressure_val
 .bss           0x2000001c        0x8 main_algorithm.o
                0x2000001c                get_Pval
                0x20000020                mainALG_state
 .bss           0x20000024        0xc PS_driver.o
                0x20000024                Pval
                0x20000028                pull_timer
                0x2000002c                ps_state
 .bss           0x20000030        0x0 startup.o
 *(COMMON)
                0x20000030                        . = ALIGN (0x4)
                0x20000030                        _E_bss = .
                0x20000030                        . = ALIGN (0x4)
                0x20001030                        . = (. + 0x1000)
 *fill*         0x20000030     0x1000 
                0x20001030                        _stack_top = .
LOAD AC_driver.o
LOAD alarm_monitor.o
LOAD driver.o
LOAD main.o
LOAD main_algorithm.o
LOAD PS_driver.o
LOAD startup.o
OUTPUT(pressure_controller.elf elf32-littlearm)
LOAD linker stubs

.debug_info     0x00000000      0xb87
 .debug_info    0x00000000      0x195 AC_driver.o
 .debug_info    0x00000195      0x1a1 alarm_monitor.o
 .debug_info    0x00000336      0x112 driver.o
 .debug_info    0x00000448      0x2b7 main.o
 .debug_info    0x000006ff      0x148 main_algorithm.o
 .debug_info    0x00000847      0x18c PS_driver.o
 .debug_info    0x000009d3      0x1b4 startup.o

.debug_abbrev   0x00000000      0x67d
 .debug_abbrev  0x00000000       0xeb AC_driver.o
 .debug_abbrev  0x000000eb       0xfe alarm_monitor.o
 .debug_abbrev  0x000001e9       0xc3 driver.o
 .debug_abbrev  0x000002ac       0xf4 main.o
 .debug_abbrev  0x000003a0       0xdf main_algorithm.o
 .debug_abbrev  0x0000047f      0x102 PS_driver.o
 .debug_abbrev  0x00000581       0xfc startup.o

.debug_loc      0x00000000      0x4f0
 .debug_loc     0x00000000      0x138 AC_driver.o
 .debug_loc     0x00000138       0xc8 alarm_monitor.o
 .debug_loc     0x00000200      0x140 driver.o
 .debug_loc     0x00000340       0x58 main.o
 .debug_loc     0x00000398       0x58 main_algorithm.o
 .debug_loc     0x000003f0       0x84 PS_driver.o
 .debug_loc     0x00000474       0x7c startup.o

.debug_aranges  0x00000000       0xe0
 .debug_aranges
                0x00000000       0x20 AC_driver.o
 .debug_aranges
                0x00000020       0x20 alarm_monitor.o
 .debug_aranges
                0x00000040       0x20 driver.o
 .debug_aranges
                0x00000060       0x20 main.o
 .debug_aranges
                0x00000080       0x20 main_algorithm.o
 .debug_aranges
                0x000000a0       0x20 PS_driver.o
 .debug_aranges
                0x000000c0       0x20 startup.o

.debug_line     0x00000000      0x60b
 .debug_line    0x00000000       0x94 AC_driver.o
 .debug_line    0x00000094       0xae alarm_monitor.o
 .debug_line    0x00000142      0x168 driver.o
 .debug_line    0x000002aa       0xc1 main.o
 .debug_line    0x0000036b       0x9d main_algorithm.o
 .debug_line    0x00000408       0x91 PS_driver.o
 .debug_line    0x00000499      0x172 startup.o

.debug_str      0x00000000      0x3dd
 .debug_str     0x00000000      0x3dd AC_driver.o
                                0x20b (size before relaxing)
 .debug_str     0x000003dd      0x220 alarm_monitor.o
 .debug_str     0x000003dd      0x19e driver.o
 .debug_str     0x000003dd      0x2d7 main.o
 .debug_str     0x000003dd      0x1f5 main_algorithm.o
 .debug_str     0x000003dd      0x1e9 PS_driver.o
 .debug_str     0x000003dd      0x1c5 startup.o

.comment        0x00000000       0x44
 .comment       0x00000000       0x44 AC_driver.o
                                 0x45 (size before relaxing)
 .comment       0x00000044       0x45 alarm_monitor.o
 .comment       0x00000044       0x45 driver.o
 .comment       0x00000044       0x45 main.o
 .comment       0x00000044       0x45 main_algorithm.o
 .comment       0x00000044       0x45 PS_driver.o
 .comment       0x00000044       0x45 startup.o

.ARM.attributes
                0x00000000       0x2d
 .ARM.attributes
                0x00000000       0x2d AC_driver.o
 .ARM.attributes
                0x0000002d       0x2d alarm_monitor.o
 .ARM.attributes
                0x0000005a       0x2d driver.o
 .ARM.attributes
                0x00000087       0x2d main.o
 .ARM.attributes
                0x000000b4       0x2d main_algorithm.o
 .ARM.attributes
                0x000000e1       0x2d PS_driver.o
 .ARM.attributes
                0x0000010e       0x2d startup.o

.debug_frame    0x00000000      0x328
 .debug_frame   0x00000000       0xc0 AC_driver.o
 .debug_frame   0x000000c0       0x84 alarm_monitor.o
 .debug_frame   0x00000144       0xa0 driver.o
 .debug_frame   0x000001e4       0x48 main.o
 .debug_frame   0x0000022c       0x48 main_algorithm.o
 .debug_frame   0x00000274       0x64 PS_driver.o
 .debug_frame   0x000002d8       0x50 startup.o
