13:31:23 **** Incremental Build of configuration Debug for project Drivers ****
make -j8 all 
arm-none-eabi-gcc -gdwarf-2 "../Src/main.c" -mcpu=cortex-m3 -std=gnu11 -g3 -DSTM32 -DSTM32F1 -DSTM32F103C6Tx -DDEBUG -c -I../Inc -I"D:/full_diploma/ES_Online_Diploma_KS/second-term/unit7/MCU essential peripheral/drivers/Drivers/stm32_f103c6_drivers/inc" -I"D:/full_diploma/ES_Online_Diploma_KS/second-term/unit7/MCU essential peripheral/drivers/Drivers/HAL/KEYPAD_DRIVER" -I"D:/full_diploma/ES_Online_Diploma_KS/second-term/unit7/MCU essential peripheral/drivers/Drivers/HAL/LCD_DRIVER" -O0 -ffunction-sections -fdata-sections -Wall -fstack-usage -MMD -MP -MF"Src/main.d" -MT"Src/main.o" --specs=nano.specs -mfloat-abi=soft -mthumb -o "Src/main.o"
arm-none-eabi-gcc -o "Drivers.elf" @"objects.list"   -mcpu=cortex-m3 -T"D:\full_diploma\ES_Online_Diploma_KS\second-term\unit7\MCU essential peripheral\drivers\Drivers\STM32F103C6TX_FLASH.ld" --specs=nosys.specs -Wl,-Map="Drivers.map" -Wl,--gc-sections -static --specs=nano.specs -mfloat-abi=soft -mthumb -Wl,--start-group -lc -lm -Wl,--end-group
Finished building target: Drivers.elf
 
arm-none-eabi-objdump -h -S  Drivers.elf  > "Drivers.list"
arm-none-eabi-objcopy  -O binary  Drivers.elf  "Drivers.bin"
arm-none-eabi-size   Drivers.elf 
   text	   data	    bss	    dec	    hex	filename
   3116	     40	   1568	   4724	   1274	Drivers.elf
Finished building: default.size.stdout
 
Finished building: Drivers.bin
Finished building: Drivers.list
 
 

13:31:24 Build Finished. 0 errors, 0 warnings. (took 520ms)

