10:00:02 **** Build of configuration Debug for project Drivers ****
make -j8 all 
arm-none-eabi-gcc -gdwarf-2 "../stm32_f103c6_drivers/stm32_f103c6_GPIO_driver.c" -mcpu=cortex-m3 -std=gnu11 -g3 -DSTM32 -DSTM32F1 -DSTM32F103C6Tx -DDEBUG -c -I../Inc -I"D:/full_diploma/ES_Online_Diploma_KS/second-term/unit7/MCU essential peripheral/drivers/Drivers/stm32_f103c6_drivers/inc" -O0 -ffunction-sections -fdata-sections -Wall -fstack-usage -MMD -MP -MF"stm32_f103c6_drivers/stm32_f103c6_GPIO_driver.d" -MT"stm32_f103c6_drivers/stm32_f103c6_GPIO_driver.o" --specs=nano.specs -mfloat-abi=soft -mthumb -o "stm32_f103c6_drivers/stm32_f103c6_GPIO_driver.o"
arm-none-eabi-gcc -gdwarf-2 -mcpu=cortex-m3 -g3 -c -x assembler-with-cpp -MMD -MP -MF"Startup/startup_stm32f103c6tx.d" -MT"Startup/startup_stm32f103c6tx.o" --specs=nano.specs -mfloat-abi=soft -mthumb -o "Startup/startup_stm32f103c6tx.o" "../Startup/startup_stm32f103c6tx.s"
arm-none-eabi-gcc -gdwarf-2 "../Src/main.c" -mcpu=cortex-m3 -std=gnu11 -g3 -DSTM32 -DSTM32F1 -DSTM32F103C6Tx -DDEBUG -c -I../Inc -I"D:/full_diploma/ES_Online_Diploma_KS/second-term/unit7/MCU essential peripheral/drivers/Drivers/stm32_f103c6_drivers/inc" -O0 -ffunction-sections -fdata-sections -Wall -fstack-usage -MMD -MP -MF"Src/main.d" -MT"Src/main.o" --specs=nano.specs -mfloat-abi=soft -mthumb -o "Src/main.o"
arm-none-eabi-gcc -gdwarf-2 "../Src/syscalls.c" -mcpu=cortex-m3 -std=gnu11 -g3 -DSTM32 -DSTM32F1 -DSTM32F103C6Tx -DDEBUG -c -I../Inc -I"D:/full_diploma/ES_Online_Diploma_KS/second-term/unit7/MCU essential peripheral/drivers/Drivers/stm32_f103c6_drivers/inc" -O0 -ffunction-sections -fdata-sections -Wall -fstack-usage -MMD -MP -MF"Src/syscalls.d" -MT"Src/syscalls.o" --specs=nano.specs -mfloat-abi=soft -mthumb -o "Src/syscalls.o"
arm-none-eabi-gcc -gdwarf-2 "../Src/sysmem.c" -mcpu=cortex-m3 -std=gnu11 -g3 -DSTM32 -DSTM32F1 -DSTM32F103C6Tx -DDEBUG -c -I../Inc -I"D:/full_diploma/ES_Online_Diploma_KS/second-term/unit7/MCU essential peripheral/drivers/Drivers/stm32_f103c6_drivers/inc" -O0 -ffunction-sections -fdata-sections -Wall -fstack-usage -MMD -MP -MF"Src/sysmem.d" -MT"Src/sysmem.o" --specs=nano.specs -mfloat-abi=soft -mthumb -o "Src/sysmem.o"
arm-none-eabi-gcc -o "Drivers.elf" @"objects.list"   -mcpu=cortex-m3 -T"D:\full_diploma\ES_Online_Diploma_KS\second-term\unit7\MCU essential peripheral\drivers\Drivers\STM32F103C6TX_FLASH.ld" --specs=nosys.specs -Wl,-Map="Drivers.map" -Wl,--gc-sections -static --specs=nano.specs -mfloat-abi=soft -mthumb -Wl,--start-group -lc -lm -Wl,--end-group
Finished building target: Drivers.elf
 
arm-none-eabi-size   Drivers.elf 
arm-none-eabi-objdump -h -S  Drivers.elf  > "Drivers.list"
arm-none-eabi-objcopy  -O binary  Drivers.elf  "Drivers.bin"
   text	   data	    bss	    dec	    hex	filename
    556	      8	   1568	   2132	    854	Drivers.elf
Finished building: default.size.stdout
 
Finished building: Drivers.bin
 
Finished building: Drivers.list
 
19:39:16 **** Incremental Build of configuration Debug for project Drivers ****
make -j8 all 
arm-none-eabi-gcc -gdwarf-2 "../Src/main.c" -mcpu=cortex-m3 -std=gnu11 -g3 -DSTM32 -DSTM32F1 -DSTM32F103C6Tx -DDEBUG -c -I../Inc -I"D:/full_diploma/ES_Online_Diploma_KS/second-term/unit7/MCU essential peripheral/drivers/Drivers/stm32_f103c6_drivers/inc" -O0 -ffunction-sections -fdata-sections -Wall -fstack-usage -MMD -MP -MF"Src/main.d" -MT"Src/main.o" --specs=nano.specs -mfloat-abi=soft -mthumb -o "Src/main.o"
arm-none-eabi-gcc -o "Drivers.elf" @"objects.list"   -mcpu=cortex-m3 -T"D:\full_diploma\ES_Online_Diploma_KS\second-term\unit7\MCU essential peripheral\drivers\Drivers\STM32F103C6TX_FLASH.ld" --specs=nosys.specs -Wl,-Map="Drivers.map" -Wl,--gc-sections -static --specs=nano.specs -mfloat-abi=soft -mthumb -Wl,--start-group -lc -lm -Wl,--end-group
Finished building target: Drivers.elf
 
arm-none-eabi-objdump -h -S  Drivers.elf  > "Drivers.list"
arm-none-eabi-objcopy  -O binary  Drivers.elf  "Drivers.bin"
arm-none-eabi-size   Drivers.elf 
   text	   data	    bss	    dec	    hex	filename
    556	      8	   1568	   2132	    854	Drivers.elf
Finished building: default.size.stdout
 
Finished building: Drivers.bin
Finished building: Drivers.list
 
 
13:45:20 **** Incremental Build of configuration Debug for project Drivers ****
make -j8 all 
arm-none-eabi-gcc -gdwarf-2 "../stm32_f103c6_drivers/stm32_f103c6_GPIO_driver.c" -mcpu=cortex-m3 -std=gnu11 -g3 -DSTM32 -DSTM32F1 -DSTM32F103C6Tx -DDEBUG -c -I../Inc -I"D:/full_diploma/ES_Online_Diploma_KS/second-term/unit7/MCU essential peripheral/drivers/Drivers/stm32_f103c6_drivers/inc" -O0 -ffunction-sections -fdata-sections -Wall -fstack-usage -MMD -MP -MF"stm32_f103c6_drivers/stm32_f103c6_GPIO_driver.d" -MT"stm32_f103c6_drivers/stm32_f103c6_GPIO_driver.o" --specs=nano.specs -mfloat-abi=soft -mthumb -o "stm32_f103c6_drivers/stm32_f103c6_GPIO_driver.o"
arm-none-eabi-gcc -gdwarf-2 "../Src/main.c" -mcpu=cortex-m3 -std=gnu11 -g3 -DSTM32 -DSTM32F1 -DSTM32F103C6Tx -DDEBUG -c -I../Inc -I"D:/full_diploma/ES_Online_Diploma_KS/second-term/unit7/MCU essential peripheral/drivers/Drivers/stm32_f103c6_drivers/inc" -O0 -ffunction-sections -fdata-sections -Wall -fstack-usage -MMD -MP -MF"Src/main.d" -MT"Src/main.o" --specs=nano.specs -mfloat-abi=soft -mthumb -o "Src/main.o"
In file included from ../Src/main.c:25:0:
D:/full_diploma/ES_Online_Diploma_KS/second-term/unit7/MCU essential peripheral/drivers/Drivers/stm32_f103c6_drivers/inc/stm32_f103c6_GPIO_driver.h:105:6: error: conflicting types for 'MCAL_GPIO_WritePin'
 void MCAL_GPIO_WritePin(GPIO_Typedef *GPIOx,uint16_t value);
      ^~~~~~~~~~~~~~~~~~
In file included from ../stm32_f103c6_drivers/stm32_f103c6_GPIO_driver.c:18:0:
D:/full_diploma/ES_Online_Diploma_KS/second-term/unit7/MCU essential peripheral/drivers/Drivers/stm32_f103c6_drivers/inc/stm32_f103c6_GPIO_driver.h:105:6: error: conflicting types for 'MCAL_GPIO_WritePin'
 void MCAL_GPIO_WritePin(GPIO_Typedef *GPIOx,uint16_t value);
      ^~~~~~~~~~~~~~~~~~
D:/full_diploma/ES_Online_Diploma_KS/second-term/unit7/MCU essential peripheral/drivers/Drivers/stm32_f103c6_drivers/inc/stm32_f103c6_GPIO_driver.h:104:6: note: previous declaration of 'MCAL_GPIO_WritePin' was here
 void MCAL_GPIO_WritePin(GPIO_Typedef *GPIOx,uint16_t PinNumber,uint8_t value);
      ^~~~~~~~~~~~~~~~~~
D:/full_diploma/ES_Online_Diploma_KS/second-term/unit7/MCU essential peripheral/drivers/Drivers/stm32_f103c6_drivers/inc/stm32_f103c6_GPIO_driver.h:104:6: note: previous declaration of 'MCAL_GPIO_WritePin' was here
 void MCAL_GPIO_WritePin(GPIO_Typedef *GPIOx,uint16_t PinNumber,uint8_t value);
      ^~~~~~~~~~~~~~~~~~
../stm32_f103c6_drivers/stm32_f103c6_GPIO_driver.c:83:6: error: conflicting types for 'MCAL_GPIO_WritePin'
 void MCAL_GPIO_WritePin(GPIO_Typedef *GPIOx,uint16_t value)
      ^~~~~~~~~~~~~~~~~~
../stm32_f103c6_drivers/stm32_f103c6_GPIO_driver.c:71:6: note: previous definition of 'MCAL_GPIO_WritePin' was here
 void MCAL_GPIO_WritePin(GPIO_Typedef *GPIOx,uint16_t PinNumber,uint8_t value)
      ^~~~~~~~~~~~~~~~~~
../stm32_f103c6_drivers/stm32_f103c6_GPIO_driver.c: In function 'MCAL_GPIO_ReadPin':
../stm32_f103c6_drivers/stm32_f103c6_GPIO_driver.c:48:1: warning: control reaches end of non-void function [-Wreturn-type]
 }
 ^
../stm32_f103c6_drivers/stm32_f103c6_GPIO_driver.c: In function 'MCAL_GPIO_ReadPort':
../stm32_f103c6_drivers/stm32_f103c6_GPIO_driver.c:60:1: warning: control reaches end of non-void function [-Wreturn-type]
 }
 ^
../stm32_f103c6_drivers/stm32_f103c6_GPIO_driver.c: In function 'MCAL_GPIO_LockPin':
../stm32_f103c6_drivers/stm32_f103c6_GPIO_driver.c:114:1: warning: control reaches end of non-void function [-Wreturn-type]
 }
 ^
make: *** [Src/subdir.mk:24: Src/main.o] Error 1
make: *** Waiting for unfinished jobs....
make: *** [stm32_f103c6_drivers/subdir.mk:18: stm32_f103c6_drivers/stm32_f103c6_GPIO_driver.o] Error 1
"make -j8 all" terminated with exit code 2. Build might be incomplete.
13:46:06 **** Incremental Build of configuration Debug for project Drivers ****
make -j8 all 
arm-none-eabi-gcc -gdwarf-2 "../stm32_f103c6_drivers/stm32_f103c6_GPIO_driver.c" -mcpu=cortex-m3 -std=gnu11 -g3 -DSTM32 -DSTM32F1 -DSTM32F103C6Tx -DDEBUG -c -I../Inc -I"D:/full_diploma/ES_Online_Diploma_KS/second-term/unit7/MCU essential peripheral/drivers/Drivers/stm32_f103c6_drivers/inc" -O0 -ffunction-sections -fdata-sections -Wall -fstack-usage -MMD -MP -MF"stm32_f103c6_drivers/stm32_f103c6_GPIO_driver.d" -MT"stm32_f103c6_drivers/stm32_f103c6_GPIO_driver.o" --specs=nano.specs -mfloat-abi=soft -mthumb -o "stm32_f103c6_drivers/stm32_f103c6_GPIO_driver.o"
arm-none-eabi-gcc -gdwarf-2 -mcpu=cortex-m3 -g3 -c -x assembler-with-cpp -MMD -MP -MF"Startup/startup_stm32f103c6tx.d" -MT"Startup/startup_stm32f103c6tx.o" --specs=nano.specs -mfloat-abi=soft -mthumb -o "Startup/startup_stm32f103c6tx.o" "../Startup/startup_stm32f103c6tx.s"
arm-none-eabi-gcc -gdwarf-2 "../Src/main.c" -mcpu=cortex-m3 -std=gnu11 -g3 -DSTM32 -DSTM32F1 -DSTM32F103C6Tx -DDEBUG -c -I../Inc -I"D:/full_diploma/ES_Online_Diploma_KS/second-term/unit7/MCU essential peripheral/drivers/Drivers/stm32_f103c6_drivers/inc" -O0 -ffunction-sections -fdata-sections -Wall -fstack-usage -MMD -MP -MF"Src/main.d" -MT"Src/main.o" --specs=nano.specs -mfloat-abi=soft -mthumb -o "Src/main.o"
arm-none-eabi-gcc -gdwarf-2 "../Src/syscalls.c" -mcpu=cortex-m3 -std=gnu11 -g3 -DSTM32 -DSTM32F1 -DSTM32F103C6Tx -DDEBUG -c -I../Inc -I"D:/full_diploma/ES_Online_Diploma_KS/second-term/unit7/MCU essential peripheral/drivers/Drivers/stm32_f103c6_drivers/inc" -O0 -ffunction-sections -fdata-sections -Wall -fstack-usage -MMD -MP -MF"Src/syscalls.d" -MT"Src/syscalls.o" --specs=nano.specs -mfloat-abi=soft -mthumb -o "Src/syscalls.o"
arm-none-eabi-gcc -gdwarf-2 "../Src/sysmem.c" -mcpu=cortex-m3 -std=gnu11 -g3 -DSTM32 -DSTM32F1 -DSTM32F103C6Tx -DDEBUG -c -I../Inc -I"D:/full_diploma/ES_Online_Diploma_KS/second-term/unit7/MCU essential peripheral/drivers/Drivers/stm32_f103c6_drivers/inc" -O0 -ffunction-sections -fdata-sections -Wall -fstack-usage -MMD -MP -MF"Src/sysmem.d" -MT"Src/sysmem.o" --specs=nano.specs -mfloat-abi=soft -mthumb -o "Src/sysmem.o"
In file included from ../stm32_f103c6_drivers/stm32_f103c6_GPIO_driver.c:18:0:
D:/full_diploma/ES_Online_Diploma_KS/second-term/unit7/MCU essential peripheral/drivers/Drivers/stm32_f103c6_drivers/inc/stm32_f103c6_GPIO_driver.h:105:6: error: conflicting types for 'MCAL_GPIO_WritePin'
 void MCAL_GPIO_WritePin(GPIO_Typedef *GPIOx,uint16_t value);
      ^~~~~~~~~~~~~~~~~~
D:/full_diploma/ES_Online_Diploma_KS/second-term/unit7/MCU essential peripheral/drivers/Drivers/stm32_f103c6_drivers/inc/stm32_f103c6_GPIO_driver.h:104:6: note: previous declaration of 'MCAL_GPIO_WritePin' was here
 void MCAL_GPIO_WritePin(GPIO_Typedef *GPIOx,uint16_t PinNumber,uint8_t value);
      ^~~~~~~~~~~~~~~~~~
../stm32_f103c6_drivers/stm32_f103c6_GPIO_driver.c:83:6: error: conflicting types for 'MCAL_GPIO_WritePin'
 void MCAL_GPIO_WritePin(GPIO_Typedef *GPIOx,uint16_t value)
      ^~~~~~~~~~~~~~~~~~
../stm32_f103c6_drivers/stm32_f103c6_GPIO_driver.c:71:6: note: previous definition of 'MCAL_GPIO_WritePin' was here
 void MCAL_GPIO_WritePin(GPIO_Typedef *GPIOx,uint16_t PinNumber,uint8_t value)
      ^~~~~~~~~~~~~~~~~~
../stm32_f103c6_drivers/stm32_f103c6_GPIO_driver.c: In function 'MCAL_GPIO_ReadPin':
../stm32_f103c6_drivers/stm32_f103c6_GPIO_driver.c:48:1: warning: control reaches end of non-void function [-Wreturn-type]
 }
 ^
../stm32_f103c6_drivers/stm32_f103c6_GPIO_driver.c: In function 'MCAL_GPIO_ReadPort':
../stm32_f103c6_drivers/stm32_f103c6_GPIO_driver.c:60:1: warning: control reaches end of non-void function [-Wreturn-type]
 }
 ^
../stm32_f103c6_drivers/stm32_f103c6_GPIO_driver.c: In function 'MCAL_GPIO_LockPin':
../stm32_f103c6_drivers/stm32_f103c6_GPIO_driver.c:114:1: warning: control reaches end of non-void function [-Wreturn-type]
 }
 ^
In file included from ../Src/main.c:25:0:
D:/full_diploma/ES_Online_Diploma_KS/second-term/unit7/MCU essential peripheral/drivers/Drivers/stm32_f103c6_drivers/inc/stm32_f103c6_GPIO_driver.h:105:6: error: conflicting types for 'MCAL_GPIO_WritePin'
 void MCAL_GPIO_WritePin(GPIO_Typedef *GPIOx,uint16_t value);
      ^~~~~~~~~~~~~~~~~~
D:/full_diploma/ES_Online_Diploma_KS/second-term/unit7/MCU essential peripheral/drivers/Drivers/stm32_f103c6_drivers/inc/stm32_f103c6_GPIO_driver.h:104:6: note: previous declaration of 'MCAL_GPIO_WritePin' was here
 void MCAL_GPIO_WritePin(GPIO_Typedef *GPIOx,uint16_t PinNumber,uint8_t value);
      ^~~~~~~~~~~~~~~~~~
make: *** [stm32_f103c6_drivers/subdir.mk:18: stm32_f103c6_drivers/stm32_f103c6_GPIO_driver.o] Error 1
make: *** Waiting for unfinished jobs....
make: *** [Src/subdir.mk:24: Src/main.o] Error 1
"make -j8 all" terminated with exit code 2. Build might be incomplete.
13:46:44 **** Incremental Build of configuration Debug for project Drivers ****
make -j8 all 
arm-none-eabi-gcc -gdwarf-2 "../stm32_f103c6_drivers/stm32_f103c6_GPIO_driver.c" -mcpu=cortex-m3 -std=gnu11 -g3 -DSTM32 -DSTM32F1 -DSTM32F103C6Tx -DDEBUG -c -I../Inc -I"D:/full_diploma/ES_Online_Diploma_KS/second-term/unit7/MCU essential peripheral/drivers/Drivers/stm32_f103c6_drivers/inc" -O0 -ffunction-sections -fdata-sections -Wall -fstack-usage -MMD -MP -MF"stm32_f103c6_drivers/stm32_f103c6_GPIO_driver.d" -MT"stm32_f103c6_drivers/stm32_f103c6_GPIO_driver.o" --specs=nano.specs -mfloat-abi=soft -mthumb -o "stm32_f103c6_drivers/stm32_f103c6_GPIO_driver.o"
arm-none-eabi-gcc -gdwarf-2 -mcpu=cortex-m3 -g3 -c -x assembler-with-cpp -MMD -MP -MF"Startup/startup_stm32f103c6tx.d" -MT"Startup/startup_stm32f103c6tx.o" --specs=nano.specs -mfloat-abi=soft -mthumb -o "Startup/startup_stm32f103c6tx.o" "../Startup/startup_stm32f103c6tx.s"
arm-none-eabi-gcc -gdwarf-2 "../Src/main.c" -mcpu=cortex-m3 -std=gnu11 -g3 -DSTM32 -DSTM32F1 -DSTM32F103C6Tx -DDEBUG -c -I../Inc -I"D:/full_diploma/ES_Online_Diploma_KS/second-term/unit7/MCU essential peripheral/drivers/Drivers/stm32_f103c6_drivers/inc" -O0 -ffunction-sections -fdata-sections -Wall -fstack-usage -MMD -MP -MF"Src/main.d" -MT"Src/main.o" --specs=nano.specs -mfloat-abi=soft -mthumb -o "Src/main.o"
arm-none-eabi-gcc -gdwarf-2 "../Src/syscalls.c" -mcpu=cortex-m3 -std=gnu11 -g3 -DSTM32 -DSTM32F1 -DSTM32F103C6Tx -DDEBUG -c -I../Inc -I"D:/full_diploma/ES_Online_Diploma_KS/second-term/unit7/MCU essential peripheral/drivers/Drivers/stm32_f103c6_drivers/inc" -O0 -ffunction-sections -fdata-sections -Wall -fstack-usage -MMD -MP -MF"Src/syscalls.d" -MT"Src/syscalls.o" --specs=nano.specs -mfloat-abi=soft -mthumb -o "Src/syscalls.o"
arm-none-eabi-gcc -gdwarf-2 "../Src/sysmem.c" -mcpu=cortex-m3 -std=gnu11 -g3 -DSTM32 -DSTM32F1 -DSTM32F103C6Tx -DDEBUG -c -I../Inc -I"D:/full_diploma/ES_Online_Diploma_KS/second-term/unit7/MCU essential peripheral/drivers/Drivers/stm32_f103c6_drivers/inc" -O0 -ffunction-sections -fdata-sections -Wall -fstack-usage -MMD -MP -MF"Src/sysmem.d" -MT"Src/sysmem.o" --specs=nano.specs -mfloat-abi=soft -mthumb -o "Src/sysmem.o"
../stm32_f103c6_drivers/stm32_f103c6_GPIO_driver.c: In function 'MCAL_GPIO_ReadPin':
../stm32_f103c6_drivers/stm32_f103c6_GPIO_driver.c:48:1: warning: control reaches end of non-void function [-Wreturn-type]
 }
 ^
../stm32_f103c6_drivers/stm32_f103c6_GPIO_driver.c: In function 'MCAL_GPIO_ReadPort':
../stm32_f103c6_drivers/stm32_f103c6_GPIO_driver.c:60:1: warning: control reaches end of non-void function [-Wreturn-type]
 }
 ^
../stm32_f103c6_drivers/stm32_f103c6_GPIO_driver.c: In function 'MCAL_GPIO_LockPin':
../stm32_f103c6_drivers/stm32_f103c6_GPIO_driver.c:114:1: warning: control reaches end of non-void function [-Wreturn-type]
 }
 ^
arm-none-eabi-gcc -o "Drivers.elf" @"objects.list"   -mcpu=cortex-m3 -T"D:\full_diploma\ES_Online_Diploma_KS\second-term\unit7\MCU essential peripheral\drivers\Drivers\STM32F103C6TX_FLASH.ld" --specs=nosys.specs -Wl,-Map="Drivers.map" -Wl,--gc-sections -static --specs=nano.specs -mfloat-abi=soft -mthumb -Wl,--start-group -lc -lm -Wl,--end-group
Finished building target: Drivers.elf
 
arm-none-eabi-size   Drivers.elf 
arm-none-eabi-objdump -h -S  Drivers.elf  > "Drivers.list"
arm-none-eabi-objcopy  -O binary  Drivers.elf  "Drivers.bin"
   text	   data	    bss	    dec	    hex	filename
    556	      8	   1568	   2132	    854	Drivers.elf
Finished building: default.size.stdout
 
Finished building: Drivers.bin
Finished building: Drivers.list
 
 
14:28:04 **** Incremental Build of configuration Debug for project Drivers ****
make -j8 all 
arm-none-eabi-gcc -gdwarf-2 "../stm32_f103c6_drivers/stm32_f103c6_GPIO_driver.c" -mcpu=cortex-m3 -std=gnu11 -g3 -DSTM32 -DSTM32F1 -DSTM32F103C6Tx -DDEBUG -c -I../Inc -I"D:/full_diploma/ES_Online_Diploma_KS/second-term/unit7/MCU essential peripheral/drivers/Drivers/stm32_f103c6_drivers/inc" -O0 -ffunction-sections -fdata-sections -Wall -fstack-usage -MMD -MP -MF"stm32_f103c6_drivers/stm32_f103c6_GPIO_driver.d" -MT"stm32_f103c6_drivers/stm32_f103c6_GPIO_driver.o" --specs=nano.specs -mfloat-abi=soft -mthumb -o "stm32_f103c6_drivers/stm32_f103c6_GPIO_driver.o"
arm-none-eabi-gcc -gdwarf-2 "../Src/main.c" -mcpu=cortex-m3 -std=gnu11 -g3 -DSTM32 -DSTM32F1 -DSTM32F103C6Tx -DDEBUG -c -I../Inc -I"D:/full_diploma/ES_Online_Diploma_KS/second-term/unit7/MCU essential peripheral/drivers/Drivers/stm32_f103c6_drivers/inc" -O0 -ffunction-sections -fdata-sections -Wall -fstack-usage -MMD -MP -MF"Src/main.d" -MT"Src/main.o" --specs=nano.specs -mfloat-abi=soft -mthumb -o "Src/main.o"
../stm32_f103c6_drivers/stm32_f103c6_GPIO_driver.c: In function 'GetPosition':
../stm32_f103c6_drivers/stm32_f103c6_GPIO_driver.c:19:2: error: duplicate case value
  case GPIO_PIN_1 || GPIO_PIN_9  :
  ^~~~
../stm32_f103c6_drivers/stm32_f103c6_GPIO_driver.c:16:2: note: previously used here
  case GPIO_PIN_0 || GPIO_PIN_8  :
  ^~~~
../stm32_f103c6_drivers/stm32_f103c6_GPIO_driver.c:22:2: error: duplicate case value
  case GPIO_PIN_2 || GPIO_PIN_10 :
  ^~~~
../stm32_f103c6_drivers/stm32_f103c6_GPIO_driver.c:16:2: note: previously used here
  case GPIO_PIN_0 || GPIO_PIN_8  :
  ^~~~
../stm32_f103c6_drivers/stm32_f103c6_GPIO_driver.c:25:2: error: duplicate case value
  case GPIO_PIN_3 || GPIO_PIN_11 :
  ^~~~
../stm32_f103c6_drivers/stm32_f103c6_GPIO_driver.c:16:2: note: previously used here
  case GPIO_PIN_0 || GPIO_PIN_8  :
  ^~~~
../stm32_f103c6_drivers/stm32_f103c6_GPIO_driver.c:28:2: error: duplicate case value
  case GPIO_PIN_4 || GPIO_PIN_12 :
  ^~~~
../stm32_f103c6_drivers/stm32_f103c6_GPIO_driver.c:16:2: note: previously used here
  case GPIO_PIN_0 || GPIO_PIN_8  :
  ^~~~
../stm32_f103c6_drivers/stm32_f103c6_GPIO_driver.c:31:2: error: duplicate case value
  case GPIO_PIN_5 || GPIO_PIN_13 :
  ^~~~
../stm32_f103c6_drivers/stm32_f103c6_GPIO_driver.c:16:2: note: previously used here
  case GPIO_PIN_0 || GPIO_PIN_8  :
  ^~~~
../stm32_f103c6_drivers/stm32_f103c6_GPIO_driver.c:34:2: error: duplicate case value
  case GPIO_PIN_6 || GPIO_PIN_14 :
  ^~~~
../stm32_f103c6_drivers/stm32_f103c6_GPIO_driver.c:16:2: note: previously used here
  case GPIO_PIN_0 || GPIO_PIN_8  :
  ^~~~
../stm32_f103c6_drivers/stm32_f103c6_GPIO_driver.c:37:2: error: duplicate case value
  case GPIO_PIN_7 || GPIO_PIN_15 :
  ^~~~
../stm32_f103c6_drivers/stm32_f103c6_GPIO_driver.c:16:2: note: previously used here
  case GPIO_PIN_0 || GPIO_PIN_8  :
  ^~~~
../stm32_f103c6_drivers/stm32_f103c6_GPIO_driver.c: In function 'MCAL_GPIO_Init':
../stm32_f103c6_drivers/stm32_f103c6_GPIO_driver.c:58:36: warning: initialization makes integer from pointer without a cast [-Wint-conversion]
  volatile uint8_t configRegister = NULL;
                                    ^~~~
../stm32_f103c6_drivers/stm32_f103c6_GPIO_driver.c:59:17: warning: assignment makes integer from pointer without a cast [-Wint-conversion]
  configRegister = (PinConfig ->GPIO_PinNumber < GPIO_PIN_8)? &GPIOx->CRL : &GPIOx->CRH;
                 ^
../stm32_f103c6_drivers/stm32_f103c6_GPIO_driver.c:58:19: warning: variable 'configRegister' set but not used [-Wunused-but-set-variable]
  volatile uint8_t configRegister = NULL;
                   ^~~~~~~~~~~~~~
../stm32_f103c6_drivers/stm32_f103c6_GPIO_driver.c: In function 'MCAL_GPIO_ReadPin':
../stm32_f103c6_drivers/stm32_f103c6_GPIO_driver.c:85:1: warning: control reaches end of non-void function [-Wreturn-type]
 }
 ^
../stm32_f103c6_drivers/stm32_f103c6_GPIO_driver.c: In function 'MCAL_GPIO_ReadPort':
../stm32_f103c6_drivers/stm32_f103c6_GPIO_driver.c:97:1: warning: control reaches end of non-void function [-Wreturn-type]
 }
 ^
../stm32_f103c6_drivers/stm32_f103c6_GPIO_driver.c: In function 'MCAL_GPIO_LockPin':
../stm32_f103c6_drivers/stm32_f103c6_GPIO_driver.c:151:1: warning: control reaches end of non-void function [-Wreturn-type]
 }
 ^
make: *** [stm32_f103c6_drivers/subdir.mk:18: stm32_f103c6_drivers/stm32_f103c6_GPIO_driver.o] Error 1
make: *** Waiting for unfinished jobs....
"make -j8 all" terminated with exit code 2. Build might be incomplete.
14:28:22 **** Incremental Build of configuration Debug for project Drivers ****
make -j8 all 
arm-none-eabi-gcc -gdwarf-2 "../stm32_f103c6_drivers/stm32_f103c6_GPIO_driver.c" -mcpu=cortex-m3 -std=gnu11 -g3 -DSTM32 -DSTM32F1 -DSTM32F103C6Tx -DDEBUG -c -I../Inc -I"D:/full_diploma/ES_Online_Diploma_KS/second-term/unit7/MCU essential peripheral/drivers/Drivers/stm32_f103c6_drivers/inc" -O0 -ffunction-sections -fdata-sections -Wall -fstack-usage -MMD -MP -MF"stm32_f103c6_drivers/stm32_f103c6_GPIO_driver.d" -MT"stm32_f103c6_drivers/stm32_f103c6_GPIO_driver.o" --specs=nano.specs -mfloat-abi=soft -mthumb -o "stm32_f103c6_drivers/stm32_f103c6_GPIO_driver.o"
arm-none-eabi-gcc -gdwarf-2 -mcpu=cortex-m3 -g3 -c -x assembler-with-cpp -MMD -MP -MF"Startup/startup_stm32f103c6tx.d" -MT"Startup/startup_stm32f103c6tx.o" --specs=nano.specs -mfloat-abi=soft -mthumb -o "Startup/startup_stm32f103c6tx.o" "../Startup/startup_stm32f103c6tx.s"
arm-none-eabi-gcc -gdwarf-2 "../Src/main.c" -mcpu=cortex-m3 -std=gnu11 -g3 -DSTM32 -DSTM32F1 -DSTM32F103C6Tx -DDEBUG -c -I../Inc -I"D:/full_diploma/ES_Online_Diploma_KS/second-term/unit7/MCU essential peripheral/drivers/Drivers/stm32_f103c6_drivers/inc" -O0 -ffunction-sections -fdata-sections -Wall -fstack-usage -MMD -MP -MF"Src/main.d" -MT"Src/main.o" --specs=nano.specs -mfloat-abi=soft -mthumb -o "Src/main.o"
arm-none-eabi-gcc -gdwarf-2 "../Src/syscalls.c" -mcpu=cortex-m3 -std=gnu11 -g3 -DSTM32 -DSTM32F1 -DSTM32F103C6Tx -DDEBUG -c -I../Inc -I"D:/full_diploma/ES_Online_Diploma_KS/second-term/unit7/MCU essential peripheral/drivers/Drivers/stm32_f103c6_drivers/inc" -O0 -ffunction-sections -fdata-sections -Wall -fstack-usage -MMD -MP -MF"Src/syscalls.d" -MT"Src/syscalls.o" --specs=nano.specs -mfloat-abi=soft -mthumb -o "Src/syscalls.o"
arm-none-eabi-gcc -gdwarf-2 "../Src/sysmem.c" -mcpu=cortex-m3 -std=gnu11 -g3 -DSTM32 -DSTM32F1 -DSTM32F103C6Tx -DDEBUG -c -I../Inc -I"D:/full_diploma/ES_Online_Diploma_KS/second-term/unit7/MCU essential peripheral/drivers/Drivers/stm32_f103c6_drivers/inc" -O0 -ffunction-sections -fdata-sections -Wall -fstack-usage -MMD -MP -MF"Src/sysmem.d" -MT"Src/sysmem.o" --specs=nano.specs -mfloat-abi=soft -mthumb -o "Src/sysmem.o"
../stm32_f103c6_drivers/stm32_f103c6_GPIO_driver.c: In function 'GetPosition':
../stm32_f103c6_drivers/stm32_f103c6_GPIO_driver.c:19:2: error: duplicate case value
  case GPIO_PIN_1 || GPIO_PIN_9  :
  ^~~~
../stm32_f103c6_drivers/stm32_f103c6_GPIO_driver.c:16:2: note: previously used here
  case GPIO_PIN_0 || GPIO_PIN_8  :
  ^~~~
../stm32_f103c6_drivers/stm32_f103c6_GPIO_driver.c:22:2: error: duplicate case value
  case GPIO_PIN_2 || GPIO_PIN_10 :
  ^~~~
../stm32_f103c6_drivers/stm32_f103c6_GPIO_driver.c:16:2: note: previously used here
  case GPIO_PIN_0 || GPIO_PIN_8  :
  ^~~~
../stm32_f103c6_drivers/stm32_f103c6_GPIO_driver.c:25:2: error: duplicate case value
  case GPIO_PIN_3 || GPIO_PIN_11 :
  ^~~~
../stm32_f103c6_drivers/stm32_f103c6_GPIO_driver.c:16:2: note: previously used here
  case GPIO_PIN_0 || GPIO_PIN_8  :
  ^~~~
../stm32_f103c6_drivers/stm32_f103c6_GPIO_driver.c:28:2: error: duplicate case value
  case GPIO_PIN_4 || GPIO_PIN_12 :
  ^~~~
../stm32_f103c6_drivers/stm32_f103c6_GPIO_driver.c:16:2: note: previously used here
  case GPIO_PIN_0 || GPIO_PIN_8  :
  ^~~~
../stm32_f103c6_drivers/stm32_f103c6_GPIO_driver.c:31:2: error: duplicate case value
  case GPIO_PIN_5 || GPIO_PIN_13 :
  ^~~~
../stm32_f103c6_drivers/stm32_f103c6_GPIO_driver.c:16:2: note: previously used here
  case GPIO_PIN_0 || GPIO_PIN_8  :
  ^~~~
../stm32_f103c6_drivers/stm32_f103c6_GPIO_driver.c:34:2: error: duplicate case value
  case GPIO_PIN_6 || GPIO_PIN_14 :
  ^~~~
../stm32_f103c6_drivers/stm32_f103c6_GPIO_driver.c:16:2: note: previously used here
  case GPIO_PIN_0 || GPIO_PIN_8  :
  ^~~~
../stm32_f103c6_drivers/stm32_f103c6_GPIO_driver.c:37:2: error: duplicate case value
  case GPIO_PIN_7 || GPIO_PIN_15 :
  ^~~~
../stm32_f103c6_drivers/stm32_f103c6_GPIO_driver.c:16:2: note: previously used here
  case GPIO_PIN_0 || GPIO_PIN_8  :
  ^~~~
../stm32_f103c6_drivers/stm32_f103c6_GPIO_driver.c: In function 'MCAL_GPIO_Init':
../stm32_f103c6_drivers/stm32_f103c6_GPIO_driver.c:58:36: warning: initialization makes integer from pointer without a cast [-Wint-conversion]
  volatile uint8_t configRegister = NULL;
                                    ^~~~
../stm32_f103c6_drivers/stm32_f103c6_GPIO_driver.c:59:17: warning: assignment makes integer from pointer without a cast [-Wint-conversion]
  configRegister = (PinConfig ->GPIO_PinNumber < GPIO_PIN_8)? &GPIOx->CRL : &GPIOx->CRH;
                 ^
../stm32_f103c6_drivers/stm32_f103c6_GPIO_driver.c:58:19: warning: variable 'configRegister' set but not used [-Wunused-but-set-variable]
  volatile uint8_t configRegister = NULL;
                   ^~~~~~~~~~~~~~
../stm32_f103c6_drivers/stm32_f103c6_GPIO_driver.c: In function 'MCAL_GPIO_ReadPin':
../stm32_f103c6_drivers/stm32_f103c6_GPIO_driver.c:85:1: warning: control reaches end of non-void function [-Wreturn-type]
 }
 ^
../stm32_f103c6_drivers/stm32_f103c6_GPIO_driver.c: In function 'MCAL_GPIO_ReadPort':
../stm32_f103c6_drivers/stm32_f103c6_GPIO_driver.c:97:1: warning: control reaches end of non-void function [-Wreturn-type]
 }
 ^
../stm32_f103c6_drivers/stm32_f103c6_GPIO_driver.c: In function 'MCAL_GPIO_LockPin':
../stm32_f103c6_drivers/stm32_f103c6_GPIO_driver.c:151:1: warning: control reaches end of non-void function [-Wreturn-type]
 }
 ^
make: *** [stm32_f103c6_drivers/subdir.mk:18: stm32_f103c6_drivers/stm32_f103c6_GPIO_driver.o] Error 1
make: *** Waiting for unfinished jobs....
"make -j8 all" terminated with exit code 2. Build might be incomplete.
14:28:42 **** Incremental Build of configuration Debug for project Drivers ****
make -j8 all 
arm-none-eabi-gcc -gdwarf-2 "../stm32_f103c6_drivers/stm32_f103c6_GPIO_driver.c" -mcpu=cortex-m3 -std=gnu11 -g3 -DSTM32 -DSTM32F1 -DSTM32F103C6Tx -DDEBUG -c -I../Inc -I"D:/full_diploma/ES_Online_Diploma_KS/second-term/unit7/MCU essential peripheral/drivers/Drivers/stm32_f103c6_drivers/inc" -O0 -ffunction-sections -fdata-sections -Wall -fstack-usage -MMD -MP -MF"stm32_f103c6_drivers/stm32_f103c6_GPIO_driver.d" -MT"stm32_f103c6_drivers/stm32_f103c6_GPIO_driver.o" --specs=nano.specs -mfloat-abi=soft -mthumb -o "stm32_f103c6_drivers/stm32_f103c6_GPIO_driver.o"
../stm32_f103c6_drivers/stm32_f103c6_GPIO_driver.c: In function 'GetPosition':
../stm32_f103c6_drivers/stm32_f103c6_GPIO_driver.c:19:2: error: duplicate case value
  case (GPIO_PIN_1 || GPIO_PIN_9)  :
  ^~~~
../stm32_f103c6_drivers/stm32_f103c6_GPIO_driver.c:16:2: note: previously used here
  case GPIO_PIN_0 || GPIO_PIN_8  :
  ^~~~
../stm32_f103c6_drivers/stm32_f103c6_GPIO_driver.c:22:2: error: duplicate case value
  case GPIO_PIN_2 || GPIO_PIN_10 :
  ^~~~
../stm32_f103c6_drivers/stm32_f103c6_GPIO_driver.c:16:2: note: previously used here
  case GPIO_PIN_0 || GPIO_PIN_8  :
  ^~~~
../stm32_f103c6_drivers/stm32_f103c6_GPIO_driver.c:25:2: error: duplicate case value
  case GPIO_PIN_3 || GPIO_PIN_11 :
  ^~~~
../stm32_f103c6_drivers/stm32_f103c6_GPIO_driver.c:16:2: note: previously used here
  case GPIO_PIN_0 || GPIO_PIN_8  :
  ^~~~
../stm32_f103c6_drivers/stm32_f103c6_GPIO_driver.c:28:2: error: duplicate case value
  case GPIO_PIN_4 || GPIO_PIN_12 :
  ^~~~
../stm32_f103c6_drivers/stm32_f103c6_GPIO_driver.c:16:2: note: previously used here
  case GPIO_PIN_0 || GPIO_PIN_8  :
  ^~~~
../stm32_f103c6_drivers/stm32_f103c6_GPIO_driver.c:31:2: error: duplicate case value
  case GPIO_PIN_5 || GPIO_PIN_13 :
  ^~~~
../stm32_f103c6_drivers/stm32_f103c6_GPIO_driver.c:16:2: note: previously used here
  case GPIO_PIN_0 || GPIO_PIN_8  :
  ^~~~
../stm32_f103c6_drivers/stm32_f103c6_GPIO_driver.c:34:2: error: duplicate case value
  case GPIO_PIN_6 || GPIO_PIN_14 :
  ^~~~
../stm32_f103c6_drivers/stm32_f103c6_GPIO_driver.c:16:2: note: previously used here
  case GPIO_PIN_0 || GPIO_PIN_8  :
  ^~~~
../stm32_f103c6_drivers/stm32_f103c6_GPIO_driver.c:37:2: error: duplicate case value
  case GPIO_PIN_7 || GPIO_PIN_15 :
  ^~~~
../stm32_f103c6_drivers/stm32_f103c6_GPIO_driver.c:16:2: note: previously used here
  case GPIO_PIN_0 || GPIO_PIN_8  :
  ^~~~
../stm32_f103c6_drivers/stm32_f103c6_GPIO_driver.c: In function 'MCAL_GPIO_Init':
../stm32_f103c6_drivers/stm32_f103c6_GPIO_driver.c:58:36: warning: initialization makes integer from pointer without a cast [-Wint-conversion]
  volatile uint8_t configRegister = NULL;
                                    ^~~~
../stm32_f103c6_drivers/stm32_f103c6_GPIO_driver.c:59:17: warning: assignment makes integer from pointer without a cast [-Wint-conversion]
  configRegister = (PinConfig ->GPIO_PinNumber < GPIO_PIN_8)? &GPIOx->CRL : &GPIOx->CRH;
                 ^
../stm32_f103c6_drivers/stm32_f103c6_GPIO_driver.c:58:19: warning: variable 'configRegister' set but not used [-Wunused-but-set-variable]
  volatile uint8_t configRegister = NULL;
                   ^~~~~~~~~~~~~~
../stm32_f103c6_drivers/stm32_f103c6_GPIO_driver.c: In function 'MCAL_GPIO_ReadPin':
../stm32_f103c6_drivers/stm32_f103c6_GPIO_driver.c:85:1: warning: control reaches end of non-void function [-Wreturn-type]
 }
 ^
../stm32_f103c6_drivers/stm32_f103c6_GPIO_driver.c: In function 'MCAL_GPIO_ReadPort':
../stm32_f103c6_drivers/stm32_f103c6_GPIO_driver.c:97:1: warning: control reaches end of non-void function [-Wreturn-type]
 }
 ^
../stm32_f103c6_drivers/stm32_f103c6_GPIO_driver.c: In function 'MCAL_GPIO_LockPin':
../stm32_f103c6_drivers/stm32_f103c6_GPIO_driver.c:151:1: warning: control reaches end of non-void function [-Wreturn-type]
 }
 ^
make: *** [stm32_f103c6_drivers/subdir.mk:18: stm32_f103c6_drivers/stm32_f103c6_GPIO_driver.o] Error 1
"make -j8 all" terminated with exit code 2. Build might be incomplete.
14:28:54 **** Incremental Build of configuration Debug for project Drivers ****
make -j8 all 
arm-none-eabi-gcc -gdwarf-2 "../stm32_f103c6_drivers/stm32_f103c6_GPIO_driver.c" -mcpu=cortex-m3 -std=gnu11 -g3 -DSTM32 -DSTM32F1 -DSTM32F103C6Tx -DDEBUG -c -I../Inc -I"D:/full_diploma/ES_Online_Diploma_KS/second-term/unit7/MCU essential peripheral/drivers/Drivers/stm32_f103c6_drivers/inc" -O0 -ffunction-sections -fdata-sections -Wall -fstack-usage -MMD -MP -MF"stm32_f103c6_drivers/stm32_f103c6_GPIO_driver.d" -MT"stm32_f103c6_drivers/stm32_f103c6_GPIO_driver.o" --specs=nano.specs -mfloat-abi=soft -mthumb -o "stm32_f103c6_drivers/stm32_f103c6_GPIO_driver.o"
../stm32_f103c6_drivers/stm32_f103c6_GPIO_driver.c: In function 'GetPosition':
../stm32_f103c6_drivers/stm32_f103c6_GPIO_driver.c:19:2: error: duplicate case value
  case (GPIO_PIN_1 || GPIO_PIN_9)  :
  ^~~~
../stm32_f103c6_drivers/stm32_f103c6_GPIO_driver.c:16:2: note: previously used here
  case (GPIO_PIN_0 || GPIO_PIN_8 ) :
  ^~~~
../stm32_f103c6_drivers/stm32_f103c6_GPIO_driver.c:22:2: error: duplicate case value
  case GPIO_PIN_2 || GPIO_PIN_10 :
  ^~~~
../stm32_f103c6_drivers/stm32_f103c6_GPIO_driver.c:16:2: note: previously used here
  case (GPIO_PIN_0 || GPIO_PIN_8 ) :
  ^~~~
../stm32_f103c6_drivers/stm32_f103c6_GPIO_driver.c:25:2: error: duplicate case value
  case GPIO_PIN_3 || GPIO_PIN_11 :
  ^~~~
../stm32_f103c6_drivers/stm32_f103c6_GPIO_driver.c:16:2: note: previously used here
  case (GPIO_PIN_0 || GPIO_PIN_8 ) :
  ^~~~
../stm32_f103c6_drivers/stm32_f103c6_GPIO_driver.c:28:2: error: duplicate case value
  case GPIO_PIN_4 || GPIO_PIN_12 :
  ^~~~
../stm32_f103c6_drivers/stm32_f103c6_GPIO_driver.c:16:2: note: previously used here
  case (GPIO_PIN_0 || GPIO_PIN_8 ) :
  ^~~~
../stm32_f103c6_drivers/stm32_f103c6_GPIO_driver.c:31:2: error: duplicate case value
  case GPIO_PIN_5 || GPIO_PIN_13 :
  ^~~~
../stm32_f103c6_drivers/stm32_f103c6_GPIO_driver.c:16:2: note: previously used here
  case (GPIO_PIN_0 || GPIO_PIN_8 ) :
  ^~~~
../stm32_f103c6_drivers/stm32_f103c6_GPIO_driver.c:34:2: error: duplicate case value
  case GPIO_PIN_6 || GPIO_PIN_14 :
  ^~~~
../stm32_f103c6_drivers/stm32_f103c6_GPIO_driver.c:16:2: note: previously used here
  case (GPIO_PIN_0 || GPIO_PIN_8 ) :
  ^~~~
../stm32_f103c6_drivers/stm32_f103c6_GPIO_driver.c:37:2: error: duplicate case value
  case GPIO_PIN_7 || GPIO_PIN_15 :
  ^~~~
../stm32_f103c6_drivers/stm32_f103c6_GPIO_driver.c:16:2: note: previously used here
  case (GPIO_PIN_0 || GPIO_PIN_8 ) :
  ^~~~
../stm32_f103c6_drivers/stm32_f103c6_GPIO_driver.c: In function 'MCAL_GPIO_Init':
../stm32_f103c6_drivers/stm32_f103c6_GPIO_driver.c:58:36: warning: initialization makes integer from pointer without a cast [-Wint-conversion]
  volatile uint8_t configRegister = NULL;
                                    ^~~~
../stm32_f103c6_drivers/stm32_f103c6_GPIO_driver.c:59:17: warning: assignment makes integer from pointer without a cast [-Wint-conversion]
  configRegister = (PinConfig ->GPIO_PinNumber < GPIO_PIN_8)? &GPIOx->CRL : &GPIOx->CRH;
                 ^
../stm32_f103c6_drivers/stm32_f103c6_GPIO_driver.c:58:19: warning: variable 'configRegister' set but not used [-Wunused-but-set-variable]
  volatile uint8_t configRegister = NULL;
                   ^~~~~~~~~~~~~~
../stm32_f103c6_drivers/stm32_f103c6_GPIO_driver.c: In function 'MCAL_GPIO_ReadPin':
../stm32_f103c6_drivers/stm32_f103c6_GPIO_driver.c:85:1: warning: control reaches end of non-void function [-Wreturn-type]
 }
 ^
../stm32_f103c6_drivers/stm32_f103c6_GPIO_driver.c: In function 'MCAL_GPIO_ReadPort':
../stm32_f103c6_drivers/stm32_f103c6_GPIO_driver.c:97:1: warning: control reaches end of non-void function [-Wreturn-type]
 }
 ^
../stm32_f103c6_drivers/stm32_f103c6_GPIO_driver.c: In function 'MCAL_GPIO_LockPin':
../stm32_f103c6_drivers/stm32_f103c6_GPIO_driver.c:151:1: warning: control reaches end of non-void function [-Wreturn-type]
 }
 ^
make: *** [stm32_f103c6_drivers/subdir.mk:18: stm32_f103c6_drivers/stm32_f103c6_GPIO_driver.o] Error 1
"make -j8 all" terminated with exit code 2. Build might be incomplete.
14:29:09 **** Incremental Build of configuration Debug for project Drivers ****
make -j8 all 
arm-none-eabi-gcc -gdwarf-2 "../stm32_f103c6_drivers/stm32_f103c6_GPIO_driver.c" -mcpu=cortex-m3 -std=gnu11 -g3 -DSTM32 -DSTM32F1 -DSTM32F103C6Tx -DDEBUG -c -I../Inc -I"D:/full_diploma/ES_Online_Diploma_KS/second-term/unit7/MCU essential peripheral/drivers/Drivers/stm32_f103c6_drivers/inc" -O0 -ffunction-sections -fdata-sections -Wall -fstack-usage -MMD -MP -MF"stm32_f103c6_drivers/stm32_f103c6_GPIO_driver.d" -MT"stm32_f103c6_drivers/stm32_f103c6_GPIO_driver.o" --specs=nano.specs -mfloat-abi=soft -mthumb -o "stm32_f103c6_drivers/stm32_f103c6_GPIO_driver.o"
arm-none-eabi-gcc -gdwarf-2 -mcpu=cortex-m3 -g3 -c -x assembler-with-cpp -MMD -MP -MF"Startup/startup_stm32f103c6tx.d" -MT"Startup/startup_stm32f103c6tx.o" --specs=nano.specs -mfloat-abi=soft -mthumb -o "Startup/startup_stm32f103c6tx.o" "../Startup/startup_stm32f103c6tx.s"
arm-none-eabi-gcc -gdwarf-2 "../Src/main.c" -mcpu=cortex-m3 -std=gnu11 -g3 -DSTM32 -DSTM32F1 -DSTM32F103C6Tx -DDEBUG -c -I../Inc -I"D:/full_diploma/ES_Online_Diploma_KS/second-term/unit7/MCU essential peripheral/drivers/Drivers/stm32_f103c6_drivers/inc" -O0 -ffunction-sections -fdata-sections -Wall -fstack-usage -MMD -MP -MF"Src/main.d" -MT"Src/main.o" --specs=nano.specs -mfloat-abi=soft -mthumb -o "Src/main.o"
arm-none-eabi-gcc -gdwarf-2 "../Src/syscalls.c" -mcpu=cortex-m3 -std=gnu11 -g3 -DSTM32 -DSTM32F1 -DSTM32F103C6Tx -DDEBUG -c -I../Inc -I"D:/full_diploma/ES_Online_Diploma_KS/second-term/unit7/MCU essential peripheral/drivers/Drivers/stm32_f103c6_drivers/inc" -O0 -ffunction-sections -fdata-sections -Wall -fstack-usage -MMD -MP -MF"Src/syscalls.d" -MT"Src/syscalls.o" --specs=nano.specs -mfloat-abi=soft -mthumb -o "Src/syscalls.o"
arm-none-eabi-gcc -gdwarf-2 "../Src/sysmem.c" -mcpu=cortex-m3 -std=gnu11 -g3 -DSTM32 -DSTM32F1 -DSTM32F103C6Tx -DDEBUG -c -I../Inc -I"D:/full_diploma/ES_Online_Diploma_KS/second-term/unit7/MCU essential peripheral/drivers/Drivers/stm32_f103c6_drivers/inc" -O0 -ffunction-sections -fdata-sections -Wall -fstack-usage -MMD -MP -MF"Src/sysmem.d" -MT"Src/sysmem.o" --specs=nano.specs -mfloat-abi=soft -mthumb -o "Src/sysmem.o"
../stm32_f103c6_drivers/stm32_f103c6_GPIO_driver.c: In function 'GetPosition':
../stm32_f103c6_drivers/stm32_f103c6_GPIO_driver.c:19:2: error: duplicate case value
  case (GPIO_PIN_1 || GPIO_PIN_9)  :
  ^~~~
../stm32_f103c6_drivers/stm32_f103c6_GPIO_driver.c:16:2: note: previously used here
  case (GPIO_PIN_0 || GPIO_PIN_8 ) :
  ^~~~
../stm32_f103c6_drivers/stm32_f103c6_GPIO_driver.c:22:2: error: duplicate case value
  case GPIO_PIN_2 || GPIO_PIN_10 :
  ^~~~
../stm32_f103c6_drivers/stm32_f103c6_GPIO_driver.c:16:2: note: previously used here
  case (GPIO_PIN_0 || GPIO_PIN_8 ) :
  ^~~~
../stm32_f103c6_drivers/stm32_f103c6_GPIO_driver.c:25:2: error: duplicate case value
  case GPIO_PIN_3 || GPIO_PIN_11 :
  ^~~~
../stm32_f103c6_drivers/stm32_f103c6_GPIO_driver.c:16:2: note: previously used here
  case (GPIO_PIN_0 || GPIO_PIN_8 ) :
  ^~~~
../stm32_f103c6_drivers/stm32_f103c6_GPIO_driver.c:28:2: error: duplicate case value
  case GPIO_PIN_4 || GPIO_PIN_12 :
  ^~~~
../stm32_f103c6_drivers/stm32_f103c6_GPIO_driver.c:16:2: note: previously used here
  case (GPIO_PIN_0 || GPIO_PIN_8 ) :
  ^~~~
../stm32_f103c6_drivers/stm32_f103c6_GPIO_driver.c:31:2: error: duplicate case value
  case GPIO_PIN_5 || GPIO_PIN_13 :
  ^~~~
../stm32_f103c6_drivers/stm32_f103c6_GPIO_driver.c:16:2: note: previously used here
  case (GPIO_PIN_0 || GPIO_PIN_8 ) :
  ^~~~
../stm32_f103c6_drivers/stm32_f103c6_GPIO_driver.c:34:2: error: duplicate case value
  case GPIO_PIN_6 || GPIO_PIN_14 :
  ^~~~
../stm32_f103c6_drivers/stm32_f103c6_GPIO_driver.c:16:2: note: previously used here
  case (GPIO_PIN_0 || GPIO_PIN_8 ) :
  ^~~~
../stm32_f103c6_drivers/stm32_f103c6_GPIO_driver.c:37:2: error: duplicate case value
  case GPIO_PIN_7 || GPIO_PIN_15 :
  ^~~~
../stm32_f103c6_drivers/stm32_f103c6_GPIO_driver.c:16:2: note: previously used here
  case (GPIO_PIN_0 || GPIO_PIN_8 ) :
  ^~~~
../stm32_f103c6_drivers/stm32_f103c6_GPIO_driver.c: In function 'MCAL_GPIO_Init':
../stm32_f103c6_drivers/stm32_f103c6_GPIO_driver.c:58:36: warning: initialization makes integer from pointer without a cast [-Wint-conversion]
  volatile uint8_t configRegister = NULL;
                                    ^~~~
../stm32_f103c6_drivers/stm32_f103c6_GPIO_driver.c:59:17: warning: assignment makes integer from pointer without a cast [-Wint-conversion]
  configRegister = (PinConfig ->GPIO_PinNumber < GPIO_PIN_8)? &GPIOx->CRL : &GPIOx->CRH;
                 ^
../stm32_f103c6_drivers/stm32_f103c6_GPIO_driver.c:58:19: warning: variable 'configRegister' set but not used [-Wunused-but-set-variable]
  volatile uint8_t configRegister = NULL;
                   ^~~~~~~~~~~~~~
../stm32_f103c6_drivers/stm32_f103c6_GPIO_driver.c: In function 'MCAL_GPIO_ReadPin':
../stm32_f103c6_drivers/stm32_f103c6_GPIO_driver.c:85:1: warning: control reaches end of non-void function [-Wreturn-type]
 }
 ^
../stm32_f103c6_drivers/stm32_f103c6_GPIO_driver.c: In function 'MCAL_GPIO_ReadPort':
../stm32_f103c6_drivers/stm32_f103c6_GPIO_driver.c:97:1: warning: control reaches end of non-void function [-Wreturn-type]
 }
 ^
../stm32_f103c6_drivers/stm32_f103c6_GPIO_driver.c: In function 'MCAL_GPIO_LockPin':
../stm32_f103c6_drivers/stm32_f103c6_GPIO_driver.c:151:1: warning: control reaches end of non-void function [-Wreturn-type]
 }
 ^
make: *** [stm32_f103c6_drivers/subdir.mk:18: stm32_f103c6_drivers/stm32_f103c6_GPIO_driver.o] Error 1
make: *** Waiting for unfinished jobs....
"make -j8 all" terminated with exit code 2. Build might be incomplete.
14:33:12 **** Incremental Build of configuration Debug for project Drivers ****
make -j8 all 
arm-none-eabi-gcc -gdwarf-2 "../stm32_f103c6_drivers/stm32_f103c6_GPIO_driver.c" -mcpu=cortex-m3 -std=gnu11 -g3 -DSTM32 -DSTM32F1 -DSTM32F103C6Tx -DDEBUG -c -I../Inc -I"D:/full_diploma/ES_Online_Diploma_KS/second-term/unit7/MCU essential peripheral/drivers/Drivers/stm32_f103c6_drivers/inc" -O0 -ffunction-sections -fdata-sections -Wall -fstack-usage -MMD -MP -MF"stm32_f103c6_drivers/stm32_f103c6_GPIO_driver.d" -MT"stm32_f103c6_drivers/stm32_f103c6_GPIO_driver.o" --specs=nano.specs -mfloat-abi=soft -mthumb -o "stm32_f103c6_drivers/stm32_f103c6_GPIO_driver.o"
arm-none-eabi-gcc -gdwarf-2 -mcpu=cortex-m3 -g3 -c -x assembler-with-cpp -MMD -MP -MF"Startup/startup_stm32f103c6tx.d" -MT"Startup/startup_stm32f103c6tx.o" --specs=nano.specs -mfloat-abi=soft -mthumb -o "Startup/startup_stm32f103c6tx.o" "../Startup/startup_stm32f103c6tx.s"
arm-none-eabi-gcc -gdwarf-2 "../Src/main.c" -mcpu=cortex-m3 -std=gnu11 -g3 -DSTM32 -DSTM32F1 -DSTM32F103C6Tx -DDEBUG -c -I../Inc -I"D:/full_diploma/ES_Online_Diploma_KS/second-term/unit7/MCU essential peripheral/drivers/Drivers/stm32_f103c6_drivers/inc" -O0 -ffunction-sections -fdata-sections -Wall -fstack-usage -MMD -MP -MF"Src/main.d" -MT"Src/main.o" --specs=nano.specs -mfloat-abi=soft -mthumb -o "Src/main.o"
arm-none-eabi-gcc -gdwarf-2 "../Src/syscalls.c" -mcpu=cortex-m3 -std=gnu11 -g3 -DSTM32 -DSTM32F1 -DSTM32F103C6Tx -DDEBUG -c -I../Inc -I"D:/full_diploma/ES_Online_Diploma_KS/second-term/unit7/MCU essential peripheral/drivers/Drivers/stm32_f103c6_drivers/inc" -O0 -ffunction-sections -fdata-sections -Wall -fstack-usage -MMD -MP -MF"Src/syscalls.d" -MT"Src/syscalls.o" --specs=nano.specs -mfloat-abi=soft -mthumb -o "Src/syscalls.o"
arm-none-eabi-gcc -gdwarf-2 "../Src/sysmem.c" -mcpu=cortex-m3 -std=gnu11 -g3 -DSTM32 -DSTM32F1 -DSTM32F103C6Tx -DDEBUG -c -I../Inc -I"D:/full_diploma/ES_Online_Diploma_KS/second-term/unit7/MCU essential peripheral/drivers/Drivers/stm32_f103c6_drivers/inc" -O0 -ffunction-sections -fdata-sections -Wall -fstack-usage -MMD -MP -MF"Src/sysmem.d" -MT"Src/sysmem.o" --specs=nano.specs -mfloat-abi=soft -mthumb -o "Src/sysmem.o"
../stm32_f103c6_drivers/stm32_f103c6_GPIO_driver.c: In function 'MCAL_GPIO_Init':
../stm32_f103c6_drivers/stm32_f103c6_GPIO_driver.c:66:36: warning: initialization makes integer from pointer without a cast [-Wint-conversion]
  volatile uint8_t configRegister = NULL;
                                    ^~~~
../stm32_f103c6_drivers/stm32_f103c6_GPIO_driver.c:67:17: warning: assignment makes integer from pointer without a cast [-Wint-conversion]
  configRegister = (PinConfig ->GPIO_PinNumber < GPIO_PIN_8)? &GPIOx->CRL : &GPIOx->CRH;
                 ^
../stm32_f103c6_drivers/stm32_f103c6_GPIO_driver.c:66:19: warning: variable 'configRegister' set but not used [-Wunused-but-set-variable]
  volatile uint8_t configRegister = NULL;
                   ^~~~~~~~~~~~~~
../stm32_f103c6_drivers/stm32_f103c6_GPIO_driver.c: In function 'MCAL_GPIO_ReadPin':
../stm32_f103c6_drivers/stm32_f103c6_GPIO_driver.c:93:1: warning: control reaches end of non-void function [-Wreturn-type]
 }
 ^
../stm32_f103c6_drivers/stm32_f103c6_GPIO_driver.c: In function 'MCAL_GPIO_ReadPort':
../stm32_f103c6_drivers/stm32_f103c6_GPIO_driver.c:105:1: warning: control reaches end of non-void function [-Wreturn-type]
 }
 ^
../stm32_f103c6_drivers/stm32_f103c6_GPIO_driver.c: In function 'MCAL_GPIO_LockPin':
../stm32_f103c6_drivers/stm32_f103c6_GPIO_driver.c:159:1: warning: control reaches end of non-void function [-Wreturn-type]
 }
 ^
arm-none-eabi-gcc -o "Drivers.elf" @"objects.list"   -mcpu=cortex-m3 -T"D:\full_diploma\ES_Online_Diploma_KS\second-term\unit7\MCU essential peripheral\drivers\Drivers\STM32F103C6TX_FLASH.ld" --specs=nosys.specs -Wl,-Map="Drivers.map" -Wl,--gc-sections -static --specs=nano.specs -mfloat-abi=soft -mthumb -Wl,--start-group -lc -lm -Wl,--end-group
Finished building target: Drivers.elf
 
arm-none-eabi-size   Drivers.elf 
arm-none-eabi-objdump -h -S  Drivers.elf  > "Drivers.list"
arm-none-eabi-objcopy  -O binary  Drivers.elf  "Drivers.bin"
   text	   data	    bss	    dec	    hex	filename
    556	      8	   1568	   2132	    854	Drivers.elf
Finished building: default.size.stdout
 
Finished building: Drivers.list
Finished building: Drivers.bin
 
 
15:36:58 **** Incremental Build of configuration Debug for project Drivers ****
make -j8 all 
arm-none-eabi-gcc -gdwarf-2 "../stm32_f103c6_drivers/stm32_f103c6_GPIO_driver.c" -mcpu=cortex-m3 -std=gnu11 -g3 -DSTM32 -DSTM32F1 -DSTM32F103C6Tx -DDEBUG -c -I../Inc -I"D:/full_diploma/ES_Online_Diploma_KS/second-term/unit7/MCU essential peripheral/drivers/Drivers/stm32_f103c6_drivers/inc" -O0 -ffunction-sections -fdata-sections -Wall -fstack-usage -MMD -MP -MF"stm32_f103c6_drivers/stm32_f103c6_GPIO_driver.d" -MT"stm32_f103c6_drivers/stm32_f103c6_GPIO_driver.o" --specs=nano.specs -mfloat-abi=soft -mthumb -o "stm32_f103c6_drivers/stm32_f103c6_GPIO_driver.o"
../stm32_f103c6_drivers/stm32_f103c6_GPIO_driver.c: In function 'MCAL_GPIO_Init':
../stm32_f103c6_drivers/stm32_f103c6_GPIO_driver.c:66:36: warning: initialization makes integer from pointer without a cast [-Wint-conversion]
  volatile uint8_t configRegister = NULL;
                                    ^~~~
../stm32_f103c6_drivers/stm32_f103c6_GPIO_driver.c:69:17: warning: assignment makes integer from pointer without a cast [-Wint-conversion]
  configRegister = (PinConfig ->GPIO_PinNumber < GPIO_PIN_8)? &GPIOx->CRL : &GPIOx->CRH;
                 ^
../stm32_f103c6_drivers/stm32_f103c6_GPIO_driver.c:72:2: error: invalid type argument of unary '*' (have 'int')
  *configRegister &= ~(0xF << GetPosition_CRLH(PinConfig->GPIO_PinNumber));
  ^~~~~~~~~~~~~~~
../stm32_f103c6_drivers/stm32_f103c6_GPIO_driver.c:99:35: error: expected expression before ')' token
       if(PinConfig->GPIO_Mode ==  )
                                   ^
../stm32_f103c6_drivers/stm32_f103c6_GPIO_driver.c:108:3: error: invalid type argument of unary '*' (have 'int')
   *configRegister |= ( (PIN_Config) << GetPosition_CRLH(PinConfig->GPIO_PinNumber) );
   ^~~~~~~~~~~~~~~
../stm32_f103c6_drivers/stm32_f103c6_GPIO_driver.c: In function 'MCAL_GPIO_ReadPin':
../stm32_f103c6_drivers/stm32_f103c6_GPIO_driver.c:134:1: warning: control reaches end of non-void function [-Wreturn-type]
 }
 ^
../stm32_f103c6_drivers/stm32_f103c6_GPIO_driver.c: In function 'MCAL_GPIO_ReadPort':
../stm32_f103c6_drivers/stm32_f103c6_GPIO_driver.c:146:1: warning: control reaches end of non-void function [-Wreturn-type]
 }
 ^
../stm32_f103c6_drivers/stm32_f103c6_GPIO_driver.c: In function 'MCAL_GPIO_LockPin':
../stm32_f103c6_drivers/stm32_f103c6_GPIO_driver.c:200:1: warning: control reaches end of non-void function [-Wreturn-type]
 }
 ^
make: *** [stm32_f103c6_drivers/subdir.mk:18: stm32_f103c6_drivers/stm32_f103c6_GPIO_driver.o] Error 1
"make -j8 all" terminated with exit code 2. Build might be incomplete.
15:39:06 **** Incremental Build of configuration Debug for project Drivers ****
make -j8 all 
arm-none-eabi-gcc -gdwarf-2 "../stm32_f103c6_drivers/stm32_f103c6_GPIO_driver.c" -mcpu=cortex-m3 -std=gnu11 -g3 -DSTM32 -DSTM32F1 -DSTM32F103C6Tx -DDEBUG -c -I../Inc -I"D:/full_diploma/ES_Online_Diploma_KS/second-term/unit7/MCU essential peripheral/drivers/Drivers/stm32_f103c6_drivers/inc" -O0 -ffunction-sections -fdata-sections -Wall -fstack-usage -MMD -MP -MF"stm32_f103c6_drivers/stm32_f103c6_GPIO_driver.d" -MT"stm32_f103c6_drivers/stm32_f103c6_GPIO_driver.o" --specs=nano.specs -mfloat-abi=soft -mthumb -o "stm32_f103c6_drivers/stm32_f103c6_GPIO_driver.o"
../stm32_f103c6_drivers/stm32_f103c6_GPIO_driver.c: In function 'MCAL_GPIO_Init':
../stm32_f103c6_drivers/stm32_f103c6_GPIO_driver.c:66:36: warning: initialization makes integer from pointer without a cast [-Wint-conversion]
  volatile uint8_t configRegister = NULL;
                                    ^~~~
../stm32_f103c6_drivers/stm32_f103c6_GPIO_driver.c:69:17: warning: assignment makes integer from pointer without a cast [-Wint-conversion]
  configRegister = (PinConfig ->GPIO_PinNumber < GPIO_PIN_8)? &GPIOx->CRL : &GPIOx->CRH;
                 ^
../stm32_f103c6_drivers/stm32_f103c6_GPIO_driver.c:72:2: error: invalid type argument of unary '*' (have 'int')
  *configRegister &= ~(0xF << GetPosition_CRLH(PinConfig->GPIO_PinNumber));
  ^~~~~~~~~~~~~~~
../stm32_f103c6_drivers/stm32_f103c6_GPIO_driver.c:112:3: error: invalid type argument of unary '*' (have 'int')
   *configRegister |= ( (PIN_Config) << GetPosition_CRLH(PinConfig->GPIO_PinNumber) );
   ^~~~~~~~~~~~~~~
../stm32_f103c6_drivers/stm32_f103c6_GPIO_driver.c: In function 'MCAL_GPIO_ReadPin':
../stm32_f103c6_drivers/stm32_f103c6_GPIO_driver.c:138:1: warning: control reaches end of non-void function [-Wreturn-type]
 }
 ^
../stm32_f103c6_drivers/stm32_f103c6_GPIO_driver.c: In function 'MCAL_GPIO_ReadPort':
../stm32_f103c6_drivers/stm32_f103c6_GPIO_driver.c:150:1: warning: control reaches end of non-void function [-Wreturn-type]
 }
 ^
../stm32_f103c6_drivers/stm32_f103c6_GPIO_driver.c: In function 'MCAL_GPIO_LockPin':
../stm32_f103c6_drivers/stm32_f103c6_GPIO_driver.c:204:1: warning: control reaches end of non-void function [-Wreturn-type]
 }
 ^
make: *** [stm32_f103c6_drivers/subdir.mk:18: stm32_f103c6_drivers/stm32_f103c6_GPIO_driver.o] Error 1
"make -j8 all" terminated with exit code 2. Build might be incomplete.
15:39:49 **** Incremental Build of configuration Debug for project Drivers ****
make -j8 all 
arm-none-eabi-gcc -gdwarf-2 "../stm32_f103c6_drivers/stm32_f103c6_GPIO_driver.c" -mcpu=cortex-m3 -std=gnu11 -g3 -DSTM32 -DSTM32F1 -DSTM32F103C6Tx -DDEBUG -c -I../Inc -I"D:/full_diploma/ES_Online_Diploma_KS/second-term/unit7/MCU essential peripheral/drivers/Drivers/stm32_f103c6_drivers/inc" -O0 -ffunction-sections -fdata-sections -Wall -fstack-usage -MMD -MP -MF"stm32_f103c6_drivers/stm32_f103c6_GPIO_driver.d" -MT"stm32_f103c6_drivers/stm32_f103c6_GPIO_driver.o" --specs=nano.specs -mfloat-abi=soft -mthumb -o "stm32_f103c6_drivers/stm32_f103c6_GPIO_driver.o"
../stm32_f103c6_drivers/stm32_f103c6_GPIO_driver.c: In function 'MCAL_GPIO_Init':
../stm32_f103c6_drivers/stm32_f103c6_GPIO_driver.c:66:36: warning: initialization makes integer from pointer without a cast [-Wint-conversion]
  volatile uint8_t configRegister = NULL;
                                    ^~~~
../stm32_f103c6_drivers/stm32_f103c6_GPIO_driver.c:69:17: warning: assignment makes integer from pointer without a cast [-Wint-conversion]
  configRegister = (PinConfig ->GPIO_PinNumber < GPIO_PIN_8)? &GPIOx->CRL : &GPIOx->CRH;
                 ^
../stm32_f103c6_drivers/stm32_f103c6_GPIO_driver.c:72:3: error: invalid type argument of unary '*' (have 'int')
  (*configRegister) &= ~(0xF << GetPosition_CRLH(PinConfig->GPIO_PinNumber));
   ^~~~~~~~~~~~~~~
../stm32_f103c6_drivers/stm32_f103c6_GPIO_driver.c:112:4: error: invalid type argument of unary '*' (have 'int')
   (*configRegister) |= ( (PIN_Config) << GetPosition_CRLH(PinConfig->GPIO_PinNumber) );
    ^~~~~~~~~~~~~~~
../stm32_f103c6_drivers/stm32_f103c6_GPIO_driver.c: In function 'MCAL_GPIO_ReadPin':
../stm32_f103c6_drivers/stm32_f103c6_GPIO_driver.c:138:1: warning: control reaches end of non-void function [-Wreturn-type]
 }
 ^
../stm32_f103c6_drivers/stm32_f103c6_GPIO_driver.c: In function 'MCAL_GPIO_ReadPort':
../stm32_f103c6_drivers/stm32_f103c6_GPIO_driver.c:150:1: warning: control reaches end of non-void function [-Wreturn-type]
 }
 ^
../stm32_f103c6_drivers/stm32_f103c6_GPIO_driver.c: In function 'MCAL_GPIO_LockPin':
../stm32_f103c6_drivers/stm32_f103c6_GPIO_driver.c:204:1: warning: control reaches end of non-void function [-Wreturn-type]
 }
 ^
make: *** [stm32_f103c6_drivers/subdir.mk:18: stm32_f103c6_drivers/stm32_f103c6_GPIO_driver.o] Error 1
"make -j8 all" terminated with exit code 2. Build might be incomplete.
15:40:06 **** Incremental Build of configuration Debug for project Drivers ****
make -j8 all 
arm-none-eabi-gcc -gdwarf-2 "../stm32_f103c6_drivers/stm32_f103c6_GPIO_driver.c" -mcpu=cortex-m3 -std=gnu11 -g3 -DSTM32 -DSTM32F1 -DSTM32F103C6Tx -DDEBUG -c -I../Inc -I"D:/full_diploma/ES_Online_Diploma_KS/second-term/unit7/MCU essential peripheral/drivers/Drivers/stm32_f103c6_drivers/inc" -O0 -ffunction-sections -fdata-sections -Wall -fstack-usage -MMD -MP -MF"stm32_f103c6_drivers/stm32_f103c6_GPIO_driver.d" -MT"stm32_f103c6_drivers/stm32_f103c6_GPIO_driver.o" --specs=nano.specs -mfloat-abi=soft -mthumb -o "stm32_f103c6_drivers/stm32_f103c6_GPIO_driver.o"
arm-none-eabi-gcc -gdwarf-2 -mcpu=cortex-m3 -g3 -c -x assembler-with-cpp -MMD -MP -MF"Startup/startup_stm32f103c6tx.d" -MT"Startup/startup_stm32f103c6tx.o" --specs=nano.specs -mfloat-abi=soft -mthumb -o "Startup/startup_stm32f103c6tx.o" "../Startup/startup_stm32f103c6tx.s"
arm-none-eabi-gcc -gdwarf-2 "../Src/main.c" -mcpu=cortex-m3 -std=gnu11 -g3 -DSTM32 -DSTM32F1 -DSTM32F103C6Tx -DDEBUG -c -I../Inc -I"D:/full_diploma/ES_Online_Diploma_KS/second-term/unit7/MCU essential peripheral/drivers/Drivers/stm32_f103c6_drivers/inc" -O0 -ffunction-sections -fdata-sections -Wall -fstack-usage -MMD -MP -MF"Src/main.d" -MT"Src/main.o" --specs=nano.specs -mfloat-abi=soft -mthumb -o "Src/main.o"
arm-none-eabi-gcc -gdwarf-2 "../Src/syscalls.c" -mcpu=cortex-m3 -std=gnu11 -g3 -DSTM32 -DSTM32F1 -DSTM32F103C6Tx -DDEBUG -c -I../Inc -I"D:/full_diploma/ES_Online_Diploma_KS/second-term/unit7/MCU essential peripheral/drivers/Drivers/stm32_f103c6_drivers/inc" -O0 -ffunction-sections -fdata-sections -Wall -fstack-usage -MMD -MP -MF"Src/syscalls.d" -MT"Src/syscalls.o" --specs=nano.specs -mfloat-abi=soft -mthumb -o "Src/syscalls.o"
arm-none-eabi-gcc -gdwarf-2 "../Src/sysmem.c" -mcpu=cortex-m3 -std=gnu11 -g3 -DSTM32 -DSTM32F1 -DSTM32F103C6Tx -DDEBUG -c -I../Inc -I"D:/full_diploma/ES_Online_Diploma_KS/second-term/unit7/MCU essential peripheral/drivers/Drivers/stm32_f103c6_drivers/inc" -O0 -ffunction-sections -fdata-sections -Wall -fstack-usage -MMD -MP -MF"Src/sysmem.d" -MT"Src/sysmem.o" --specs=nano.specs -mfloat-abi=soft -mthumb -o "Src/sysmem.o"
../stm32_f103c6_drivers/stm32_f103c6_GPIO_driver.c: In function 'MCAL_GPIO_Init':
../stm32_f103c6_drivers/stm32_f103c6_GPIO_driver.c:66:36: warning: initialization makes integer from pointer without a cast [-Wint-conversion]
  volatile uint8_t configRegister = NULL;
                                    ^~~~
../stm32_f103c6_drivers/stm32_f103c6_GPIO_driver.c:69:17: warning: assignment makes integer from pointer without a cast [-Wint-conversion]
  configRegister = (PinConfig ->GPIO_PinNumber < GPIO_PIN_8)? &GPIOx->CRL : &GPIOx->CRH;
                 ^
../stm32_f103c6_drivers/stm32_f103c6_GPIO_driver.c:72:3: error: invalid type argument of unary '*' (have 'int')
  (*configRegister) &= ~(0xF << GetPosition_CRLH(PinConfig->GPIO_PinNumber));
   ^~~~~~~~~~~~~~~
../stm32_f103c6_drivers/stm32_f103c6_GPIO_driver.c:112:4: error: invalid type argument of unary '*' (have 'int')
   (*configRegister) |= ( (PIN_Config) << GetPosition_CRLH(PinConfig->GPIO_PinNumber) );
    ^~~~~~~~~~~~~~~
../stm32_f103c6_drivers/stm32_f103c6_GPIO_driver.c: In function 'MCAL_GPIO_ReadPin':
../stm32_f103c6_drivers/stm32_f103c6_GPIO_driver.c:138:1: warning: control reaches end of non-void function [-Wreturn-type]
 }
 ^
../stm32_f103c6_drivers/stm32_f103c6_GPIO_driver.c: In function 'MCAL_GPIO_ReadPort':
../stm32_f103c6_drivers/stm32_f103c6_GPIO_driver.c:150:1: warning: control reaches end of non-void function [-Wreturn-type]
 }
 ^
../stm32_f103c6_drivers/stm32_f103c6_GPIO_driver.c: In function 'MCAL_GPIO_LockPin':
../stm32_f103c6_drivers/stm32_f103c6_GPIO_driver.c:204:1: warning: control reaches end of non-void function [-Wreturn-type]
 }
 ^
make: *** [stm32_f103c6_drivers/subdir.mk:18: stm32_f103c6_drivers/stm32_f103c6_GPIO_driver.o] Error 1
make: *** Waiting for unfinished jobs....
"make -j8 all" terminated with exit code 2. Build might be incomplete.
15:46:22 **** Incremental Build of configuration Debug for project Drivers ****
make -j8 all 
arm-none-eabi-gcc -gdwarf-2 "../stm32_f103c6_drivers/stm32_f103c6_GPIO_driver.c" -mcpu=cortex-m3 -std=gnu11 -g3 -DSTM32 -DSTM32F1 -DSTM32F103C6Tx -DDEBUG -c -I../Inc -I"D:/full_diploma/ES_Online_Diploma_KS/second-term/unit7/MCU essential peripheral/drivers/Drivers/stm32_f103c6_drivers/inc" -O0 -ffunction-sections -fdata-sections -Wall -fstack-usage -MMD -MP -MF"stm32_f103c6_drivers/stm32_f103c6_GPIO_driver.d" -MT"stm32_f103c6_drivers/stm32_f103c6_GPIO_driver.o" --specs=nano.specs -mfloat-abi=soft -mthumb -o "stm32_f103c6_drivers/stm32_f103c6_GPIO_driver.o"
../stm32_f103c6_drivers/stm32_f103c6_GPIO_driver.c: In function 'MCAL_GPIO_Init':
../stm32_f103c6_drivers/stm32_f103c6_GPIO_driver.c:66:36: warning: initialization makes integer from pointer without a cast [-Wint-conversion]
  volatile uint8_t configRegister = NULL;
                                    ^~~~
../stm32_f103c6_drivers/stm32_f103c6_GPIO_driver.c:69:17: warning: assignment makes integer from pointer without a cast [-Wint-conversion]
  configRegister = (PinConfig ->GPIO_PinNumber < GPIO_PIN_8)? &GPIOx->CRL : &GPIOx->CRH;
                 ^
../stm32_f103c6_drivers/stm32_f103c6_GPIO_driver.c:72:3: error: invalid type argument of unary '*' (have 'int')
  (*configRegister) &= ~(0xF << GetPosition_CRLH(PinConfig->GPIO_PinNumber));
   ^~~~~~~~~~~~~~~
../stm32_f103c6_drivers/stm32_f103c6_GPIO_driver.c:114:3: error: invalid type argument of unary '*' (have 'int')
  (*configRegister) |= ( (PIN_Config) << GetPosition_CRLH(PinConfig->GPIO_PinNumber) );
   ^~~~~~~~~~~~~~~
../stm32_f103c6_drivers/stm32_f103c6_GPIO_driver.c: In function 'MCAL_GPIO_ReadPin':
../stm32_f103c6_drivers/stm32_f103c6_GPIO_driver.c:140:1: warning: control reaches end of non-void function [-Wreturn-type]
 }
 ^
../stm32_f103c6_drivers/stm32_f103c6_GPIO_driver.c: In function 'MCAL_GPIO_ReadPort':
../stm32_f103c6_drivers/stm32_f103c6_GPIO_driver.c:152:1: warning: control reaches end of non-void function [-Wreturn-type]
 }
 ^
../stm32_f103c6_drivers/stm32_f103c6_GPIO_driver.c: In function 'MCAL_GPIO_LockPin':
../stm32_f103c6_drivers/stm32_f103c6_GPIO_driver.c:206:1: warning: control reaches end of non-void function [-Wreturn-type]
 }
 ^
make: *** [stm32_f103c6_drivers/subdir.mk:18: stm32_f103c6_drivers/stm32_f103c6_GPIO_driver.o] Error 1
"make -j8 all" terminated with exit code 2. Build might be incomplete.
15:46:39 **** Incremental Build of configuration Debug for project Drivers ****
make -j8 all 
arm-none-eabi-gcc -gdwarf-2 "../stm32_f103c6_drivers/stm32_f103c6_GPIO_driver.c" -mcpu=cortex-m3 -std=gnu11 -g3 -DSTM32 -DSTM32F1 -DSTM32F103C6Tx -DDEBUG -c -I../Inc -I"D:/full_diploma/ES_Online_Diploma_KS/second-term/unit7/MCU essential peripheral/drivers/Drivers/stm32_f103c6_drivers/inc" -O0 -ffunction-sections -fdata-sections -Wall -fstack-usage -MMD -MP -MF"stm32_f103c6_drivers/stm32_f103c6_GPIO_driver.d" -MT"stm32_f103c6_drivers/stm32_f103c6_GPIO_driver.o" --specs=nano.specs -mfloat-abi=soft -mthumb -o "stm32_f103c6_drivers/stm32_f103c6_GPIO_driver.o"
arm-none-eabi-gcc -gdwarf-2 -mcpu=cortex-m3 -g3 -c -x assembler-with-cpp -MMD -MP -MF"Startup/startup_stm32f103c6tx.d" -MT"Startup/startup_stm32f103c6tx.o" --specs=nano.specs -mfloat-abi=soft -mthumb -o "Startup/startup_stm32f103c6tx.o" "../Startup/startup_stm32f103c6tx.s"
arm-none-eabi-gcc -gdwarf-2 "../Src/main.c" -mcpu=cortex-m3 -std=gnu11 -g3 -DSTM32 -DSTM32F1 -DSTM32F103C6Tx -DDEBUG -c -I../Inc -I"D:/full_diploma/ES_Online_Diploma_KS/second-term/unit7/MCU essential peripheral/drivers/Drivers/stm32_f103c6_drivers/inc" -O0 -ffunction-sections -fdata-sections -Wall -fstack-usage -MMD -MP -MF"Src/main.d" -MT"Src/main.o" --specs=nano.specs -mfloat-abi=soft -mthumb -o "Src/main.o"
arm-none-eabi-gcc -gdwarf-2 "../Src/syscalls.c" -mcpu=cortex-m3 -std=gnu11 -g3 -DSTM32 -DSTM32F1 -DSTM32F103C6Tx -DDEBUG -c -I../Inc -I"D:/full_diploma/ES_Online_Diploma_KS/second-term/unit7/MCU essential peripheral/drivers/Drivers/stm32_f103c6_drivers/inc" -O0 -ffunction-sections -fdata-sections -Wall -fstack-usage -MMD -MP -MF"Src/syscalls.d" -MT"Src/syscalls.o" --specs=nano.specs -mfloat-abi=soft -mthumb -o "Src/syscalls.o"
arm-none-eabi-gcc -gdwarf-2 "../Src/sysmem.c" -mcpu=cortex-m3 -std=gnu11 -g3 -DSTM32 -DSTM32F1 -DSTM32F103C6Tx -DDEBUG -c -I../Inc -I"D:/full_diploma/ES_Online_Diploma_KS/second-term/unit7/MCU essential peripheral/drivers/Drivers/stm32_f103c6_drivers/inc" -O0 -ffunction-sections -fdata-sections -Wall -fstack-usage -MMD -MP -MF"Src/sysmem.d" -MT"Src/sysmem.o" --specs=nano.specs -mfloat-abi=soft -mthumb -o "Src/sysmem.o"
../stm32_f103c6_drivers/stm32_f103c6_GPIO_driver.c: In function 'MCAL_GPIO_Init':
../stm32_f103c6_drivers/stm32_f103c6_GPIO_driver.c:66:36: warning: initialization makes integer from pointer without a cast [-Wint-conversion]
  volatile uint8_t configRegister = NULL;
                                    ^~~~
../stm32_f103c6_drivers/stm32_f103c6_GPIO_driver.c:69:17: warning: assignment makes integer from pointer without a cast [-Wint-conversion]
  configRegister = (PinConfig ->GPIO_PinNumber < GPIO_PIN_8)? &GPIOx->CRL : &GPIOx->CRH;
                 ^
../stm32_f103c6_drivers/stm32_f103c6_GPIO_driver.c:72:3: error: invalid type argument of unary '*' (have 'int')
  (*configRegister) &= ~(0xF << GetPosition_CRLH(PinConfig->GPIO_PinNumber));
   ^~~~~~~~~~~~~~~
../stm32_f103c6_drivers/stm32_f103c6_GPIO_driver.c:114:3: error: invalid type argument of unary '*' (have 'int')
  (*configRegister) |= ( (PIN_Config) << GetPosition_CRLH(PinConfig->GPIO_PinNumber) );
   ^~~~~~~~~~~~~~~
../stm32_f103c6_drivers/stm32_f103c6_GPIO_driver.c: In function 'MCAL_GPIO_ReadPin':
../stm32_f103c6_drivers/stm32_f103c6_GPIO_driver.c:140:1: warning: control reaches end of non-void function [-Wreturn-type]
 }
 ^
../stm32_f103c6_drivers/stm32_f103c6_GPIO_driver.c: In function 'MCAL_GPIO_ReadPort':
../stm32_f103c6_drivers/stm32_f103c6_GPIO_driver.c:152:1: warning: control reaches end of non-void function [-Wreturn-type]
 }
 ^
../stm32_f103c6_drivers/stm32_f103c6_GPIO_driver.c: In function 'MCAL_GPIO_LockPin':
../stm32_f103c6_drivers/stm32_f103c6_GPIO_driver.c:206:1: warning: control reaches end of non-void function [-Wreturn-type]
 }
 ^
make: *** [stm32_f103c6_drivers/subdir.mk:18: stm32_f103c6_drivers/stm32_f103c6_GPIO_driver.o] Error 1
make: *** Waiting for unfinished jobs....
"make -j8 all" terminated with exit code 2. Build might be incomplete.
15:47:35 **** Incremental Build of configuration Debug for project Drivers ****
make -j8 all 
arm-none-eabi-gcc -gdwarf-2 "../stm32_f103c6_drivers/stm32_f103c6_GPIO_driver.c" -mcpu=cortex-m3 -std=gnu11 -g3 -DSTM32 -DSTM32F1 -DSTM32F103C6Tx -DDEBUG -c -I../Inc -I"D:/full_diploma/ES_Online_Diploma_KS/second-term/unit7/MCU essential peripheral/drivers/Drivers/stm32_f103c6_drivers/inc" -O0 -ffunction-sections -fdata-sections -Wall -fstack-usage -MMD -MP -MF"stm32_f103c6_drivers/stm32_f103c6_GPIO_driver.d" -MT"stm32_f103c6_drivers/stm32_f103c6_GPIO_driver.o" --specs=nano.specs -mfloat-abi=soft -mthumb -o "stm32_f103c6_drivers/stm32_f103c6_GPIO_driver.o"
../stm32_f103c6_drivers/stm32_f103c6_GPIO_driver.c: In function 'MCAL_GPIO_Init':
../stm32_f103c6_drivers/stm32_f103c6_GPIO_driver.c:69:17: warning: assignment from incompatible pointer type [-Wincompatible-pointer-types]
  configRegister = (PinConfig ->GPIO_PinNumber < GPIO_PIN_8)? &GPIOx->CRL : &GPIOx->CRH;
                 ^
../stm32_f103c6_drivers/stm32_f103c6_GPIO_driver.c: In function 'MCAL_GPIO_ReadPin':
../stm32_f103c6_drivers/stm32_f103c6_GPIO_driver.c:140:1: warning: control reaches end of non-void function [-Wreturn-type]
 }
 ^
../stm32_f103c6_drivers/stm32_f103c6_GPIO_driver.c: In function 'MCAL_GPIO_ReadPort':
../stm32_f103c6_drivers/stm32_f103c6_GPIO_driver.c:152:1: warning: control reaches end of non-void function [-Wreturn-type]
 }
 ^
../stm32_f103c6_drivers/stm32_f103c6_GPIO_driver.c: In function 'MCAL_GPIO_LockPin':
../stm32_f103c6_drivers/stm32_f103c6_GPIO_driver.c:206:1: warning: control reaches end of non-void function [-Wreturn-type]
 }
 ^
arm-none-eabi-gcc -o "Drivers.elf" @"objects.list"   -mcpu=cortex-m3 -T"D:\full_diploma\ES_Online_Diploma_KS\second-term\unit7\MCU essential peripheral\drivers\Drivers\STM32F103C6TX_FLASH.ld" --specs=nosys.specs -Wl,-Map="Drivers.map" -Wl,--gc-sections -static --specs=nano.specs -mfloat-abi=soft -mthumb -Wl,--start-group -lc -lm -Wl,--end-group
Finished building target: Drivers.elf
 
arm-none-eabi-size   Drivers.elf 
arm-none-eabi-objdump -h -S  Drivers.elf  > "Drivers.list"
arm-none-eabi-objcopy  -O binary  Drivers.elf  "Drivers.bin"
   text	   data	    bss	    dec	    hex	filename
    556	      8	   1568	   2132	    854	Drivers.elf
Finished building: default.size.stdout
 
Finished building: Drivers.bin
Finished building: Drivers.list
 
 
17:27:57 **** Incremental Build of configuration Debug for project Drivers ****
make -j8 all 
arm-none-eabi-gcc -gdwarf-2 "../stm32_f103c6_drivers/stm32_f103c6_GPIO_driver.c" -mcpu=cortex-m3 -std=gnu11 -g3 -DSTM32 -DSTM32F1 -DSTM32F103C6Tx -DDEBUG -c -I../Inc -I"D:/full_diploma/ES_Online_Diploma_KS/second-term/unit7/MCU essential peripheral/drivers/Drivers/stm32_f103c6_drivers/inc" -O0 -ffunction-sections -fdata-sections -Wall -fstack-usage -MMD -MP -MF"stm32_f103c6_drivers/stm32_f103c6_GPIO_driver.d" -MT"stm32_f103c6_drivers/stm32_f103c6_GPIO_driver.o" --specs=nano.specs -mfloat-abi=soft -mthumb -o "stm32_f103c6_drivers/stm32_f103c6_GPIO_driver.o"
../stm32_f103c6_drivers/stm32_f103c6_GPIO_driver.c: In function 'MCAL_GPIO_Init':
../stm32_f103c6_drivers/stm32_f103c6_GPIO_driver.c:69:17: warning: assignment from incompatible pointer type [-Wincompatible-pointer-types]
  configRegister = (PinConfig ->GPIO_PinNumber < GPIO_PIN_8)? &GPIOx->CRL : &GPIOx->CRH;
                 ^
../stm32_f103c6_drivers/stm32_f103c6_GPIO_driver.c: In function 'MCAL_GPIO_WritePin':
../stm32_f103c6_drivers/stm32_f103c6_GPIO_driver.c:235:11: error: 'bitStatus' undeclared (first use in this function)
    return bitStatus;
           ^~~~~~~~~
../stm32_f103c6_drivers/stm32_f103c6_GPIO_driver.c:235:11: note: each undeclared identifier is reported only once for each function it appears in
../stm32_f103c6_drivers/stm32_f103c6_GPIO_driver.c:235:11: warning: 'return' with a value, in function returning void
../stm32_f103c6_drivers/stm32_f103c6_GPIO_driver.c:210:6: note: declared here
 void MCAL_GPIO_WritePin(GPIO_Typedef *GPIOx,uint16_t PinNumber,uint8_t value)
      ^~~~~~~~~~~~~~~~~~
make: *** [stm32_f103c6_drivers/subdir.mk:18: stm32_f103c6_drivers/stm32_f103c6_GPIO_driver.o] Error 1
"make -j8 all" terminated with exit code 2. Build might be incomplete.
17:28:13 **** Incremental Build of configuration Debug for project Drivers ****
make -j8 all 
arm-none-eabi-gcc -gdwarf-2 "../stm32_f103c6_drivers/stm32_f103c6_GPIO_driver.c" -mcpu=cortex-m3 -std=gnu11 -g3 -DSTM32 -DSTM32F1 -DSTM32F103C6Tx -DDEBUG -c -I../Inc -I"D:/full_diploma/ES_Online_Diploma_KS/second-term/unit7/MCU essential peripheral/drivers/Drivers/stm32_f103c6_drivers/inc" -O0 -ffunction-sections -fdata-sections -Wall -fstack-usage -MMD -MP -MF"stm32_f103c6_drivers/stm32_f103c6_GPIO_driver.d" -MT"stm32_f103c6_drivers/stm32_f103c6_GPIO_driver.o" --specs=nano.specs -mfloat-abi=soft -mthumb -o "stm32_f103c6_drivers/stm32_f103c6_GPIO_driver.o"
arm-none-eabi-gcc -gdwarf-2 -mcpu=cortex-m3 -g3 -c -x assembler-with-cpp -MMD -MP -MF"Startup/startup_stm32f103c6tx.d" -MT"Startup/startup_stm32f103c6tx.o" --specs=nano.specs -mfloat-abi=soft -mthumb -o "Startup/startup_stm32f103c6tx.o" "../Startup/startup_stm32f103c6tx.s"
arm-none-eabi-gcc -gdwarf-2 "../Src/main.c" -mcpu=cortex-m3 -std=gnu11 -g3 -DSTM32 -DSTM32F1 -DSTM32F103C6Tx -DDEBUG -c -I../Inc -I"D:/full_diploma/ES_Online_Diploma_KS/second-term/unit7/MCU essential peripheral/drivers/Drivers/stm32_f103c6_drivers/inc" -O0 -ffunction-sections -fdata-sections -Wall -fstack-usage -MMD -MP -MF"Src/main.d" -MT"Src/main.o" --specs=nano.specs -mfloat-abi=soft -mthumb -o "Src/main.o"
arm-none-eabi-gcc -gdwarf-2 "../Src/syscalls.c" -mcpu=cortex-m3 -std=gnu11 -g3 -DSTM32 -DSTM32F1 -DSTM32F103C6Tx -DDEBUG -c -I../Inc -I"D:/full_diploma/ES_Online_Diploma_KS/second-term/unit7/MCU essential peripheral/drivers/Drivers/stm32_f103c6_drivers/inc" -O0 -ffunction-sections -fdata-sections -Wall -fstack-usage -MMD -MP -MF"Src/syscalls.d" -MT"Src/syscalls.o" --specs=nano.specs -mfloat-abi=soft -mthumb -o "Src/syscalls.o"
arm-none-eabi-gcc -gdwarf-2 "../Src/sysmem.c" -mcpu=cortex-m3 -std=gnu11 -g3 -DSTM32 -DSTM32F1 -DSTM32F103C6Tx -DDEBUG -c -I../Inc -I"D:/full_diploma/ES_Online_Diploma_KS/second-term/unit7/MCU essential peripheral/drivers/Drivers/stm32_f103c6_drivers/inc" -O0 -ffunction-sections -fdata-sections -Wall -fstack-usage -MMD -MP -MF"Src/sysmem.d" -MT"Src/sysmem.o" --specs=nano.specs -mfloat-abi=soft -mthumb -o "Src/sysmem.o"
../stm32_f103c6_drivers/stm32_f103c6_GPIO_driver.c: In function 'MCAL_GPIO_Init':
../stm32_f103c6_drivers/stm32_f103c6_GPIO_driver.c:69:17: warning: assignment from incompatible pointer type [-Wincompatible-pointer-types]
  configRegister = (PinConfig ->GPIO_PinNumber < GPIO_PIN_8)? &GPIOx->CRL : &GPIOx->CRH;
                 ^
../stm32_f103c6_drivers/stm32_f103c6_GPIO_driver.c: In function 'MCAL_GPIO_WritePin':
../stm32_f103c6_drivers/stm32_f103c6_GPIO_driver.c:235:11: error: 'bitStatus' undeclared (first use in this function)
    return bitStatus;
           ^~~~~~~~~
../stm32_f103c6_drivers/stm32_f103c6_GPIO_driver.c:235:11: note: each undeclared identifier is reported only once for each function it appears in
../stm32_f103c6_drivers/stm32_f103c6_GPIO_driver.c:235:11: warning: 'return' with a value, in function returning void
../stm32_f103c6_drivers/stm32_f103c6_GPIO_driver.c:210:6: note: declared here
 void MCAL_GPIO_WritePin(GPIO_Typedef *GPIOx,uint16_t PinNumber,uint8_t value)
      ^~~~~~~~~~~~~~~~~~
make: *** [stm32_f103c6_drivers/subdir.mk:18: stm32_f103c6_drivers/stm32_f103c6_GPIO_driver.o] Error 1
make: *** Waiting for unfinished jobs....
"make -j8 all" terminated with exit code 2. Build might be incomplete.
17:29:21 **** Incremental Build of configuration Debug for project Drivers ****
make -j8 all 
arm-none-eabi-gcc -gdwarf-2 "../stm32_f103c6_drivers/stm32_f103c6_GPIO_driver.c" -mcpu=cortex-m3 -std=gnu11 -g3 -DSTM32 -DSTM32F1 -DSTM32F103C6Tx -DDEBUG -c -I../Inc -I"D:/full_diploma/ES_Online_Diploma_KS/second-term/unit7/MCU essential peripheral/drivers/Drivers/stm32_f103c6_drivers/inc" -O0 -ffunction-sections -fdata-sections -Wall -fstack-usage -MMD -MP -MF"stm32_f103c6_drivers/stm32_f103c6_GPIO_driver.d" -MT"stm32_f103c6_drivers/stm32_f103c6_GPIO_driver.o" --specs=nano.specs -mfloat-abi=soft -mthumb -o "stm32_f103c6_drivers/stm32_f103c6_GPIO_driver.o"
../stm32_f103c6_drivers/stm32_f103c6_GPIO_driver.c: In function 'MCAL_GPIO_Init':
../stm32_f103c6_drivers/stm32_f103c6_GPIO_driver.c:69:17: warning: assignment from incompatible pointer type [-Wincompatible-pointer-types]
  configRegister = (PinConfig ->GPIO_PinNumber < GPIO_PIN_8)? &GPIOx->CRL : &GPIOx->CRH;
                 ^
arm-none-eabi-gcc -o "Drivers.elf" @"objects.list"   -mcpu=cortex-m3 -T"D:\full_diploma\ES_Online_Diploma_KS\second-term\unit7\MCU essential peripheral\drivers\Drivers\STM32F103C6TX_FLASH.ld" --specs=nosys.specs -Wl,-Map="Drivers.map" -Wl,--gc-sections -static --specs=nano.specs -mfloat-abi=soft -mthumb -Wl,--start-group -lc -lm -Wl,--end-group
Finished building target: Drivers.elf
 
arm-none-eabi-size   Drivers.elf 
arm-none-eabi-objdump -h -S  Drivers.elf  > "Drivers.list"
arm-none-eabi-objcopy  -O binary  Drivers.elf  "Drivers.bin"
   text	   data	    bss	    dec	    hex	filename
    556	      8	   1568	   2132	    854	Drivers.elf
Finished building: default.size.stdout
 
Finished building: Drivers.bin
 
Finished building: Drivers.list
 
18:06:50 **** Incremental Build of configuration Debug for project Drivers ****
make -j8 all 
arm-none-eabi-gcc -gdwarf-2 "../stm32_f103c6_drivers/stm32_f103c6_GPIO_driver.c" -mcpu=cortex-m3 -std=gnu11 -g3 -DSTM32 -DSTM32F1 -DSTM32F103C6Tx -DDEBUG -c -I../Inc -I"D:/full_diploma/ES_Online_Diploma_KS/second-term/unit7/MCU essential peripheral/drivers/Drivers/stm32_f103c6_drivers/inc" -O0 -ffunction-sections -fdata-sections -Wall -fstack-usage -MMD -MP -MF"stm32_f103c6_drivers/stm32_f103c6_GPIO_driver.d" -MT"stm32_f103c6_drivers/stm32_f103c6_GPIO_driver.o" --specs=nano.specs -mfloat-abi=soft -mthumb -o "stm32_f103c6_drivers/stm32_f103c6_GPIO_driver.o"
arm-none-eabi-gcc -gdwarf-2 -mcpu=cortex-m3 -g3 -c -x assembler-with-cpp -MMD -MP -MF"Startup/startup_stm32f103c6tx.d" -MT"Startup/startup_stm32f103c6tx.o" --specs=nano.specs -mfloat-abi=soft -mthumb -o "Startup/startup_stm32f103c6tx.o" "../Startup/startup_stm32f103c6tx.s"
arm-none-eabi-gcc -gdwarf-2 "../Src/main.c" -mcpu=cortex-m3 -std=gnu11 -g3 -DSTM32 -DSTM32F1 -DSTM32F103C6Tx -DDEBUG -c -I../Inc -I"D:/full_diploma/ES_Online_Diploma_KS/second-term/unit7/MCU essential peripheral/drivers/Drivers/stm32_f103c6_drivers/inc" -O0 -ffunction-sections -fdata-sections -Wall -fstack-usage -MMD -MP -MF"Src/main.d" -MT"Src/main.o" --specs=nano.specs -mfloat-abi=soft -mthumb -o "Src/main.o"
arm-none-eabi-gcc -gdwarf-2 "../Src/syscalls.c" -mcpu=cortex-m3 -std=gnu11 -g3 -DSTM32 -DSTM32F1 -DSTM32F103C6Tx -DDEBUG -c -I../Inc -I"D:/full_diploma/ES_Online_Diploma_KS/second-term/unit7/MCU essential peripheral/drivers/Drivers/stm32_f103c6_drivers/inc" -O0 -ffunction-sections -fdata-sections -Wall -fstack-usage -MMD -MP -MF"Src/syscalls.d" -MT"Src/syscalls.o" --specs=nano.specs -mfloat-abi=soft -mthumb -o "Src/syscalls.o"
arm-none-eabi-gcc -gdwarf-2 "../Src/sysmem.c" -mcpu=cortex-m3 -std=gnu11 -g3 -DSTM32 -DSTM32F1 -DSTM32F103C6Tx -DDEBUG -c -I../Inc -I"D:/full_diploma/ES_Online_Diploma_KS/second-term/unit7/MCU essential peripheral/drivers/Drivers/stm32_f103c6_drivers/inc" -O0 -ffunction-sections -fdata-sections -Wall -fstack-usage -MMD -MP -MF"Src/sysmem.d" -MT"Src/sysmem.o" --specs=nano.specs -mfloat-abi=soft -mthumb -o "Src/sysmem.o"
../stm32_f103c6_drivers/stm32_f103c6_GPIO_driver.c: In function 'MCAL_GPIO_Init':
../stm32_f103c6_drivers/stm32_f103c6_GPIO_driver.c:69:17: warning: assignment from incompatible pointer type [-Wincompatible-pointer-types]
  configRegister = (PinConfig ->GPIO_PinNumber < GPIO_PIN_8)? &GPIOx->CRL : &GPIOx->CRH;
                 ^
In file included from ../Src/main.c:24:0:
../Src/main.c: In function 'clock_init':
D:/full_diploma/ES_Online_Diploma_KS/second-term/unit7/MCU essential peripheral/drivers/Drivers/stm32_f103c6_drivers/inc/stm32_f103x6.h:142:38: error: 'RCC_Typedef {aka struct <anonymous>}' has no member named 'ABP2ENR'; did you mean 'APB2ENR'?
 #define RCC_GPIOA_CLK_EN()     (RCC->ABP2ENR |= 1<<2)
                                      ^
../Src/main.c:30:2: note: in expansion of macro 'RCC_GPIOA_CLK_EN'
  RCC_GPIOA_CLK_EN();
  ^~~~~~~~~~~~~~~~
D:/full_diploma/ES_Online_Diploma_KS/second-term/unit7/MCU essential peripheral/drivers/Drivers/stm32_f103c6_drivers/inc/stm32_f103x6.h:143:38: error: 'RCC_Typedef {aka struct <anonymous>}' has no member named 'ABP2ENR'; did you mean 'APB2ENR'?
 #define RCC_GPIOB_CLK_EN()     (RCC->ABP2ENR |= 1<<3)
                                      ^
../Src/main.c:32:2: note: in expansion of macro 'RCC_GPIOB_CLK_EN'
  RCC_GPIOB_CLK_EN();
  ^~~~~~~~~~~~~~~~
make: *** [Src/subdir.mk:24: Src/main.o] Error 1
make: *** Waiting for unfinished jobs....
"make -j8 all" terminated with exit code 2. Build might be incomplete.
18:08:57 **** Incremental Build of configuration Debug for project Drivers ****
make -j8 all 
arm-none-eabi-gcc -gdwarf-2 "../stm32_f103c6_drivers/stm32_f103c6_GPIO_driver.c" -mcpu=cortex-m3 -std=gnu11 -g3 -DSTM32 -DSTM32F1 -DSTM32F103C6Tx -DDEBUG -c -I../Inc -I"D:/full_diploma/ES_Online_Diploma_KS/second-term/unit7/MCU essential peripheral/drivers/Drivers/stm32_f103c6_drivers/inc" -O0 -ffunction-sections -fdata-sections -Wall -fstack-usage -MMD -MP -MF"stm32_f103c6_drivers/stm32_f103c6_GPIO_driver.d" -MT"stm32_f103c6_drivers/stm32_f103c6_GPIO_driver.o" --specs=nano.specs -mfloat-abi=soft -mthumb -o "stm32_f103c6_drivers/stm32_f103c6_GPIO_driver.o"
arm-none-eabi-gcc -gdwarf-2 -mcpu=cortex-m3 -g3 -c -x assembler-with-cpp -MMD -MP -MF"Startup/startup_stm32f103c6tx.d" -MT"Startup/startup_stm32f103c6tx.o" --specs=nano.specs -mfloat-abi=soft -mthumb -o "Startup/startup_stm32f103c6tx.o" "../Startup/startup_stm32f103c6tx.s"
arm-none-eabi-gcc -gdwarf-2 "../Src/main.c" -mcpu=cortex-m3 -std=gnu11 -g3 -DSTM32 -DSTM32F1 -DSTM32F103C6Tx -DDEBUG -c -I../Inc -I"D:/full_diploma/ES_Online_Diploma_KS/second-term/unit7/MCU essential peripheral/drivers/Drivers/stm32_f103c6_drivers/inc" -O0 -ffunction-sections -fdata-sections -Wall -fstack-usage -MMD -MP -MF"Src/main.d" -MT"Src/main.o" --specs=nano.specs -mfloat-abi=soft -mthumb -o "Src/main.o"
arm-none-eabi-gcc -gdwarf-2 "../Src/syscalls.c" -mcpu=cortex-m3 -std=gnu11 -g3 -DSTM32 -DSTM32F1 -DSTM32F103C6Tx -DDEBUG -c -I../Inc -I"D:/full_diploma/ES_Online_Diploma_KS/second-term/unit7/MCU essential peripheral/drivers/Drivers/stm32_f103c6_drivers/inc" -O0 -ffunction-sections -fdata-sections -Wall -fstack-usage -MMD -MP -MF"Src/syscalls.d" -MT"Src/syscalls.o" --specs=nano.specs -mfloat-abi=soft -mthumb -o "Src/syscalls.o"
arm-none-eabi-gcc -gdwarf-2 "../Src/sysmem.c" -mcpu=cortex-m3 -std=gnu11 -g3 -DSTM32 -DSTM32F1 -DSTM32F103C6Tx -DDEBUG -c -I../Inc -I"D:/full_diploma/ES_Online_Diploma_KS/second-term/unit7/MCU essential peripheral/drivers/Drivers/stm32_f103c6_drivers/inc" -O0 -ffunction-sections -fdata-sections -Wall -fstack-usage -MMD -MP -MF"Src/sysmem.d" -MT"Src/sysmem.o" --specs=nano.specs -mfloat-abi=soft -mthumb -o "Src/sysmem.o"
../stm32_f103c6_drivers/stm32_f103c6_GPIO_driver.c: In function 'MCAL_GPIO_Init':
../stm32_f103c6_drivers/stm32_f103c6_GPIO_driver.c:69:17: warning: assignment from incompatible pointer type [-Wincompatible-pointer-types]
  configRegister = (PinConfig ->GPIO_PinNumber < GPIO_PIN_8)? &GPIOx->CRL : &GPIOx->CRH;
                 ^
arm-none-eabi-gcc -o "Drivers.elf" @"objects.list"   -mcpu=cortex-m3 -T"D:\full_diploma\ES_Online_Diploma_KS\second-term\unit7\MCU essential peripheral\drivers\Drivers\STM32F103C6TX_FLASH.ld" --specs=nosys.specs -Wl,-Map="Drivers.map" -Wl,--gc-sections -static --specs=nano.specs -mfloat-abi=soft -mthumb -Wl,--start-group -lc -lm -Wl,--end-group
Finished building target: Drivers.elf
 
arm-none-eabi-size   Drivers.elf 
arm-none-eabi-objdump -h -S  Drivers.elf  > "Drivers.list"
arm-none-eabi-objcopy  -O binary  Drivers.elf  "Drivers.bin"
   text	   data	    bss	    dec	    hex	filename
   1368	      8	   1568	   2944	    b80	Drivers.elf
Finished building: default.size.stdout
 
Finished building: Drivers.bin
Finished building: Drivers.list
 
 
21:12:21 **** Incremental Build of configuration Debug for project Drivers ****
make -j8 all 
[...]
In file included from D:/full_diploma/ES_Online_Diploma_KS/second-term/unit7/MCU essential peripheral/lesson4/drivers-1/Drivers/stm32_f103c6_drivers/inc/stm32_f103c6_EXTI_driver.h:16:0,
                 from ../stm32_f103c6_drivers/stm32_f103c6_EXTI_driver.c:10:
../stm32_f103c6_drivers/stm32_f103c6_EXTI_driver.c: In function 'MCAL_EXTI_GPIO_DeInit':
D:/full_diploma/ES_Online_Diploma_KS/second-term/unit7/MCU essential peripheral/lesson4/drivers-1/Drivers/stm32_f103c6_drivers/inc/stm32_f103x6.h:201:65: warning: left shift count >= width of type [-Wshift-count-overflow]
 #define NVIC_IRQ40_EXTI10_15_Disable            (NVIC_ICER1 |= 1<<40)
                                                                 ^
../stm32_f103c6_drivers/stm32_f103c6_EXTI_driver.c:74:4: note: in expansion of macro 'NVIC_IRQ40_EXTI10_15_Disable'
    NVIC_IRQ40_EXTI10_15_Disable;
    ^~~~~~~~~~~~~~~~~~~~~~~~~~~~
../Src/main.c: In function 'main':
../Src/main.c:43:22: warning: variable 'EXTI_CFG' set but not used [-Wunused-but-set-variable]
  EXTI_PinConfig_t    EXTI_CFG;
                      ^~~~~~~~
arm-none-eabi-gcc -o "Drivers.elf" @"objects.list"   -mcpu=cortex-m3 -T"D:\full_diploma\ES_Online_Diploma_KS\second-term\unit7\MCU essential peripheral\lesson4\drivers-1\Drivers\STM32F103C6TX_FLASH.ld" --specs=nosys.specs -Wl,-Map="Drivers.map" -Wl,--gc-sections -static --specs=nano.specs -mfloat-abi=soft -mthumb -Wl,--start-group -lc -lm -Wl,--end-group
Finished building target: Drivers.elf
 
arm-none-eabi-objdump -h -S  Drivers.elf  > "Drivers.list"
arm-none-eabi-objcopy  -O binary  Drivers.elf  "Drivers.bin"
arm-none-eabi-size   Drivers.elf 
   text	   data	    bss	    dec	    hex	filename
    584	      8	   1568	   2160	    870	Drivers.elf
Finished building: default.size.stdout
 
Finished building: Drivers.bin
Finished building: Drivers.list
 
 
14:23:30 **** Incremental Build of configuration Debug for project Drivers ****
make -j8 all 
arm-none-eabi-gcc -gdwarf-2 "../stm32_f103c6_drivers/stm32_f103c6_EXTI_driver.c" -mcpu=cortex-m3 -std=gnu11 -g3 -DSTM32 -DSTM32F1 -DSTM32F103C6Tx -DDEBUG -c -I../Inc -I"D:/full_diploma/ES_Online_Diploma_KS/second-term/unit7/MCU essential peripheral/lesson4/drivers-1/Drivers/stm32_f103c6_drivers/inc" -I"D:/full_diploma/ES_Online_Diploma_KS/second-term/unit7/MCU essential peripheral/lesson4/drivers-1/Drivers/HAL/KEYPAD_DRIVER" -I"D:/full_diploma/ES_Online_Diploma_KS/second-term/unit7/MCU essential peripheral/lesson4/drivers-1/Drivers/HAL/LCD_DRIVER" -O0 -ffunction-sections -fdata-sections -Wall -fstack-usage -MMD -MP -MF"stm32_f103c6_drivers/stm32_f103c6_EXTI_driver.d" -MT"stm32_f103c6_drivers/stm32_f103c6_EXTI_driver.o" --specs=nano.specs -mfloat-abi=soft -mthumb -o "stm32_f103c6_drivers/stm32_f103c6_EXTI_driver.o"
arm-none-eabi-gcc -gdwarf-2 "../stm32_f103c6_drivers/stm32_f103c6_GPIO_driver.c" -mcpu=cortex-m3 -std=gnu11 -g3 -DSTM32 -DSTM32F1 -DSTM32F103C6Tx -DDEBUG -c -I../Inc -I"D:/full_diploma/ES_Online_Diploma_KS/second-term/unit7/MCU essential peripheral/lesson4/drivers-1/Drivers/stm32_f103c6_drivers/inc" -I"D:/full_diploma/ES_Online_Diploma_KS/second-term/unit7/MCU essential peripheral/lesson4/drivers-1/Drivers/HAL/KEYPAD_DRIVER" -I"D:/full_diploma/ES_Online_Diploma_KS/second-term/unit7/MCU essential peripheral/lesson4/drivers-1/Drivers/HAL/LCD_DRIVER" -O0 -ffunction-sections -fdata-sections -Wall -fstack-usage -MMD -MP -MF"stm32_f103c6_drivers/stm32_f103c6_GPIO_driver.d" -MT"stm32_f103c6_drivers/stm32_f103c6_GPIO_driver.o" --specs=nano.specs -mfloat-abi=soft -mthumb -o "stm32_f103c6_drivers/stm32_f103c6_GPIO_driver.o"
arm-none-eabi-gcc -gdwarf-2 "../Src/main.c" -mcpu=cortex-m3 -std=gnu11 -g3 -DSTM32 -DSTM32F1 -DSTM32F103C6Tx -DDEBUG -c -I../Inc -I"D:/full_diploma/ES_Online_Diploma_KS/second-term/unit7/MCU essential peripheral/lesson4/drivers-1/Drivers/stm32_f103c6_drivers/inc" -I"D:/full_diploma/ES_Online_Diploma_KS/second-term/unit7/MCU essential peripheral/lesson4/drivers-1/Drivers/HAL/KEYPAD_DRIVER" -I"D:/full_diploma/ES_Online_Diploma_KS/second-term/unit7/MCU essential peripheral/lesson4/drivers-1/Drivers/HAL/LCD_DRIVER" -O0 -ffunction-sections -fdata-sections -Wall -fstack-usage -MMD -MP -MF"Src/main.d" -MT"Src/main.o" --specs=nano.specs -mfloat-abi=soft -mthumb -o "Src/main.o"
arm-none-eabi-gcc -gdwarf-2 "../HAL/LCD_DRIVER/lcd.c" -mcpu=cortex-m3 -std=gnu11 -g3 -DSTM32 -DSTM32F1 -DSTM32F103C6Tx -DDEBUG -c -I../Inc -I"D:/full_diploma/ES_Online_Diploma_KS/second-term/unit7/MCU essential peripheral/lesson4/drivers-1/Drivers/stm32_f103c6_drivers/inc" -I"D:/full_diploma/ES_Online_Diploma_KS/second-term/unit7/MCU essential peripheral/lesson4/drivers-1/Drivers/HAL/KEYPAD_DRIVER" -I"D:/full_diploma/ES_Online_Diploma_KS/second-term/unit7/MCU essential peripheral/lesson4/drivers-1/Drivers/HAL/LCD_DRIVER" -O0 -ffunction-sections -fdata-sections -Wall -fstack-usage -MMD -MP -MF"HAL/LCD_DRIVER/lcd.d" -MT"HAL/LCD_DRIVER/lcd.o" --specs=nano.specs -mfloat-abi=soft -mthumb -o "HAL/LCD_DRIVER/lcd.o"
arm-none-eabi-gcc -gdwarf-2 "../HAL/KEYPAD_DRIVER/keypad.c" -mcpu=cortex-m3 -std=gnu11 -g3 -DSTM32 -DSTM32F1 -DSTM32F103C6Tx -DDEBUG -c -I../Inc -I"D:/full_diploma/ES_Online_Diploma_KS/second-term/unit7/MCU essential peripheral/lesson4/drivers-1/Drivers/stm32_f103c6_drivers/inc" -I"D:/full_diploma/ES_Online_Diploma_KS/second-term/unit7/MCU essential peripheral/lesson4/drivers-1/Drivers/HAL/KEYPAD_DRIVER" -I"D:/full_diploma/ES_Online_Diploma_KS/second-term/unit7/MCU essential peripheral/lesson4/drivers-1/Drivers/HAL/LCD_DRIVER" -O0 -ffunction-sections -fdata-sections -Wall -fstack-usage -MMD -MP -MF"HAL/KEYPAD_DRIVER/keypad.d" -MT"HAL/KEYPAD_DRIVER/keypad.o" --specs=nano.specs -mfloat-abi=soft -mthumb -o "HAL/KEYPAD_DRIVER/keypad.o"
In file included from D:/full_diploma/ES_Online_Diploma_KS/second-term/unit7/MCU essential peripheral/lesson4/drivers-1/Drivers/stm32_f103c6_drivers/inc/stm32_f103c6_EXTI_driver.h:16:0,
                 from ../stm32_f103c6_drivers/stm32_f103c6_EXTI_driver.c:10:
../stm32_f103c6_drivers/stm32_f103c6_EXTI_driver.c: In function 'MCAL_EXTI_GPIO_DeInit':
D:/full_diploma/ES_Online_Diploma_KS/second-term/unit7/MCU essential peripheral/lesson4/drivers-1/Drivers/stm32_f103c6_drivers/inc/stm32_f103x6.h:198:65: warning: left shift count >= width of type [-Wshift-count-overflow]
 #define NVIC_IRQ40_EXTI10_15_Disable            (NVIC_ICER1 |= 1<<40)
                                                                 ^
../stm32_f103c6_drivers/stm32_f103c6_EXTI_driver.c:85:4: note: in expansion of macro 'NVIC_IRQ40_EXTI10_15_Disable'
    NVIC_IRQ40_EXTI10_15_Disable;
    ^~~~~~~~~~~~~~~~~~~~~~~~~~~~
../Src/main.c: In function 'main':
../Src/main.c:43:22: warning: variable 'EXTI_CFG' set but not used [-Wunused-but-set-variable]
  EXTI_PinConfig_t    EXTI_CFG;
                      ^~~~~~~~
arm-none-eabi-gcc -o "Drivers.elf" @"objects.list"   -mcpu=cortex-m3 -T"D:\full_diploma\ES_Online_Diploma_KS\second-term\unit7\MCU essential peripheral\lesson4\drivers-1\Drivers\STM32F103C6TX_FLASH.ld" --specs=nosys.specs -Wl,-Map="Drivers.map" -Wl,--gc-sections -static --specs=nano.specs -mfloat-abi=soft -mthumb -Wl,--start-group -lc -lm -Wl,--end-group
Finished building target: Drivers.elf
 
arm-none-eabi-objdump -h -S  Drivers.elf  > "Drivers.list"
arm-none-eabi-objcopy  -O binary  Drivers.elf  "Drivers.bin"
arm-none-eabi-size   Drivers.elf 
   text	   data	    bss	    dec	    hex	filename
    584	      8	   1568	   2160	    870	Drivers.elf
Finished building: default.size.stdout
 
Finished building: Drivers.list
 
Finished building: Drivers.bin
 
14:36:36 **** Incremental Build of configuration Debug for project Drivers ****
make -j8 all 
arm-none-eabi-gcc -gdwarf-2 "../stm32_f103c6_drivers/stm32_f103c6_EXTI_driver.c" -mcpu=cortex-m3 -std=gnu11 -g3 -DSTM32 -DSTM32F1 -DSTM32F103C6Tx -DDEBUG -c -I../Inc -I"D:/full_diploma/ES_Online_Diploma_KS/second-term/unit7/MCU essential peripheral/lesson4/drivers-1/Drivers/stm32_f103c6_drivers/inc" -I"D:/full_diploma/ES_Online_Diploma_KS/second-term/unit7/MCU essential peripheral/lesson4/drivers-1/Drivers/HAL/KEYPAD_DRIVER" -I"D:/full_diploma/ES_Online_Diploma_KS/second-term/unit7/MCU essential peripheral/lesson4/drivers-1/Drivers/HAL/LCD_DRIVER" -O0 -ffunction-sections -fdata-sections -Wall -fstack-usage -MMD -MP -MF"stm32_f103c6_drivers/stm32_f103c6_EXTI_driver.d" -MT"stm32_f103c6_drivers/stm32_f103c6_EXTI_driver.o" --specs=nano.specs -mfloat-abi=soft -mthumb -o "stm32_f103c6_drivers/stm32_f103c6_EXTI_driver.o"
In file included from D:/full_diploma/ES_Online_Diploma_KS/second-term/unit7/MCU essential peripheral/lesson4/drivers-1/Drivers/stm32_f103c6_drivers/inc/stm32_f103c6_EXTI_driver.h:16:0,
                 from ../stm32_f103c6_drivers/stm32_f103c6_EXTI_driver.c:10:
../stm32_f103c6_drivers/stm32_f103c6_EXTI_driver.c: In function 'MCAL_EXTI_GPIO_DeInit':
D:/full_diploma/ES_Online_Diploma_KS/second-term/unit7/MCU essential peripheral/lesson4/drivers-1/Drivers/stm32_f103c6_drivers/inc/stm32_f103x6.h:198:65: warning: left shift count >= width of type [-Wshift-count-overflow]
 #define NVIC_IRQ40_EXTI10_15_Disable            (NVIC_ICER1 |= 1<<40)
                                                                 ^
../stm32_f103c6_drivers/stm32_f103c6_EXTI_driver.c:114:4: note: in expansion of macro 'NVIC_IRQ40_EXTI10_15_Disable'
    NVIC_IRQ40_EXTI10_15_Disable;
    ^~~~~~~~~~~~~~~~~~~~~~~~~~~~
arm-none-eabi-gcc -o "Drivers.elf" @"objects.list"   -mcpu=cortex-m3 -T"D:\full_diploma\ES_Online_Diploma_KS\second-term\unit7\MCU essential peripheral\lesson4\drivers-1\Drivers\STM32F103C6TX_FLASH.ld" --specs=nosys.specs -Wl,-Map="Drivers.map" -Wl,--gc-sections -static --specs=nano.specs -mfloat-abi=soft -mthumb -Wl,--start-group -lc -lm -Wl,--end-group
Finished building target: Drivers.elf
 
arm-none-eabi-objdump -h -S  Drivers.elf  > "Drivers.list"
arm-none-eabi-objcopy  -O binary  Drivers.elf  "Drivers.bin"
arm-none-eabi-size   Drivers.elf 
   text	   data	    bss	    dec	    hex	filename
    584	      8	   1568	   2160	    870	Drivers.elf
Finished building: default.size.stdout
 
Finished building: Drivers.bin
 
Finished building: Drivers.list
 
17:08:14 **** Incremental Build of configuration Debug for project Drivers ****
make -j8 all 
arm-none-eabi-gcc -gdwarf-2 "../stm32_f103c6_drivers/stm32_f103c6_EXTI_driver.c" -mcpu=cortex-m3 -std=gnu11 -g3 -DSTM32 -DSTM32F1 -DSTM32F103C6Tx -DDEBUG -c -I../Inc -I"D:/full_diploma/ES_Online_Diploma_KS/second-term/unit7/MCU essential peripheral/lesson4/drivers-1/Drivers/stm32_f103c6_drivers/inc" -I"D:/full_diploma/ES_Online_Diploma_KS/second-term/unit7/MCU essential peripheral/lesson4/drivers-1/Drivers/HAL/KEYPAD_DRIVER" -I"D:/full_diploma/ES_Online_Diploma_KS/second-term/unit7/MCU essential peripheral/lesson4/drivers-1/Drivers/HAL/LCD_DRIVER" -O0 -ffunction-sections -fdata-sections -Wall -fstack-usage -MMD -MP -MF"stm32_f103c6_drivers/stm32_f103c6_EXTI_driver.d" -MT"stm32_f103c6_drivers/stm32_f103c6_EXTI_driver.o" --specs=nano.specs -mfloat-abi=soft -mthumb -o "stm32_f103c6_drivers/stm32_f103c6_EXTI_driver.o"
In file included from D:/full_diploma/ES_Online_Diploma_KS/second-term/unit7/MCU essential peripheral/lesson4/drivers-1/Drivers/stm32_f103c6_drivers/inc/stm32_f103c6_EXTI_driver.h:16:0,
                 from ../stm32_f103c6_drivers/stm32_f103c6_EXTI_driver.c:10:
../stm32_f103c6_drivers/stm32_f103c6_EXTI_driver.c: In function 'Enable_NVIC':
D:/full_diploma/ES_Online_Diploma_KS/second-term/unit7/MCU essential peripheral/lesson4/drivers-1/Drivers/stm32_f103c6_drivers/inc/stm32_f103x6.h:189:65: warning: left shift count >= width of type [-Wshift-count-overflow]
 #define NVIC_IRQ40_EXTI10_15_Enable             (NVIC_ISER1 |= 1<<40)
                                                                 ^
../stm32_f103c6_drivers/stm32_f103c6_EXTI_driver.c:78:6: note: in expansion of macro 'NVIC_IRQ40_EXTI10_15_Enable'
      NVIC_IRQ40_EXTI10_15_Enable;
      ^~~~~~~~~~~~~~~~~~~~~~~~~~~
../stm32_f103c6_drivers/stm32_f103c6_EXTI_driver.c: In function 'Disable_NVIC':
D:/full_diploma/ES_Online_Diploma_KS/second-term/unit7/MCU essential peripheral/lesson4/drivers-1/Drivers/stm32_f103c6_drivers/inc/stm32_f103x6.h:198:65: warning: left shift count >= width of type [-Wshift-count-overflow]
 #define NVIC_IRQ40_EXTI10_15_Disable            (NVIC_ICER1 |= 1<<40)
                                                                 ^
../stm32_f103c6_drivers/stm32_f103c6_EXTI_driver.c:122:6: note: in expansion of macro 'NVIC_IRQ40_EXTI10_15_Disable'
      NVIC_IRQ40_EXTI10_15_Disable;
      ^~~~~~~~~~~~~~~~~~~~~~~~~~~~
../stm32_f103c6_drivers/stm32_f103c6_EXTI_driver.c: In function 'MCAL_EXTI_GPIO_DeInit':
D:/full_diploma/ES_Online_Diploma_KS/second-term/unit7/MCU essential peripheral/lesson4/drivers-1/Drivers/stm32_f103c6_drivers/inc/stm32_f103x6.h:198:65: warning: left shift count >= width of type [-Wshift-count-overflow]
 #define NVIC_IRQ40_EXTI10_15_Disable            (NVIC_ICER1 |= 1<<40)
                                                                 ^
../stm32_f103c6_drivers/stm32_f103c6_EXTI_driver.c:217:4: note: in expansion of macro 'NVIC_IRQ40_EXTI10_15_Disable'
    NVIC_IRQ40_EXTI10_15_Disable;
    ^~~~~~~~~~~~~~~~~~~~~~~~~~~~
arm-none-eabi-gcc -o "Drivers.elf" @"objects.list"   -mcpu=cortex-m3 -T"D:\full_diploma\ES_Online_Diploma_KS\second-term\unit7\MCU essential peripheral\lesson4\drivers-1\Drivers\STM32F103C6TX_FLASH.ld" --specs=nosys.specs -Wl,-Map="Drivers.map" -Wl,--gc-sections -static --specs=nano.specs -mfloat-abi=soft -mthumb -Wl,--start-group -lc -lm -Wl,--end-group
Finished building target: Drivers.elf
 
arm-none-eabi-objdump -h -S  Drivers.elf  > "Drivers.list"
arm-none-eabi-objcopy  -O binary  Drivers.elf  "Drivers.bin"
arm-none-eabi-size   Drivers.elf 
   text	   data	    bss	    dec	    hex	filename
   1128	      8	   1624	   2760	    ac8	Drivers.elf
Finished building: default.size.stdout
 
Finished building: Drivers.bin
 
Finished building: Drivers.list
 
17:22:40 **** Incremental Build of configuration Debug for project Drivers ****
make -j8 all 
arm-none-eabi-gcc -gdwarf-2 "../stm32_f103c6_drivers/stm32_f103c6_EXTI_driver.c" -mcpu=cortex-m3 -std=gnu11 -g3 -DSTM32 -DSTM32F1 -DSTM32F103C6Tx -DDEBUG -c -I../Inc -I"D:/full_diploma/ES_Online_Diploma_KS/second-term/unit7/MCU essential peripheral/lesson4/drivers-1/Drivers/stm32_f103c6_drivers/inc" -I"D:/full_diploma/ES_Online_Diploma_KS/second-term/unit7/MCU essential peripheral/lesson4/drivers-1/Drivers/HAL/KEYPAD_DRIVER" -I"D:/full_diploma/ES_Online_Diploma_KS/second-term/unit7/MCU essential peripheral/lesson4/drivers-1/Drivers/HAL/LCD_DRIVER" -O0 -ffunction-sections -fdata-sections -Wall -fstack-usage -MMD -MP -MF"stm32_f103c6_drivers/stm32_f103c6_EXTI_driver.d" -MT"stm32_f103c6_drivers/stm32_f103c6_EXTI_driver.o" --specs=nano.specs -mfloat-abi=soft -mthumb -o "stm32_f103c6_drivers/stm32_f103c6_EXTI_driver.o"
arm-none-eabi-gcc -gdwarf-2 "../Src/main.c" -mcpu=cortex-m3 -std=gnu11 -g3 -DSTM32 -DSTM32F1 -DSTM32F103C6Tx -DDEBUG -c -I../Inc -I"D:/full_diploma/ES_Online_Diploma_KS/second-term/unit7/MCU essential peripheral/lesson4/drivers-1/Drivers/stm32_f103c6_drivers/inc" -I"D:/full_diploma/ES_Online_Diploma_KS/second-term/unit7/MCU essential peripheral/lesson4/drivers-1/Drivers/HAL/KEYPAD_DRIVER" -I"D:/full_diploma/ES_Online_Diploma_KS/second-term/unit7/MCU essential peripheral/lesson4/drivers-1/Drivers/HAL/LCD_DRIVER" -O0 -ffunction-sections -fdata-sections -Wall -fstack-usage -MMD -MP -MF"Src/main.d" -MT"Src/main.o" --specs=nano.specs -mfloat-abi=soft -mthumb -o "Src/main.o"
In file included from D:/full_diploma/ES_Online_Diploma_KS/second-term/unit7/MCU essential peripheral/lesson4/drivers-1/Drivers/stm32_f103c6_drivers/inc/stm32_f103c6_EXTI_driver.h:16:0,
                 from ../stm32_f103c6_drivers/stm32_f103c6_EXTI_driver.c:10:
../stm32_f103c6_drivers/stm32_f103c6_EXTI_driver.c: In function 'Enable_NVIC':
D:/full_diploma/ES_Online_Diploma_KS/second-term/unit7/MCU essential peripheral/lesson4/drivers-1/Drivers/stm32_f103c6_drivers/inc/stm32_f103x6.h:189:65: warning: left shift count >= width of type [-Wshift-count-overflow]
 #define NVIC_IRQ40_EXTI10_15_Enable             (NVIC_ISER1 |= 1<<40)
                                                                 ^
../stm32_f103c6_drivers/stm32_f103c6_EXTI_driver.c:78:6: note: in expansion of macro 'NVIC_IRQ40_EXTI10_15_Enable'
      NVIC_IRQ40_EXTI10_15_Enable;
      ^~~~~~~~~~~~~~~~~~~~~~~~~~~
../stm32_f103c6_drivers/stm32_f103c6_EXTI_driver.c: In function 'Disable_NVIC':
D:/full_diploma/ES_Online_Diploma_KS/second-term/unit7/MCU essential peripheral/lesson4/drivers-1/Drivers/stm32_f103c6_drivers/inc/stm32_f103x6.h:198:65: warning: left shift count >= width of type [-Wshift-count-overflow]
 #define NVIC_IRQ40_EXTI10_15_Disable            (NVIC_ICER1 |= 1<<40)
                                                                 ^
../stm32_f103c6_drivers/stm32_f103c6_EXTI_driver.c:122:6: note: in expansion of macro 'NVIC_IRQ40_EXTI10_15_Disable'
      NVIC_IRQ40_EXTI10_15_Disable;
      ^~~~~~~~~~~~~~~~~~~~~~~~~~~~
../stm32_f103c6_drivers/stm32_f103c6_EXTI_driver.c: In function 'MCAL_EXTI_GPIO_DeInit':
D:/full_diploma/ES_Online_Diploma_KS/second-term/unit7/MCU essential peripheral/lesson4/drivers-1/Drivers/stm32_f103c6_drivers/inc/stm32_f103x6.h:198:65: warning: left shift count >= width of type [-Wshift-count-overflow]
 #define NVIC_IRQ40_EXTI10_15_Disable            (NVIC_ICER1 |= 1<<40)
                                                                 ^
../stm32_f103c6_drivers/stm32_f103c6_EXTI_driver.c:217:4: note: in expansion of macro 'NVIC_IRQ40_EXTI10_15_Disable'
    NVIC_IRQ40_EXTI10_15_Disable;
    ^~~~~~~~~~~~~~~~~~~~~~~~~~~~
../Src/main.c: In function 'main':
../Src/main.c:62:26: error: void value not ignored as it ought to be
  EXTI_CFG.p_IRQ_CallBack = EXTI9_callback();
                          ^
make: *** [Src/subdir.mk:24: Src/main.o] Error 1
make: *** Waiting for unfinished jobs....
"make -j8 all" terminated with exit code 2. Build might be incomplete.
17:23:47 **** Incremental Build of configuration Debug for project Drivers ****
make -j8 all 
arm-none-eabi-gcc -gdwarf-2 "../Src/main.c" -mcpu=cortex-m3 -std=gnu11 -g3 -DSTM32 -DSTM32F1 -DSTM32F103C6Tx -DDEBUG -c -I../Inc -I"D:/full_diploma/ES_Online_Diploma_KS/second-term/unit7/MCU essential peripheral/lesson4/drivers-1/Drivers/stm32_f103c6_drivers/inc" -I"D:/full_diploma/ES_Online_Diploma_KS/second-term/unit7/MCU essential peripheral/lesson4/drivers-1/Drivers/HAL/KEYPAD_DRIVER" -I"D:/full_diploma/ES_Online_Diploma_KS/second-term/unit7/MCU essential peripheral/lesson4/drivers-1/Drivers/HAL/LCD_DRIVER" -O0 -ffunction-sections -fdata-sections -Wall -fstack-usage -MMD -MP -MF"Src/main.d" -MT"Src/main.o" --specs=nano.specs -mfloat-abi=soft -mthumb -o "Src/main.o"
arm-none-eabi-gcc -o "Drivers.elf" @"objects.list"   -mcpu=cortex-m3 -T"D:\full_diploma\ES_Online_Diploma_KS\second-term\unit7\MCU essential peripheral\lesson4\drivers-1\Drivers\STM32F103C6TX_FLASH.ld" --specs=nosys.specs -Wl,-Map="Drivers.map" -Wl,--gc-sections -static --specs=nano.specs -mfloat-abi=soft -mthumb -Wl,--start-group -lc -lm -Wl,--end-group
Finished building target: Drivers.elf
 
arm-none-eabi-objdump -h -S  Drivers.elf  > "Drivers.list"
arm-none-eabi-objcopy  -O binary  Drivers.elf  "Drivers.bin"
arm-none-eabi-size   Drivers.elf 
   text	   data	    bss	    dec	    hex	filename
   3576	      8	   1632	   5216	   1460	Drivers.elf
Finished building: default.size.stdout
 
Finished building: Drivers.bin
 
Finished building: Drivers.list
 
21:05:58 **** Incremental Build of configuration Debug for project Drivers ****
make -j8 all 
arm-none-eabi-size   Drivers.elf 
   text	   data	    bss	    dec	    hex	filename
   3576	      8	   1632	   5216	   1460	Drivers.elf
Finished building: default.size.stdout
 
